Testing perturb_train
---------- Running Epoch 0 ----------
Layer 0:
	Neuron 0:
		0: 0.59141
		1: 0.97678
	Neuron 1:
		0: 0.85874
		1: 0.45534
Layer 1:
	Neuron 0:
		0: 0.93092
		1: 0.87460
0	expected: 1	found: 0
Initial Loss: 0.00373
---------- Running Epoch 1 ----------
Layer 0:
	Neuron 0:
		0: 0.59241
		1: 0.97778
	Neuron 1:
		0: 0.85974
		1: 0.45634
Layer 1:
	Neuron 0:
		0: 0.93192
		1: 0.87560
0	expected: 1	found: 0
Initial Loss: 0.00372
---------- Running Epoch 2 ----------
Layer 0:
	Neuron 0:
		0: 0.59341
		1: 0.97878
	Neuron 1:
		0: 0.86074
		1: 0.45734
Layer 1:
	Neuron 0:
		0: 0.93292
		1: 0.87660
0	expected: 1	found: 0
Initial Loss: 0.00370
---------- Running Epoch 3 ----------
Layer 0:
	Neuron 0:
		0: 0.59441
		1: 0.97978
	Neuron 1:
		0: 0.86174
		1: 0.45834
Layer 1:
	Neuron 0:
		0: 0.93392
		1: 0.87760
0	expected: 1	found: 0
Initial Loss: 0.00369
---------- Running Epoch 4 ----------
Layer 0:
	Neuron 0:
		0: 0.59541
		1: 0.98078
	Neuron 1:
		0: 0.86274
		1: 0.45934
Layer 1:
	Neuron 0:
		0: 0.93492
		1: 0.87860
0	expected: 1	found: 0
Initial Loss: 0.00367
---------- Running Epoch 5 ----------
Layer 0:
	Neuron 0:
		0: 0.59641
		1: 0.98178
	Neuron 1:
		0: 0.86374
		1: 0.46034
Layer 1:
	Neuron 0:
		0: 0.93592
		1: 0.87960
0	expected: 1	found: 0
Initial Loss: 0.00366
---------- Running Epoch 6 ----------
Layer 0:
	Neuron 0:
		0: 0.59741
		1: 0.98278
	Neuron 1:
		0: 0.86474
		1: 0.46134
Layer 1:
	Neuron 0:
		0: 0.93692
		1: 0.88060
0	expected: 1	found: 0
Initial Loss: 0.00364
---------- Running Epoch 7 ----------
Layer 0:
	Neuron 0:
		0: 0.59841
		1: 0.98378
	Neuron 1:
		0: 0.86574
		1: 0.46234
Layer 1:
	Neuron 0:
		0: 0.93792
		1: 0.88160
0	expected: 1	found: 0
Initial Loss: 0.00363
---------- Running Epoch 8 ----------
Layer 0:
	Neuron 0:
		0: 0.59941
		1: 0.98478
	Neuron 1:
		0: 0.86674
		1: 0.46334
Layer 1:
	Neuron 0:
		0: 0.93892
		1: 0.88260
0	expected: 1	found: 0
Initial Loss: 0.00361
---------- Running Epoch 9 ----------
Layer 0:
	Neuron 0:
		0: 0.60041
		1: 0.98578
	Neuron 1:
		0: 0.86774
		1: 0.46434
Layer 1:
	Neuron 0:
		0: 0.93992
		1: 0.88360
0	expected: 1	found: 0
Initial Loss: 0.00360
---------- Running Epoch 10 ----------
Layer 0:
	Neuron 0:
		0: 0.60141
		1: 0.98678
	Neuron 1:
		0: 0.86874
		1: 0.46534
Layer 1:
	Neuron 0:
		0: 0.94092
		1: 0.88460
0	expected: 1	found: 0
Initial Loss: 0.00359
---------- Running Epoch 11 ----------
Layer 0:
	Neuron 0:
		0: 0.60241
		1: 0.98778
	Neuron 1:
		0: 0.86974
		1: 0.46634
Layer 1:
	Neuron 0:
		0: 0.94192
		1: 0.88560
0	expected: 1	found: 0
Initial Loss: 0.00357
---------- Running Epoch 12 ----------
Layer 0:
	Neuron 0:
		0: 0.60341
		1: 0.98878
	Neuron 1:
		0: 0.87074
		1: 0.46734
Layer 1:
	Neuron 0:
		0: 0.94292
		1: 0.88660
0	expected: 1	found: 0
Initial Loss: 0.00356
---------- Running Epoch 13 ----------
Layer 0:
	Neuron 0:
		0: 0.60441
		1: 0.98978
	Neuron 1:
		0: 0.87174
		1: 0.46834
Layer 1:
	Neuron 0:
		0: 0.94392
		1: 0.88760
0	expected: 1	found: 0
Initial Loss: 0.00354
---------- Running Epoch 14 ----------
Layer 0:
	Neuron 0:
		0: 0.60541
		1: 0.99078
	Neuron 1:
		0: 0.87274
		1: 0.46934
Layer 1:
	Neuron 0:
		0: 0.94492
		1: 0.88860
0	expected: 1	found: 0
Initial Loss: 0.00353
---------- Running Epoch 15 ----------
Layer 0:
	Neuron 0:
		0: 0.60641
		1: 0.99178
	Neuron 1:
		0: 0.87374
		1: 0.47034
Layer 1:
	Neuron 0:
		0: 0.94592
		1: 0.88960
0	expected: 1	found: 0
Initial Loss: 0.00351
---------- Running Epoch 16 ----------
Layer 0:
	Neuron 0:
		0: 0.60741
		1: 0.99278
	Neuron 1:
		0: 0.87474
		1: 0.47134
Layer 1:
	Neuron 0:
		0: 0.94692
		1: 0.89060
0	expected: 1	found: 0
Initial Loss: 0.00350
---------- Running Epoch 17 ----------
Layer 0:
	Neuron 0:
		0: 0.60841
		1: 0.99378
	Neuron 1:
		0: 0.87574
		1: 0.47234
Layer 1:
	Neuron 0:
		0: 0.94792
		1: 0.89160
0	expected: 1	found: 0
Initial Loss: 0.00349
---------- Running Epoch 18 ----------
Layer 0:
	Neuron 0:
		0: 0.60941
		1: 0.99478
	Neuron 1:
		0: 0.87674
		1: 0.47334
Layer 1:
	Neuron 0:
		0: 0.94892
		1: 0.89260
0	expected: 1	found: 0
Initial Loss: 0.00347
---------- Running Epoch 19 ----------
Layer 0:
	Neuron 0:
		0: 0.61041
		1: 0.99578
	Neuron 1:
		0: 0.87774
		1: 0.47434
Layer 1:
	Neuron 0:
		0: 0.94992
		1: 0.89360
0	expected: 1	found: 0
Initial Loss: 0.00346
---------- Running Epoch 20 ----------
Layer 0:
	Neuron 0:
		0: 0.61141
		1: 0.99678
	Neuron 1:
		0: 0.87874
		1: 0.47534
Layer 1:
	Neuron 0:
		0: 0.95092
		1: 0.89460
0	expected: 1	found: 0
Initial Loss: 0.00344
---------- Running Epoch 21 ----------
Layer 0:
	Neuron 0:
		0: 0.61241
		1: 0.99778
	Neuron 1:
		0: 0.87974
		1: 0.47634
Layer 1:
	Neuron 0:
		0: 0.95192
		1: 0.89560
0	expected: 1	found: 0
Initial Loss: 0.00343
---------- Running Epoch 22 ----------
Layer 0:
	Neuron 0:
		0: 0.61341
		1: 0.99878
	Neuron 1:
		0: 0.88074
		1: 0.47734
Layer 1:
	Neuron 0:
		0: 0.95292
		1: 0.89660
0	expected: 1	found: 0
Initial Loss: 0.00342
---------- Running Epoch 23 ----------
Layer 0:
	Neuron 0:
		0: 0.61441
		1: 0.99978
	Neuron 1:
		0: 0.88174
		1: 0.47834
Layer 1:
	Neuron 0:
		0: 0.95392
		1: 0.89760
0	expected: 1	found: 0
Initial Loss: 0.00340
---------- Running Epoch 24 ----------
Layer 0:
	Neuron 0:
		0: 0.61541
		1: 1.00078
	Neuron 1:
		0: 0.88274
		1: 0.47934
Layer 1:
	Neuron 0:
		0: 0.95492
		1: 0.89860
0	expected: 1	found: 0
Initial Loss: 0.00339
---------- Running Epoch 25 ----------
Layer 0:
	Neuron 0:
		0: 0.61641
		1: 1.00178
	Neuron 1:
		0: 0.88374
		1: 0.48034
Layer 1:
	Neuron 0:
		0: 0.95592
		1: 0.89960
0	expected: 1	found: 0
Initial Loss: 0.00338
---------- Running Epoch 26 ----------
Layer 0:
	Neuron 0:
		0: 0.61741
		1: 1.00278
	Neuron 1:
		0: 0.88474
		1: 0.48134
Layer 1:
	Neuron 0:
		0: 0.95692
		1: 0.90060
0	expected: 1	found: 0
Initial Loss: 0.00336
---------- Running Epoch 27 ----------
Layer 0:
	Neuron 0:
		0: 0.61841
		1: 1.00378
	Neuron 1:
		0: 0.88574
		1: 0.48234
Layer 1:
	Neuron 0:
		0: 0.95792
		1: 0.90160
0	expected: 1	found: 0
Initial Loss: 0.00335
---------- Running Epoch 28 ----------
Layer 0:
	Neuron 0:
		0: 0.61941
		1: 1.00478
	Neuron 1:
		0: 0.88674
		1: 0.48334
Layer 1:
	Neuron 0:
		0: 0.95892
		1: 0.90260
0	expected: 1	found: 0
Initial Loss: 0.00334
---------- Running Epoch 29 ----------
Layer 0:
	Neuron 0:
		0: 0.62041
		1: 1.00578
	Neuron 1:
		0: 0.88774
		1: 0.48434
Layer 1:
	Neuron 0:
		0: 0.95992
		1: 0.90360
0	expected: 1	found: 0
Initial Loss: 0.00332
---------- Running Epoch 30 ----------
Layer 0:
	Neuron 0:
		0: 0.62141
		1: 1.00678
	Neuron 1:
		0: 0.88874
		1: 0.48534
Layer 1:
	Neuron 0:
		0: 0.96092
		1: 0.90460
0	expected: 1	found: 0
Initial Loss: 0.00331
---------- Running Epoch 31 ----------
Layer 0:
	Neuron 0:
		0: 0.62241
		1: 1.00778
	Neuron 1:
		0: 0.88974
		1: 0.48634
Layer 1:
	Neuron 0:
		0: 0.96192
		1: 0.90560
0	expected: 1	found: 0
Initial Loss: 0.00330
---------- Running Epoch 32 ----------
Layer 0:
	Neuron 0:
		0: 0.62341
		1: 1.00878
	Neuron 1:
		0: 0.89074
		1: 0.48734
Layer 1:
	Neuron 0:
		0: 0.96292
		1: 0.90660
0	expected: 1	found: 0
Initial Loss: 0.00328
---------- Running Epoch 33 ----------
Layer 0:
	Neuron 0:
		0: 0.62441
		1: 1.00978
	Neuron 1:
		0: 0.89174
		1: 0.48834
Layer 1:
	Neuron 0:
		0: 0.96392
		1: 0.90760
0	expected: 1	found: 0
Initial Loss: 0.00327
---------- Running Epoch 34 ----------
Layer 0:
	Neuron 0:
		0: 0.62541
		1: 1.01078
	Neuron 1:
		0: 0.89274
		1: 0.48934
Layer 1:
	Neuron 0:
		0: 0.96492
		1: 0.90860
0	expected: 1	found: 0
Initial Loss: 0.00326
---------- Running Epoch 35 ----------
Layer 0:
	Neuron 0:
		0: 0.62641
		1: 1.01178
	Neuron 1:
		0: 0.89374
		1: 0.49034
Layer 1:
	Neuron 0:
		0: 0.96592
		1: 0.90960
0	expected: 1	found: 0
Initial Loss: 0.00324
---------- Running Epoch 36 ----------
Layer 0:
	Neuron 0:
		0: 0.62741
		1: 1.01278
	Neuron 1:
		0: 0.89474
		1: 0.49134
Layer 1:
	Neuron 0:
		0: 0.96692
		1: 0.91060
0	expected: 1	found: 0
Initial Loss: 0.00323
---------- Running Epoch 37 ----------
Layer 0:
	Neuron 0:
		0: 0.62841
		1: 1.01378
	Neuron 1:
		0: 0.89574
		1: 0.49234
Layer 1:
	Neuron 0:
		0: 0.96792
		1: 0.91160
0	expected: 1	found: 0
Initial Loss: 0.00322
---------- Running Epoch 38 ----------
Layer 0:
	Neuron 0:
		0: 0.62941
		1: 1.01478
	Neuron 1:
		0: 0.89674
		1: 0.49334
Layer 1:
	Neuron 0:
		0: 0.96892
		1: 0.91260
0	expected: 1	found: 0
Initial Loss: 0.00320
---------- Running Epoch 39 ----------
Layer 0:
	Neuron 0:
		0: 0.63041
		1: 1.01578
	Neuron 1:
		0: 0.89774
		1: 0.49434
Layer 1:
	Neuron 0:
		0: 0.96992
		1: 0.91360
0	expected: 1	found: 0
Initial Loss: 0.00319
---------- Running Epoch 40 ----------
Layer 0:
	Neuron 0:
		0: 0.63141
		1: 1.01678
	Neuron 1:
		0: 0.89874
		1: 0.49534
Layer 1:
	Neuron 0:
		0: 0.97092
		1: 0.91460
0	expected: 1	found: 0
Initial Loss: 0.00318
---------- Running Epoch 41 ----------
Layer 0:
	Neuron 0:
		0: 0.63241
		1: 1.01778
	Neuron 1:
		0: 0.89974
		1: 0.49634
Layer 1:
	Neuron 0:
		0: 0.97192
		1: 0.91560
0	expected: 1	found: 0
Initial Loss: 0.00317
---------- Running Epoch 42 ----------
Layer 0:
	Neuron 0:
		0: 0.63341
		1: 1.01878
	Neuron 1:
		0: 0.90074
		1: 0.49734
Layer 1:
	Neuron 0:
		0: 0.97292
		1: 0.91660
0	expected: 1	found: 0
Initial Loss: 0.00315
---------- Running Epoch 43 ----------
Layer 0:
	Neuron 0:
		0: 0.63441
		1: 1.01978
	Neuron 1:
		0: 0.90174
		1: 0.49834
Layer 1:
	Neuron 0:
		0: 0.97392
		1: 0.91760
0	expected: 1	found: 0
Initial Loss: 0.00314
---------- Running Epoch 44 ----------
Layer 0:
	Neuron 0:
		0: 0.63541
		1: 1.02078
	Neuron 1:
		0: 0.90274
		1: 0.49934
Layer 1:
	Neuron 0:
		0: 0.97492
		1: 0.91860
0	expected: 1	found: 0
Initial Loss: 0.00313
---------- Running Epoch 45 ----------
Layer 0:
	Neuron 0:
		0: 0.63641
		1: 1.02178
	Neuron 1:
		0: 0.90374
		1: 0.50034
Layer 1:
	Neuron 0:
		0: 0.97592
		1: 0.91960
0	expected: 1	found: 0
Initial Loss: 0.00312
---------- Running Epoch 46 ----------
Layer 0:
	Neuron 0:
		0: 0.63741
		1: 1.02278
	Neuron 1:
		0: 0.90474
		1: 0.50134
Layer 1:
	Neuron 0:
		0: 0.97692
		1: 0.92060
0	expected: 1	found: 0
Initial Loss: 0.00310
---------- Running Epoch 47 ----------
Layer 0:
	Neuron 0:
		0: 0.63841
		1: 1.02378
	Neuron 1:
		0: 0.90574
		1: 0.50234
Layer 1:
	Neuron 0:
		0: 0.97792
		1: 0.92160
0	expected: 1	found: 0
Initial Loss: 0.00309
---------- Running Epoch 48 ----------
Layer 0:
	Neuron 0:
		0: 0.63941
		1: 1.02478
	Neuron 1:
		0: 0.90674
		1: 0.50334
Layer 1:
	Neuron 0:
		0: 0.97892
		1: 0.92260
0	expected: 1	found: 0
Initial Loss: 0.00308
---------- Running Epoch 49 ----------
Layer 0:
	Neuron 0:
		0: 0.64041
		1: 1.02578
	Neuron 1:
		0: 0.90774
		1: 0.50434
Layer 1:
	Neuron 0:
		0: 0.97992
		1: 0.92360
0	expected: 1	found: 0
Initial Loss: 0.00307
---------- Running Epoch 50 ----------
Layer 0:
	Neuron 0:
		0: 0.64141
		1: 1.02678
	Neuron 1:
		0: 0.90874
		1: 0.50534
Layer 1:
	Neuron 0:
		0: 0.98092
		1: 0.92460
0	expected: 1	found: 0
Initial Loss: 0.00305
---------- Running Epoch 51 ----------
Layer 0:
	Neuron 0:
		0: 0.64241
		1: 1.02778
	Neuron 1:
		0: 0.90974
		1: 0.50634
Layer 1:
	Neuron 0:
		0: 0.98192
		1: 0.92560
0	expected: 1	found: 0
Initial Loss: 0.00304
---------- Running Epoch 52 ----------
Layer 0:
	Neuron 0:
		0: 0.64341
		1: 1.02878
	Neuron 1:
		0: 0.91074
		1: 0.50734
Layer 1:
	Neuron 0:
		0: 0.98292
		1: 0.92660
0	expected: 1	found: 0
Initial Loss: 0.00303
---------- Running Epoch 53 ----------
Layer 0:
	Neuron 0:
		0: 0.64441
		1: 1.02978
	Neuron 1:
		0: 0.91174
		1: 0.50834
Layer 1:
	Neuron 0:
		0: 0.98392
		1: 0.92760
0	expected: 1	found: 0
Initial Loss: 0.00302
---------- Running Epoch 54 ----------
Layer 0:
	Neuron 0:
		0: 0.64541
		1: 1.03078
	Neuron 1:
		0: 0.91274
		1: 0.50934
Layer 1:
	Neuron 0:
		0: 0.98492
		1: 0.92860
0	expected: 1	found: 0
Initial Loss: 0.00301
---------- Running Epoch 55 ----------
Layer 0:
	Neuron 0:
		0: 0.64641
		1: 1.03178
	Neuron 1:
		0: 0.91374
		1: 0.51034
Layer 1:
	Neuron 0:
		0: 0.98592
		1: 0.92960
0	expected: 1	found: 0
Initial Loss: 0.00299
---------- Running Epoch 56 ----------
Layer 0:
	Neuron 0:
		0: 0.64741
		1: 1.03278
	Neuron 1:
		0: 0.91474
		1: 0.51134
Layer 1:
	Neuron 0:
		0: 0.98692
		1: 0.93060
0	expected: 1	found: 0
Initial Loss: 0.00298
---------- Running Epoch 57 ----------
Layer 0:
	Neuron 0:
		0: 0.64841
		1: 1.03378
	Neuron 1:
		0: 0.91574
		1: 0.51234
Layer 1:
	Neuron 0:
		0: 0.98792
		1: 0.93160
0	expected: 1	found: 0
Initial Loss: 0.00297
---------- Running Epoch 58 ----------
Layer 0:
	Neuron 0:
		0: 0.64941
		1: 1.03478
	Neuron 1:
		0: 0.91674
		1: 0.51334
Layer 1:
	Neuron 0:
		0: 0.98892
		1: 0.93260
0	expected: 1	found: 0
Initial Loss: 0.00296
---------- Running Epoch 59 ----------
Layer 0:
	Neuron 0:
		0: 0.65041
		1: 1.03578
	Neuron 1:
		0: 0.91774
		1: 0.51434
Layer 1:
	Neuron 0:
		0: 0.98992
		1: 0.93360
0	expected: 1	found: 0
Initial Loss: 0.00295
---------- Running Epoch 60 ----------
Layer 0:
	Neuron 0:
		0: 0.65141
		1: 1.03678
	Neuron 1:
		0: 0.91874
		1: 0.51534
Layer 1:
	Neuron 0:
		0: 0.99092
		1: 0.93460
0	expected: 1	found: 0
Initial Loss: 0.00293
---------- Running Epoch 61 ----------
Layer 0:
	Neuron 0:
		0: 0.65241
		1: 1.03778
	Neuron 1:
		0: 0.91974
		1: 0.51634
Layer 1:
	Neuron 0:
		0: 0.99192
		1: 0.93560
0	expected: 1	found: 0
Initial Loss: 0.00292
---------- Running Epoch 62 ----------
Layer 0:
	Neuron 0:
		0: 0.65341
		1: 1.03878
	Neuron 1:
		0: 0.92074
		1: 0.51734
Layer 1:
	Neuron 0:
		0: 0.99292
		1: 0.93660
0	expected: 1	found: 0
Initial Loss: 0.00291
---------- Running Epoch 63 ----------
Layer 0:
	Neuron 0:
		0: 0.65441
		1: 1.03978
	Neuron 1:
		0: 0.92174
		1: 0.51834
Layer 1:
	Neuron 0:
		0: 0.99392
		1: 0.93760
0	expected: 1	found: 0
Initial Loss: 0.00290
---------- Running Epoch 64 ----------
Layer 0:
	Neuron 0:
		0: 0.65541
		1: 1.04078
	Neuron 1:
		0: 0.92274
		1: 0.51934
Layer 1:
	Neuron 0:
		0: 0.99492
		1: 0.93860
0	expected: 1	found: 0
Initial Loss: 0.00289
---------- Running Epoch 65 ----------
Layer 0:
	Neuron 0:
		0: 0.65641
		1: 1.04178
	Neuron 1:
		0: 0.92374
		1: 0.52034
Layer 1:
	Neuron 0:
		0: 0.99592
		1: 0.93960
0	expected: 1	found: 0
Initial Loss: 0.00288
---------- Running Epoch 66 ----------
Layer 0:
	Neuron 0:
		0: 0.65741
		1: 1.04278
	Neuron 1:
		0: 0.92474
		1: 0.52134
Layer 1:
	Neuron 0:
		0: 0.99692
		1: 0.94060
0	expected: 1	found: 0
Initial Loss: 0.00286
---------- Running Epoch 67 ----------
Layer 0:
	Neuron 0:
		0: 0.65841
		1: 1.04378
	Neuron 1:
		0: 0.92574
		1: 0.52234
Layer 1:
	Neuron 0:
		0: 0.99792
		1: 0.94160
0	expected: 1	found: 0
Initial Loss: 0.00285
---------- Running Epoch 68 ----------
Layer 0:
	Neuron 0:
		0: 0.65941
		1: 1.04478
	Neuron 1:
		0: 0.92674
		1: 0.52334
Layer 1:
	Neuron 0:
		0: 0.99892
		1: 0.94260
0	expected: 1	found: 0
Initial Loss: 0.00284
---------- Running Epoch 69 ----------
Layer 0:
	Neuron 0:
		0: 0.66041
		1: 1.04578
	Neuron 1:
		0: 0.92774
		1: 0.52434
Layer 1:
	Neuron 0:
		0: 0.99992
		1: 0.94360
0	expected: 1	found: 0
Initial Loss: 0.00283
---------- Running Epoch 70 ----------
Layer 0:
	Neuron 0:
		0: 0.66141
		1: 1.04678
	Neuron 1:
		0: 0.92874
		1: 0.52534
Layer 1:
	Neuron 0:
		0: 1.00092
		1: 0.94460
0	expected: 1	found: 0
Initial Loss: 0.00282
---------- Running Epoch 71 ----------
Layer 0:
	Neuron 0:
		0: 0.66241
		1: 1.04778
	Neuron 1:
		0: 0.92974
		1: 0.52634
Layer 1:
	Neuron 0:
		0: 1.00192
		1: 0.94560
0	expected: 1	found: 0
Initial Loss: 0.00281
---------- Running Epoch 72 ----------
Layer 0:
	Neuron 0:
		0: 0.66341
		1: 1.04878
	Neuron 1:
		0: 0.93074
		1: 0.52734
Layer 1:
	Neuron 0:
		0: 1.00292
		1: 0.94660
0	expected: 1	found: 0
Initial Loss: 0.00280
---------- Running Epoch 73 ----------
Layer 0:
	Neuron 0:
		0: 0.66441
		1: 1.04978
	Neuron 1:
		0: 0.93174
		1: 0.52834
Layer 1:
	Neuron 0:
		0: 1.00392
		1: 0.94760
0	expected: 1	found: 0
Initial Loss: 0.00278
---------- Running Epoch 74 ----------
Layer 0:
	Neuron 0:
		0: 0.66541
		1: 1.05078
	Neuron 1:
		0: 0.93274
		1: 0.52934
Layer 1:
	Neuron 0:
		0: 1.00492
		1: 0.94860
0	expected: 1	found: 0
Initial Loss: 0.00277
---------- Running Epoch 75 ----------
Layer 0:
	Neuron 0:
		0: 0.66641
		1: 1.05178
	Neuron 1:
		0: 0.93374
		1: 0.53034
Layer 1:
	Neuron 0:
		0: 1.00592
		1: 0.94960
0	expected: 1	found: 0
Initial Loss: 0.00276
---------- Running Epoch 76 ----------
Layer 0:
	Neuron 0:
		0: 0.66741
		1: 1.05278
	Neuron 1:
		0: 0.93474
		1: 0.53134
Layer 1:
	Neuron 0:
		0: 1.00692
		1: 0.95060
0	expected: 1	found: 0
Initial Loss: 0.00275
---------- Running Epoch 77 ----------
Layer 0:
	Neuron 0:
		0: 0.66841
		1: 1.05378
	Neuron 1:
		0: 0.93574
		1: 0.53234
Layer 1:
	Neuron 0:
		0: 1.00792
		1: 0.95160
0	expected: 1	found: 0
Initial Loss: 0.00274
---------- Running Epoch 78 ----------
Layer 0:
	Neuron 0:
		0: 0.66941
		1: 1.05478
	Neuron 1:
		0: 0.93674
		1: 0.53334
Layer 1:
	Neuron 0:
		0: 1.00892
		1: 0.95260
0	expected: 1	found: 0
Initial Loss: 0.00273
---------- Running Epoch 79 ----------
Layer 0:
	Neuron 0:
		0: 0.67041
		1: 1.05578
	Neuron 1:
		0: 0.93774
		1: 0.53434
Layer 1:
	Neuron 0:
		0: 1.00992
		1: 0.95360
0	expected: 1	found: 0
Initial Loss: 0.00272
---------- Running Epoch 80 ----------
Layer 0:
	Neuron 0:
		0: 0.67141
		1: 1.05678
	Neuron 1:
		0: 0.93874
		1: 0.53534
Layer 1:
	Neuron 0:
		0: 1.01092
		1: 0.95460
0	expected: 1	found: 0
Initial Loss: 0.00271
---------- Running Epoch 81 ----------
Layer 0:
	Neuron 0:
		0: 0.67241
		1: 1.05778
	Neuron 1:
		0: 0.93974
		1: 0.53634
Layer 1:
	Neuron 0:
		0: 1.01192
		1: 0.95560
0	expected: 1	found: 0
Initial Loss: 0.00270
---------- Running Epoch 82 ----------
Layer 0:
	Neuron 0:
		0: 0.67341
		1: 1.05878
	Neuron 1:
		0: 0.94074
		1: 0.53734
Layer 1:
	Neuron 0:
		0: 1.01292
		1: 0.95660
0	expected: 1	found: 0
Initial Loss: 0.00269
---------- Running Epoch 83 ----------
Layer 0:
	Neuron 0:
		0: 0.67441
		1: 1.05978
	Neuron 1:
		0: 0.94174
		1: 0.53834
Layer 1:
	Neuron 0:
		0: 1.01392
		1: 0.95760
0	expected: 1	found: 0
Initial Loss: 0.00268
---------- Running Epoch 84 ----------
Layer 0:
	Neuron 0:
		0: 0.67541
		1: 1.06078
	Neuron 1:
		0: 0.94274
		1: 0.53934
Layer 1:
	Neuron 0:
		0: 1.01492
		1: 0.95860
0	expected: 1	found: 0
Initial Loss: 0.00266
---------- Running Epoch 85 ----------
Layer 0:
	Neuron 0:
		0: 0.67641
		1: 1.06178
	Neuron 1:
		0: 0.94374
		1: 0.54034
Layer 1:
	Neuron 0:
		0: 1.01592
		1: 0.95960
0	expected: 1	found: 0
Initial Loss: 0.00265
---------- Running Epoch 86 ----------
Layer 0:
	Neuron 0:
		0: 0.67741
		1: 1.06278
	Neuron 1:
		0: 0.94474
		1: 0.54134
Layer 1:
	Neuron 0:
		0: 1.01692
		1: 0.96060
0	expected: 1	found: 0
Initial Loss: 0.00264
---------- Running Epoch 87 ----------
Layer 0:
	Neuron 0:
		0: 0.67841
		1: 1.06378
	Neuron 1:
		0: 0.94574
		1: 0.54234
Layer 1:
	Neuron 0:
		0: 1.01792
		1: 0.96160
0	expected: 1	found: 0
Initial Loss: 0.00263
---------- Running Epoch 88 ----------
Layer 0:
	Neuron 0:
		0: 0.67941
		1: 1.06478
	Neuron 1:
		0: 0.94674
		1: 0.54334
Layer 1:
	Neuron 0:
		0: 1.01892
		1: 0.96260
0	expected: 1	found: 0
Initial Loss: 0.00262
---------- Running Epoch 89 ----------
Layer 0:
	Neuron 0:
		0: 0.68041
		1: 1.06578
	Neuron 1:
		0: 0.94774
		1: 0.54434
Layer 1:
	Neuron 0:
		0: 1.01992
		1: 0.96360
0	expected: 1	found: 0
Initial Loss: 0.00261
---------- Running Epoch 90 ----------
Layer 0:
	Neuron 0:
		0: 0.68141
		1: 1.06678
	Neuron 1:
		0: 0.94874
		1: 0.54534
Layer 1:
	Neuron 0:
		0: 1.02092
		1: 0.96460
0	expected: 1	found: 0
Initial Loss: 0.00260
---------- Running Epoch 91 ----------
Layer 0:
	Neuron 0:
		0: 0.68241
		1: 1.06778
	Neuron 1:
		0: 0.94974
		1: 0.54634
Layer 1:
	Neuron 0:
		0: 1.02192
		1: 0.96560
0	expected: 1	found: 0
Initial Loss: 0.00259
---------- Running Epoch 92 ----------
Layer 0:
	Neuron 0:
		0: 0.68341
		1: 1.06878
	Neuron 1:
		0: 0.95074
		1: 0.54734
Layer 1:
	Neuron 0:
		0: 1.02292
		1: 0.96660
0	expected: 1	found: 0
Initial Loss: 0.00258
---------- Running Epoch 93 ----------
Layer 0:
	Neuron 0:
		0: 0.68441
		1: 1.06978
	Neuron 1:
		0: 0.95174
		1: 0.54834
Layer 1:
	Neuron 0:
		0: 1.02392
		1: 0.96760
0	expected: 1	found: 0
Initial Loss: 0.00257
---------- Running Epoch 94 ----------
Layer 0:
	Neuron 0:
		0: 0.68541
		1: 1.07078
	Neuron 1:
		0: 0.95274
		1: 0.54934
Layer 1:
	Neuron 0:
		0: 1.02492
		1: 0.96860
0	expected: 1	found: 0
Initial Loss: 0.00256
---------- Running Epoch 95 ----------
Layer 0:
	Neuron 0:
		0: 0.68641
		1: 1.07178
	Neuron 1:
		0: 0.95374
		1: 0.55034
Layer 1:
	Neuron 0:
		0: 1.02592
		1: 0.96960
0	expected: 1	found: 0
Initial Loss: 0.00255
---------- Running Epoch 96 ----------
Layer 0:
	Neuron 0:
		0: 0.68741
		1: 1.07278
	Neuron 1:
		0: 0.95474
		1: 0.55134
Layer 1:
	Neuron 0:
		0: 1.02692
		1: 0.97060
0	expected: 1	found: 0
Initial Loss: 0.00254
---------- Running Epoch 97 ----------
Layer 0:
	Neuron 0:
		0: 0.68841
		1: 1.07378
	Neuron 1:
		0: 0.95574
		1: 0.55234
Layer 1:
	Neuron 0:
		0: 1.02792
		1: 0.97160
0	expected: 1	found: 0
Initial Loss: 0.00253
---------- Running Epoch 98 ----------
Layer 0:
	Neuron 0:
		0: 0.68941
		1: 1.07478
	Neuron 1:
		0: 0.95674
		1: 0.55334
Layer 1:
	Neuron 0:
		0: 1.02892
		1: 0.97260
0	expected: 1	found: 0
Initial Loss: 0.00252
---------- Running Epoch 99 ----------
Layer 0:
	Neuron 0:
		0: 0.69041
		1: 1.07578
	Neuron 1:
		0: 0.95774
		1: 0.55434
Layer 1:
	Neuron 0:
		0: 1.02992
		1: 0.97360
0	expected: 1	found: 0
Initial Loss: 0.00251
---------- Running Epoch 100 ----------
Layer 0:
	Neuron 0:
		0: 0.69141
		1: 1.07678
	Neuron 1:
		0: 0.95874
		1: 0.55534
Layer 1:
	Neuron 0:
		0: 1.03092
		1: 0.97460
0	expected: 1	found: 0
Initial Loss: 0.00250
---------- Running Epoch 101 ----------
Layer 0:
	Neuron 0:
		0: 0.69241
		1: 1.07778
	Neuron 1:
		0: 0.95974
		1: 0.55634
Layer 1:
	Neuron 0:
		0: 1.03192
		1: 0.97560
0	expected: 1	found: 0
Initial Loss: 0.00249
---------- Running Epoch 102 ----------
Layer 0:
	Neuron 0:
		0: 0.69341
		1: 1.07878
	Neuron 1:
		0: 0.96074
		1: 0.55734
Layer 1:
	Neuron 0:
		0: 1.03292
		1: 0.97660
0	expected: 1	found: 0
Initial Loss: 0.00248
---------- Running Epoch 103 ----------
Layer 0:
	Neuron 0:
		0: 0.69441
		1: 1.07978
	Neuron 1:
		0: 0.96174
		1: 0.55834
Layer 1:
	Neuron 0:
		0: 1.03392
		1: 0.97760
0	expected: 1	found: 0
Initial Loss: 0.00247
---------- Running Epoch 104 ----------
Layer 0:
	Neuron 0:
		0: 0.69541
		1: 1.08078
	Neuron 1:
		0: 0.96274
		1: 0.55934
Layer 1:
	Neuron 0:
		0: 1.03492
		1: 0.97860
0	expected: 1	found: 0
Initial Loss: 0.00246
---------- Running Epoch 105 ----------
Layer 0:
	Neuron 0:
		0: 0.69641
		1: 1.08178
	Neuron 1:
		0: 0.96374
		1: 0.56034
Layer 1:
	Neuron 0:
		0: 1.03592
		1: 0.97960
0	expected: 1	found: 0
Initial Loss: 0.00245
---------- Running Epoch 106 ----------
Layer 0:
	Neuron 0:
		0: 0.69741
		1: 1.08278
	Neuron 1:
		0: 0.96474
		1: 0.56134
Layer 1:
	Neuron 0:
		0: 1.03692
		1: 0.98060
0	expected: 1	found: 0
Initial Loss: 0.00244
---------- Running Epoch 107 ----------
Layer 0:
	Neuron 0:
		0: 0.69841
		1: 1.08378
	Neuron 1:
		0: 0.96574
		1: 0.56234
Layer 1:
	Neuron 0:
		0: 1.03792
		1: 0.98160
0	expected: 1	found: 0
Initial Loss: 0.00243
---------- Running Epoch 108 ----------
Layer 0:
	Neuron 0:
		0: 0.69941
		1: 1.08478
	Neuron 1:
		0: 0.96674
		1: 0.56334
Layer 1:
	Neuron 0:
		0: 1.03892
		1: 0.98260
0	expected: 1	found: 0
Initial Loss: 0.00242
---------- Running Epoch 109 ----------
Layer 0:
	Neuron 0:
		0: 0.70041
		1: 1.08578
	Neuron 1:
		0: 0.96774
		1: 0.56434
Layer 1:
	Neuron 0:
		0: 1.03992
		1: 0.98360
0	expected: 1	found: 0
Initial Loss: 0.00241
---------- Running Epoch 110 ----------
Layer 0:
	Neuron 0:
		0: 0.70141
		1: 1.08678
	Neuron 1:
		0: 0.96874
		1: 0.56534
Layer 1:
	Neuron 0:
		0: 1.04092
		1: 0.98460
0	expected: 1	found: 0
Initial Loss: 0.00240
---------- Running Epoch 111 ----------
Layer 0:
	Neuron 0:
		0: 0.70241
		1: 1.08778
	Neuron 1:
		0: 0.96974
		1: 0.56634
Layer 1:
	Neuron 0:
		0: 1.04192
		1: 0.98560
0	expected: 1	found: 0
Initial Loss: 0.00239
---------- Running Epoch 112 ----------
Layer 0:
	Neuron 0:
		0: 0.70341
		1: 1.08878
	Neuron 1:
		0: 0.97074
		1: 0.56734
Layer 1:
	Neuron 0:
		0: 1.04292
		1: 0.98660
0	expected: 1	found: 0
Initial Loss: 0.00238
---------- Running Epoch 113 ----------
Layer 0:
	Neuron 0:
		0: 0.70441
		1: 1.08978
	Neuron 1:
		0: 0.97174
		1: 0.56834
Layer 1:
	Neuron 0:
		0: 1.04392
		1: 0.98760
0	expected: 1	found: 0
Initial Loss: 0.00237
---------- Running Epoch 114 ----------
Layer 0:
	Neuron 0:
		0: 0.70541
		1: 1.09078
	Neuron 1:
		0: 0.97274
		1: 0.56934
Layer 1:
	Neuron 0:
		0: 1.04492
		1: 0.98860
0	expected: 1	found: 0
Initial Loss: 0.00236
---------- Running Epoch 115 ----------
Layer 0:
	Neuron 0:
		0: 0.70641
		1: 1.09178
	Neuron 1:
		0: 0.97374
		1: 0.57034
Layer 1:
	Neuron 0:
		0: 1.04592
		1: 0.98960
0	expected: 1	found: 0
Initial Loss: 0.00235
---------- Running Epoch 116 ----------
Layer 0:
	Neuron 0:
		0: 0.70741
		1: 1.09278
	Neuron 1:
		0: 0.97474
		1: 0.57134
Layer 1:
	Neuron 0:
		0: 1.04692
		1: 0.99060
0	expected: 1	found: 0
Initial Loss: 0.00234
---------- Running Epoch 117 ----------
Layer 0:
	Neuron 0:
		0: 0.70841
		1: 1.09378
	Neuron 1:
		0: 0.97574
		1: 0.57234
Layer 1:
	Neuron 0:
		0: 1.04792
		1: 0.99160
0	expected: 1	found: 0
Initial Loss: 0.00233
---------- Running Epoch 118 ----------
Layer 0:
	Neuron 0:
		0: 0.70941
		1: 1.09478
	Neuron 1:
		0: 0.97674
		1: 0.57334
Layer 1:
	Neuron 0:
		0: 1.04892
		1: 0.99260
0	expected: 1	found: 0
Initial Loss: 0.00232
---------- Running Epoch 119 ----------
Layer 0:
	Neuron 0:
		0: 0.71041
		1: 1.09578
	Neuron 1:
		0: 0.97774
		1: 0.57434
Layer 1:
	Neuron 0:
		0: 1.04992
		1: 0.99360
0	expected: 1	found: 0
Initial Loss: 0.00231
---------- Running Epoch 120 ----------
Layer 0:
	Neuron 0:
		0: 0.71141
		1: 1.09678
	Neuron 1:
		0: 0.97874
		1: 0.57534
Layer 1:
	Neuron 0:
		0: 1.05092
		1: 0.99460
0	expected: 1	found: 0
Initial Loss: 0.00231
---------- Running Epoch 121 ----------
Layer 0:
	Neuron 0:
		0: 0.71241
		1: 1.09778
	Neuron 1:
		0: 0.97974
		1: 0.57634
Layer 1:
	Neuron 0:
		0: 1.05192
		1: 0.99560
0	expected: 1	found: 0
Initial Loss: 0.00230
---------- Running Epoch 122 ----------
Layer 0:
	Neuron 0:
		0: 0.71341
		1: 1.09878
	Neuron 1:
		0: 0.98074
		1: 0.57734
Layer 1:
	Neuron 0:
		0: 1.05292
		1: 0.99660
0	expected: 1	found: 0
Initial Loss: 0.00229
---------- Running Epoch 123 ----------
Layer 0:
	Neuron 0:
		0: 0.71441
		1: 1.09978
	Neuron 1:
		0: 0.98174
		1: 0.57834
Layer 1:
	Neuron 0:
		0: 1.05392
		1: 0.99760
0	expected: 1	found: 0
Initial Loss: 0.00228
---------- Running Epoch 124 ----------
Layer 0:
	Neuron 0:
		0: 0.71541
		1: 1.10078
	Neuron 1:
		0: 0.98274
		1: 0.57934
Layer 1:
	Neuron 0:
		0: 1.05492
		1: 0.99860
0	expected: 1	found: 0
Initial Loss: 0.00227
---------- Running Epoch 125 ----------
Layer 0:
	Neuron 0:
		0: 0.71641
		1: 1.10178
	Neuron 1:
		0: 0.98374
		1: 0.58034
Layer 1:
	Neuron 0:
		0: 1.05592
		1: 0.99960
0	expected: 1	found: 0
Initial Loss: 0.00226
---------- Running Epoch 126 ----------
Layer 0:
	Neuron 0:
		0: 0.71741
		1: 1.10278
	Neuron 1:
		0: 0.98474
		1: 0.58134
Layer 1:
	Neuron 0:
		0: 1.05692
		1: 1.00060
0	expected: 1	found: 0
Initial Loss: 0.00225
---------- Running Epoch 127 ----------
Layer 0:
	Neuron 0:
		0: 0.71841
		1: 1.10378
	Neuron 1:
		0: 0.98574
		1: 0.58234
Layer 1:
	Neuron 0:
		0: 1.05792
		1: 1.00160
0	expected: 1	found: 0
Initial Loss: 0.00224
---------- Running Epoch 128 ----------
Layer 0:
	Neuron 0:
		0: 0.71941
		1: 1.10478
	Neuron 1:
		0: 0.98674
		1: 0.58334
Layer 1:
	Neuron 0:
		0: 1.05892
		1: 1.00260
0	expected: 1	found: 0
Initial Loss: 0.00223
---------- Running Epoch 129 ----------
Layer 0:
	Neuron 0:
		0: 0.72041
		1: 1.10578
	Neuron 1:
		0: 0.98774
		1: 0.58434
Layer 1:
	Neuron 0:
		0: 1.05992
		1: 1.00360
0	expected: 1	found: 0
Initial Loss: 0.00222
---------- Running Epoch 130 ----------
Layer 0:
	Neuron 0:
		0: 0.72141
		1: 1.10678
	Neuron 1:
		0: 0.98874
		1: 0.58534
Layer 1:
	Neuron 0:
		0: 1.06092
		1: 1.00460
0	expected: 1	found: 0
Initial Loss: 0.00221
---------- Running Epoch 131 ----------
Layer 0:
	Neuron 0:
		0: 0.72241
		1: 1.10778
	Neuron 1:
		0: 0.98974
		1: 0.58634
Layer 1:
	Neuron 0:
		0: 1.06192
		1: 1.00560
0	expected: 1	found: 0
Initial Loss: 0.00221
---------- Running Epoch 132 ----------
Layer 0:
	Neuron 0:
		0: 0.72341
		1: 1.10878
	Neuron 1:
		0: 0.99074
		1: 0.58734
Layer 1:
	Neuron 0:
		0: 1.06292
		1: 1.00660
0	expected: 1	found: 0
Initial Loss: 0.00220
---------- Running Epoch 133 ----------
Layer 0:
	Neuron 0:
		0: 0.72441
		1: 1.10978
	Neuron 1:
		0: 0.99174
		1: 0.58834
Layer 1:
	Neuron 0:
		0: 1.06392
		1: 1.00760
0	expected: 1	found: 0
Initial Loss: 0.00219
---------- Running Epoch 134 ----------
Layer 0:
	Neuron 0:
		0: 0.72541
		1: 1.11078
	Neuron 1:
		0: 0.99274
		1: 0.58934
Layer 1:
	Neuron 0:
		0: 1.06492
		1: 1.00860
0	expected: 1	found: 0
Initial Loss: 0.00218
---------- Running Epoch 135 ----------
Layer 0:
	Neuron 0:
		0: 0.72641
		1: 1.11178
	Neuron 1:
		0: 0.99374
		1: 0.59034
Layer 1:
	Neuron 0:
		0: 1.06592
		1: 1.00960
0	expected: 1	found: 0
Initial Loss: 0.00217
---------- Running Epoch 136 ----------
Layer 0:
	Neuron 0:
		0: 0.72741
		1: 1.11278
	Neuron 1:
		0: 0.99474
		1: 0.59134
Layer 1:
	Neuron 0:
		0: 1.06692
		1: 1.01060
0	expected: 1	found: 0
Initial Loss: 0.00216
---------- Running Epoch 137 ----------
Layer 0:
	Neuron 0:
		0: 0.72841
		1: 1.11378
	Neuron 1:
		0: 0.99574
		1: 0.59234
Layer 1:
	Neuron 0:
		0: 1.06792
		1: 1.01160
0	expected: 1	found: 0
Initial Loss: 0.00215
---------- Running Epoch 138 ----------
Layer 0:
	Neuron 0:
		0: 0.72941
		1: 1.11478
	Neuron 1:
		0: 0.99674
		1: 0.59334
Layer 1:
	Neuron 0:
		0: 1.06892
		1: 1.01260
0	expected: 1	found: 0
Initial Loss: 0.00214
---------- Running Epoch 139 ----------
Layer 0:
	Neuron 0:
		0: 0.73041
		1: 1.11578
	Neuron 1:
		0: 0.99774
		1: 0.59434
Layer 1:
	Neuron 0:
		0: 1.06992
		1: 1.01360
0	expected: 1	found: 0
Initial Loss: 0.00214
---------- Running Epoch 140 ----------
Layer 0:
	Neuron 0:
		0: 0.73141
		1: 1.11678
	Neuron 1:
		0: 0.99874
		1: 0.59534
Layer 1:
	Neuron 0:
		0: 1.07092
		1: 1.01460
0	expected: 1	found: 0
Initial Loss: 0.00213
---------- Running Epoch 141 ----------
Layer 0:
	Neuron 0:
		0: 0.73241
		1: 1.11778
	Neuron 1:
		0: 0.99974
		1: 0.59634
Layer 1:
	Neuron 0:
		0: 1.07192
		1: 1.01560
0	expected: 1	found: 0
Initial Loss: 0.00212
---------- Running Epoch 142 ----------
Layer 0:
	Neuron 0:
		0: 0.73341
		1: 1.11878
	Neuron 1:
		0: 1.00074
		1: 0.59734
Layer 1:
	Neuron 0:
		0: 1.07292
		1: 1.01660
0	expected: 1	found: 0
Initial Loss: 0.00211
---------- Running Epoch 143 ----------
Layer 0:
	Neuron 0:
		0: 0.73441
		1: 1.11978
	Neuron 1:
		0: 1.00174
		1: 0.59834
Layer 1:
	Neuron 0:
		0: 1.07392
		1: 1.01760
0	expected: 1	found: 0
Initial Loss: 0.00210
---------- Running Epoch 144 ----------
Layer 0:
	Neuron 0:
		0: 0.73541
		1: 1.12078
	Neuron 1:
		0: 1.00274
		1: 0.59934
Layer 1:
	Neuron 0:
		0: 1.07492
		1: 1.01860
0	expected: 1	found: 0
Initial Loss: 0.00209
---------- Running Epoch 145 ----------
Layer 0:
	Neuron 0:
		0: 0.73641
		1: 1.12178
	Neuron 1:
		0: 1.00374
		1: 0.60034
Layer 1:
	Neuron 0:
		0: 1.07592
		1: 1.01960
0	expected: 1	found: 0
Initial Loss: 0.00208
---------- Running Epoch 146 ----------
Layer 0:
	Neuron 0:
		0: 0.73741
		1: 1.12278
	Neuron 1:
		0: 1.00474
		1: 0.60134
Layer 1:
	Neuron 0:
		0: 1.07692
		1: 1.02060
0	expected: 1	found: 0
Initial Loss: 0.00208
---------- Running Epoch 147 ----------
Layer 0:
	Neuron 0:
		0: 0.73841
		1: 1.12378
	Neuron 1:
		0: 1.00574
		1: 0.60234
Layer 1:
	Neuron 0:
		0: 1.07792
		1: 1.02160
0	expected: 1	found: 0
Initial Loss: 0.00207
---------- Running Epoch 148 ----------
Layer 0:
	Neuron 0:
		0: 0.73941
		1: 1.12478
	Neuron 1:
		0: 1.00674
		1: 0.60334
Layer 1:
	Neuron 0:
		0: 1.07892
		1: 1.02260
0	expected: 1	found: 0
Initial Loss: 0.00206
---------- Running Epoch 149 ----------
Layer 0:
	Neuron 0:
		0: 0.74041
		1: 1.12578
	Neuron 1:
		0: 1.00774
		1: 0.60434
Layer 1:
	Neuron 0:
		0: 1.07992
		1: 1.02360
0	expected: 1	found: 0
Initial Loss: 0.00205
---------- Running Epoch 150 ----------
Layer 0:
	Neuron 0:
		0: 0.74141
		1: 1.12678
	Neuron 1:
		0: 1.00874
		1: 0.60534
Layer 1:
	Neuron 0:
		0: 1.08092
		1: 1.02460
0	expected: 1	found: 0
Initial Loss: 0.00204
---------- Running Epoch 151 ----------
Layer 0:
	Neuron 0:
		0: 0.74241
		1: 1.12778
	Neuron 1:
		0: 1.00974
		1: 0.60634
Layer 1:
	Neuron 0:
		0: 1.08192
		1: 1.02560
0	expected: 1	found: 0
Initial Loss: 0.00203
---------- Running Epoch 152 ----------
Layer 0:
	Neuron 0:
		0: 0.74341
		1: 1.12878
	Neuron 1:
		0: 1.01074
		1: 0.60734
Layer 1:
	Neuron 0:
		0: 1.08292
		1: 1.02660
0	expected: 1	found: 0
Initial Loss: 0.00203
---------- Running Epoch 153 ----------
Layer 0:
	Neuron 0:
		0: 0.74441
		1: 1.12978
	Neuron 1:
		0: 1.01174
		1: 0.60834
Layer 1:
	Neuron 0:
		0: 1.08392
		1: 1.02760
0	expected: 1	found: 0
Initial Loss: 0.00202
---------- Running Epoch 154 ----------
Layer 0:
	Neuron 0:
		0: 0.74541
		1: 1.13078
	Neuron 1:
		0: 1.01274
		1: 0.60934
Layer 1:
	Neuron 0:
		0: 1.08492
		1: 1.02860
0	expected: 1	found: 0
Initial Loss: 0.00201
---------- Running Epoch 155 ----------
Layer 0:
	Neuron 0:
		0: 0.74641
		1: 1.13178
	Neuron 1:
		0: 1.01374
		1: 0.61034
Layer 1:
	Neuron 0:
		0: 1.08592
		1: 1.02960
0	expected: 1	found: 0
Initial Loss: 0.00200
---------- Running Epoch 156 ----------
Layer 0:
	Neuron 0:
		0: 0.74741
		1: 1.13278
	Neuron 1:
		0: 1.01474
		1: 0.61134
Layer 1:
	Neuron 0:
		0: 1.08692
		1: 1.03060
0	expected: 1	found: 0
Initial Loss: 0.00199
---------- Running Epoch 157 ----------
Layer 0:
	Neuron 0:
		0: 0.74841
		1: 1.13378
	Neuron 1:
		0: 1.01574
		1: 0.61234
Layer 1:
	Neuron 0:
		0: 1.08792
		1: 1.03160
0	expected: 1	found: 0
Initial Loss: 0.00199
---------- Running Epoch 158 ----------
Layer 0:
	Neuron 0:
		0: 0.74941
		1: 1.13478
	Neuron 1:
		0: 1.01674
		1: 0.61334
Layer 1:
	Neuron 0:
		0: 1.08892
		1: 1.03260
0	expected: 1	found: 0
Initial Loss: 0.00198
---------- Running Epoch 159 ----------
Layer 0:
	Neuron 0:
		0: 0.75041
		1: 1.13578
	Neuron 1:
		0: 1.01774
		1: 0.61434
Layer 1:
	Neuron 0:
		0: 1.08992
		1: 1.03360
0	expected: 1	found: 0
Initial Loss: 0.00197
---------- Running Epoch 160 ----------
Layer 0:
	Neuron 0:
		0: 0.75141
		1: 1.13678
	Neuron 1:
		0: 1.01874
		1: 0.61534
Layer 1:
	Neuron 0:
		0: 1.09092
		1: 1.03460
0	expected: 1	found: 0
Initial Loss: 0.00196
---------- Running Epoch 161 ----------
Layer 0:
	Neuron 0:
		0: 0.75241
		1: 1.13778
	Neuron 1:
		0: 1.01974
		1: 0.61634
Layer 1:
	Neuron 0:
		0: 1.09192
		1: 1.03560
0	expected: 1	found: 0
Initial Loss: 0.00195
---------- Running Epoch 162 ----------
Layer 0:
	Neuron 0:
		0: 0.75341
		1: 1.13878
	Neuron 1:
		0: 1.02074
		1: 0.61734
Layer 1:
	Neuron 0:
		0: 1.09292
		1: 1.03660
0	expected: 1	found: 0
Initial Loss: 0.00195
---------- Running Epoch 163 ----------
Layer 0:
	Neuron 0:
		0: 0.75441
		1: 1.13978
	Neuron 1:
		0: 1.02174
		1: 0.61834
Layer 1:
	Neuron 0:
		0: 1.09392
		1: 1.03760
0	expected: 1	found: 0
Initial Loss: 0.00194
---------- Running Epoch 164 ----------
Layer 0:
	Neuron 0:
		0: 0.75541
		1: 1.14078
	Neuron 1:
		0: 1.02274
		1: 0.61934
Layer 1:
	Neuron 0:
		0: 1.09492
		1: 1.03860
0	expected: 1	found: 0
Initial Loss: 0.00193
---------- Running Epoch 165 ----------
Layer 0:
	Neuron 0:
		0: 0.75641
		1: 1.14178
	Neuron 1:
		0: 1.02374
		1: 0.62034
Layer 1:
	Neuron 0:
		0: 1.09592
		1: 1.03960
0	expected: 1	found: 0
Initial Loss: 0.00192
---------- Running Epoch 166 ----------
Layer 0:
	Neuron 0:
		0: 0.75741
		1: 1.14278
	Neuron 1:
		0: 1.02474
		1: 0.62134
Layer 1:
	Neuron 0:
		0: 1.09692
		1: 1.04060
0	expected: 1	found: 0
Initial Loss: 0.00192
---------- Running Epoch 167 ----------
Layer 0:
	Neuron 0:
		0: 0.75841
		1: 1.14378
	Neuron 1:
		0: 1.02574
		1: 0.62234
Layer 1:
	Neuron 0:
		0: 1.09792
		1: 1.04160
0	expected: 1	found: 0
Initial Loss: 0.00191
---------- Running Epoch 168 ----------
Layer 0:
	Neuron 0:
		0: 0.75941
		1: 1.14478
	Neuron 1:
		0: 1.02674
		1: 0.62334
Layer 1:
	Neuron 0:
		0: 1.09892
		1: 1.04260
0	expected: 1	found: 0
Initial Loss: 0.00190
---------- Running Epoch 169 ----------
Layer 0:
	Neuron 0:
		0: 0.76041
		1: 1.14578
	Neuron 1:
		0: 1.02774
		1: 0.62434
Layer 1:
	Neuron 0:
		0: 1.09992
		1: 1.04360
0	expected: 1	found: 0
Initial Loss: 0.00189
---------- Running Epoch 170 ----------
Layer 0:
	Neuron 0:
		0: 0.76141
		1: 1.14678
	Neuron 1:
		0: 1.02874
		1: 0.62534
Layer 1:
	Neuron 0:
		0: 1.10092
		1: 1.04460
0	expected: 1	found: 0
Initial Loss: 0.00189
---------- Running Epoch 171 ----------
Layer 0:
	Neuron 0:
		0: 0.76241
		1: 1.14778
	Neuron 1:
		0: 1.02974
		1: 0.62634
Layer 1:
	Neuron 0:
		0: 1.10192
		1: 1.04560
0	expected: 1	found: 0
Initial Loss: 0.00188
---------- Running Epoch 172 ----------
Layer 0:
	Neuron 0:
		0: 0.76341
		1: 1.14878
	Neuron 1:
		0: 1.03074
		1: 0.62734
Layer 1:
	Neuron 0:
		0: 1.10292
		1: 1.04660
0	expected: 1	found: 0
Initial Loss: 0.00187
---------- Running Epoch 173 ----------
Layer 0:
	Neuron 0:
		0: 0.76441
		1: 1.14978
	Neuron 1:
		0: 1.03174
		1: 0.62834
Layer 1:
	Neuron 0:
		0: 1.10392
		1: 1.04760
0	expected: 1	found: 0
Initial Loss: 0.00186
---------- Running Epoch 174 ----------
Layer 0:
	Neuron 0:
		0: 0.76541
		1: 1.15078
	Neuron 1:
		0: 1.03274
		1: 0.62934
Layer 1:
	Neuron 0:
		0: 1.10492
		1: 1.04860
0	expected: 1	found: 0
Initial Loss: 0.00185
---------- Running Epoch 175 ----------
Layer 0:
	Neuron 0:
		0: 0.76641
		1: 1.15178
	Neuron 1:
		0: 1.03374
		1: 0.63034
Layer 1:
	Neuron 0:
		0: 1.10592
		1: 1.04960
0	expected: 1	found: 0
Initial Loss: 0.00185
---------- Running Epoch 176 ----------
Layer 0:
	Neuron 0:
		0: 0.76741
		1: 1.15278
	Neuron 1:
		0: 1.03474
		1: 0.63134
Layer 1:
	Neuron 0:
		0: 1.10692
		1: 1.05060
0	expected: 1	found: 0
Initial Loss: 0.00184
---------- Running Epoch 177 ----------
Layer 0:
	Neuron 0:
		0: 0.76841
		1: 1.15378
	Neuron 1:
		0: 1.03574
		1: 0.63234
Layer 1:
	Neuron 0:
		0: 1.10792
		1: 1.05160
0	expected: 1	found: 0
Initial Loss: 0.00183
---------- Running Epoch 178 ----------
Layer 0:
	Neuron 0:
		0: 0.76941
		1: 1.15478
	Neuron 1:
		0: 1.03674
		1: 0.63334
Layer 1:
	Neuron 0:
		0: 1.10892
		1: 1.05260
0	expected: 1	found: 0
Initial Loss: 0.00183
---------- Running Epoch 179 ----------
Layer 0:
	Neuron 0:
		0: 0.77041
		1: 1.15578
	Neuron 1:
		0: 1.03774
		1: 0.63434
Layer 1:
	Neuron 0:
		0: 1.10992
		1: 1.05360
0	expected: 1	found: 0
Initial Loss: 0.00182
---------- Running Epoch 180 ----------
Layer 0:
	Neuron 0:
		0: 0.77141
		1: 1.15678
	Neuron 1:
		0: 1.03874
		1: 0.63534
Layer 1:
	Neuron 0:
		0: 1.11092
		1: 1.05460
0	expected: 1	found: 0
Initial Loss: 0.00181
---------- Running Epoch 181 ----------
Layer 0:
	Neuron 0:
		0: 0.77241
		1: 1.15778
	Neuron 1:
		0: 1.03974
		1: 0.63634
Layer 1:
	Neuron 0:
		0: 1.11192
		1: 1.05560
0	expected: 1	found: 0
Initial Loss: 0.00180
---------- Running Epoch 182 ----------
Layer 0:
	Neuron 0:
		0: 0.77341
		1: 1.15878
	Neuron 1:
		0: 1.04074
		1: 0.63734
Layer 1:
	Neuron 0:
		0: 1.11292
		1: 1.05660
0	expected: 1	found: 0
Initial Loss: 0.00180
---------- Running Epoch 183 ----------
Layer 0:
	Neuron 0:
		0: 0.77441
		1: 1.15978
	Neuron 1:
		0: 1.04174
		1: 0.63834
Layer 1:
	Neuron 0:
		0: 1.11392
		1: 1.05760
0	expected: 1	found: 0
Initial Loss: 0.00179
---------- Running Epoch 184 ----------
Layer 0:
	Neuron 0:
		0: 0.77541
		1: 1.16078
	Neuron 1:
		0: 1.04274
		1: 0.63934
Layer 1:
	Neuron 0:
		0: 1.11492
		1: 1.05860
0	expected: 1	found: 0
Initial Loss: 0.00178
---------- Running Epoch 185 ----------
Layer 0:
	Neuron 0:
		0: 0.77641
		1: 1.16178
	Neuron 1:
		0: 1.04374
		1: 0.64034
Layer 1:
	Neuron 0:
		0: 1.11592
		1: 1.05960
0	expected: 1	found: 0
Initial Loss: 0.00177
---------- Running Epoch 186 ----------
Layer 0:
	Neuron 0:
		0: 0.77741
		1: 1.16278
	Neuron 1:
		0: 1.04474
		1: 0.64134
Layer 1:
	Neuron 0:
		0: 1.11692
		1: 1.06060
0	expected: 1	found: 0
Initial Loss: 0.00177
---------- Running Epoch 187 ----------
Layer 0:
	Neuron 0:
		0: 0.77841
		1: 1.16378
	Neuron 1:
		0: 1.04574
		1: 0.64234
Layer 1:
	Neuron 0:
		0: 1.11792
		1: 1.06160
0	expected: 1	found: 0
Initial Loss: 0.00176
---------- Running Epoch 188 ----------
Layer 0:
	Neuron 0:
		0: 0.77941
		1: 1.16478
	Neuron 1:
		0: 1.04674
		1: 0.64334
Layer 1:
	Neuron 0:
		0: 1.11892
		1: 1.06260
0	expected: 1	found: 0
Initial Loss: 0.00175
---------- Running Epoch 189 ----------
Layer 0:
	Neuron 0:
		0: 0.78041
		1: 1.16578
	Neuron 1:
		0: 1.04774
		1: 0.64434
Layer 1:
	Neuron 0:
		0: 1.11992
		1: 1.06360
0	expected: 1	found: 0
Initial Loss: 0.00175
---------- Running Epoch 190 ----------
Layer 0:
	Neuron 0:
		0: 0.78141
		1: 1.16678
	Neuron 1:
		0: 1.04874
		1: 0.64534
Layer 1:
	Neuron 0:
		0: 1.12092
		1: 1.06460
0	expected: 1	found: 0
Initial Loss: 0.00174
---------- Running Epoch 191 ----------
Layer 0:
	Neuron 0:
		0: 0.78241
		1: 1.16778
	Neuron 1:
		0: 1.04974
		1: 0.64634
Layer 1:
	Neuron 0:
		0: 1.12192
		1: 1.06560
0	expected: 1	found: 0
Initial Loss: 0.00173
---------- Running Epoch 192 ----------
Layer 0:
	Neuron 0:
		0: 0.78341
		1: 1.16878
	Neuron 1:
		0: 1.05074
		1: 0.64734
Layer 1:
	Neuron 0:
		0: 1.12292
		1: 1.06660
0	expected: 1	found: 0
Initial Loss: 0.00173
---------- Running Epoch 193 ----------
Layer 0:
	Neuron 0:
		0: 0.78441
		1: 1.16978
	Neuron 1:
		0: 1.05174
		1: 0.64834
Layer 1:
	Neuron 0:
		0: 1.12392
		1: 1.06760
0	expected: 1	found: 0
Initial Loss: 0.00172
---------- Running Epoch 194 ----------
Layer 0:
	Neuron 0:
		0: 0.78541
		1: 1.17078
	Neuron 1:
		0: 1.05274
		1: 0.64934
Layer 1:
	Neuron 0:
		0: 1.12492
		1: 1.06860
0	expected: 1	found: 0
Initial Loss: 0.00171
---------- Running Epoch 195 ----------
Layer 0:
	Neuron 0:
		0: 0.78641
		1: 1.17178
	Neuron 1:
		0: 1.05374
		1: 0.65034
Layer 1:
	Neuron 0:
		0: 1.12592
		1: 1.06960
0	expected: 1	found: 0
Initial Loss: 0.00170
---------- Running Epoch 196 ----------
Layer 0:
	Neuron 0:
		0: 0.78741
		1: 1.17278
	Neuron 1:
		0: 1.05474
		1: 0.65134
Layer 1:
	Neuron 0:
		0: 1.12692
		1: 1.07060
0	expected: 1	found: 0
Initial Loss: 0.00170
---------- Running Epoch 197 ----------
Layer 0:
	Neuron 0:
		0: 0.78841
		1: 1.17378
	Neuron 1:
		0: 1.05574
		1: 0.65234
Layer 1:
	Neuron 0:
		0: 1.12792
		1: 1.07160
0	expected: 1	found: 0
Initial Loss: 0.00169
---------- Running Epoch 198 ----------
Layer 0:
	Neuron 0:
		0: 0.78941
		1: 1.17478
	Neuron 1:
		0: 1.05674
		1: 0.65334
Layer 1:
	Neuron 0:
		0: 1.12892
		1: 1.07260
0	expected: 1	found: 0
Initial Loss: 0.00168
---------- Running Epoch 199 ----------
Layer 0:
	Neuron 0:
		0: 0.79041
		1: 1.17578
	Neuron 1:
		0: 1.05774
		1: 0.65434
Layer 1:
	Neuron 0:
		0: 1.12992
		1: 1.07360
0	expected: 1	found: 0
Initial Loss: 0.00168
---------- Running Epoch 200 ----------
Layer 0:
	Neuron 0:
		0: 0.79141
		1: 1.17678
	Neuron 1:
		0: 1.05874
		1: 0.65534
Layer 1:
	Neuron 0:
		0: 1.13092
		1: 1.07460
0	expected: 1	found: 0
Initial Loss: 0.00167
---------- Running Epoch 201 ----------
Layer 0:
	Neuron 0:
		0: 0.79241
		1: 1.17778
	Neuron 1:
		0: 1.05974
		1: 0.65634
Layer 1:
	Neuron 0:
		0: 1.13192
		1: 1.07560
0	expected: 1	found: 0
Initial Loss: 0.00166
---------- Running Epoch 202 ----------
Layer 0:
	Neuron 0:
		0: 0.79341
		1: 1.17878
	Neuron 1:
		0: 1.06074
		1: 0.65734
Layer 1:
	Neuron 0:
		0: 1.13292
		1: 1.07660
0	expected: 1	found: 0
Initial Loss: 0.00166
---------- Running Epoch 203 ----------
Layer 0:
	Neuron 0:
		0: 0.79441
		1: 1.17978
	Neuron 1:
		0: 1.06174
		1: 0.65834
Layer 1:
	Neuron 0:
		0: 1.13392
		1: 1.07760
0	expected: 1	found: 0
Initial Loss: 0.00165
---------- Running Epoch 204 ----------
Layer 0:
	Neuron 0:
		0: 0.79541
		1: 1.18078
	Neuron 1:
		0: 1.06274
		1: 0.65934
Layer 1:
	Neuron 0:
		0: 1.13492
		1: 1.07860
0	expected: 1	found: 0
Initial Loss: 0.00164
---------- Running Epoch 205 ----------
Layer 0:
	Neuron 0:
		0: 0.79641
		1: 1.18178
	Neuron 1:
		0: 1.06374
		1: 0.66034
Layer 1:
	Neuron 0:
		0: 1.13592
		1: 1.07960
0	expected: 1	found: 0
Initial Loss: 0.00164
---------- Running Epoch 206 ----------
Layer 0:
	Neuron 0:
		0: 0.79741
		1: 1.18278
	Neuron 1:
		0: 1.06474
		1: 0.66134
Layer 1:
	Neuron 0:
		0: 1.13692
		1: 1.08060
0	expected: 1	found: 0
Initial Loss: 0.00163
---------- Running Epoch 207 ----------
Layer 0:
	Neuron 0:
		0: 0.79841
		1: 1.18378
	Neuron 1:
		0: 1.06574
		1: 0.66234
Layer 1:
	Neuron 0:
		0: 1.13792
		1: 1.08160
0	expected: 1	found: 0
Initial Loss: 0.00162
---------- Running Epoch 208 ----------
Layer 0:
	Neuron 0:
		0: 0.79941
		1: 1.18478
	Neuron 1:
		0: 1.06674
		1: 0.66334
Layer 1:
	Neuron 0:
		0: 1.13892
		1: 1.08260
0	expected: 1	found: 0
Initial Loss: 0.00162
---------- Running Epoch 209 ----------
Layer 0:
	Neuron 0:
		0: 0.80041
		1: 1.18578
	Neuron 1:
		0: 1.06774
		1: 0.66434
Layer 1:
	Neuron 0:
		0: 1.13992
		1: 1.08360
0	expected: 1	found: 0
Initial Loss: 0.00161
---------- Running Epoch 210 ----------
Layer 0:
	Neuron 0:
		0: 0.80141
		1: 1.18678
	Neuron 1:
		0: 1.06874
		1: 0.66534
Layer 1:
	Neuron 0:
		0: 1.14092
		1: 1.08460
0	expected: 1	found: 0
Initial Loss: 0.00160
---------- Running Epoch 211 ----------
Layer 0:
	Neuron 0:
		0: 0.80241
		1: 1.18778
	Neuron 1:
		0: 1.06974
		1: 0.66634
Layer 1:
	Neuron 0:
		0: 1.14192
		1: 1.08560
0	expected: 1	found: 0
Initial Loss: 0.00160
---------- Running Epoch 212 ----------
Layer 0:
	Neuron 0:
		0: 0.80341
		1: 1.18878
	Neuron 1:
		0: 1.07074
		1: 0.66734
Layer 1:
	Neuron 0:
		0: 1.14292
		1: 1.08660
0	expected: 1	found: 0
Initial Loss: 0.00159
---------- Running Epoch 213 ----------
Layer 0:
	Neuron 0:
		0: 0.80441
		1: 1.18978
	Neuron 1:
		0: 1.07174
		1: 0.66834
Layer 1:
	Neuron 0:
		0: 1.14392
		1: 1.08760
0	expected: 1	found: 0
Initial Loss: 0.00159
---------- Running Epoch 214 ----------
Layer 0:
	Neuron 0:
		0: 0.80541
		1: 1.19078
	Neuron 1:
		0: 1.07274
		1: 0.66934
Layer 1:
	Neuron 0:
		0: 1.14492
		1: 1.08860
0	expected: 1	found: 0
Initial Loss: 0.00158
---------- Running Epoch 215 ----------
Layer 0:
	Neuron 0:
		0: 0.80641
		1: 1.19178
	Neuron 1:
		0: 1.07374
		1: 0.67034
Layer 1:
	Neuron 0:
		0: 1.14592
		1: 1.08960
0	expected: 1	found: 0
Initial Loss: 0.00157
---------- Running Epoch 216 ----------
Layer 0:
	Neuron 0:
		0: 0.80741
		1: 1.19278
	Neuron 1:
		0: 1.07474
		1: 0.67134
Layer 1:
	Neuron 0:
		0: 1.14692
		1: 1.09060
0	expected: 1	found: 0
Initial Loss: 0.00157
---------- Running Epoch 217 ----------
Layer 0:
	Neuron 0:
		0: 0.80841
		1: 1.19378
	Neuron 1:
		0: 1.07574
		1: 0.67234
Layer 1:
	Neuron 0:
		0: 1.14792
		1: 1.09160
0	expected: 1	found: 0
Initial Loss: 0.00156
---------- Running Epoch 218 ----------
Layer 0:
	Neuron 0:
		0: 0.80941
		1: 1.19478
	Neuron 1:
		0: 1.07674
		1: 0.67334
Layer 1:
	Neuron 0:
		0: 1.14892
		1: 1.09260
0	expected: 1	found: 0
Initial Loss: 0.00155
---------- Running Epoch 219 ----------
Layer 0:
	Neuron 0:
		0: 0.81041
		1: 1.19578
	Neuron 1:
		0: 1.07774
		1: 0.67434
Layer 1:
	Neuron 0:
		0: 1.14992
		1: 1.09360
0	expected: 1	found: 0
Initial Loss: 0.00155
---------- Running Epoch 220 ----------
Layer 0:
	Neuron 0:
		0: 0.81141
		1: 1.19678
	Neuron 1:
		0: 1.07874
		1: 0.67534
Layer 1:
	Neuron 0:
		0: 1.15092
		1: 1.09460
0	expected: 1	found: 0
Initial Loss: 0.00154
---------- Running Epoch 221 ----------
Layer 0:
	Neuron 0:
		0: 0.81241
		1: 1.19778
	Neuron 1:
		0: 1.07974
		1: 0.67634
Layer 1:
	Neuron 0:
		0: 1.15192
		1: 1.09560
0	expected: 1	found: 0
Initial Loss: 0.00153
---------- Running Epoch 222 ----------
Layer 0:
	Neuron 0:
		0: 0.81341
		1: 1.19878
	Neuron 1:
		0: 1.08074
		1: 0.67734
Layer 1:
	Neuron 0:
		0: 1.15292
		1: 1.09660
0	expected: 1	found: 0
Initial Loss: 0.00153
---------- Running Epoch 223 ----------
Layer 0:
	Neuron 0:
		0: 0.81441
		1: 1.19978
	Neuron 1:
		0: 1.08174
		1: 0.67834
Layer 1:
	Neuron 0:
		0: 1.15392
		1: 1.09760
0	expected: 1	found: 0
Initial Loss: 0.00152
---------- Running Epoch 224 ----------
Layer 0:
	Neuron 0:
		0: 0.81541
		1: 1.20078
	Neuron 1:
		0: 1.08274
		1: 0.67934
Layer 1:
	Neuron 0:
		0: 1.15492
		1: 1.09860
0	expected: 1	found: 0
Initial Loss: 0.00152
---------- Running Epoch 225 ----------
Layer 0:
	Neuron 0:
		0: 0.81641
		1: 1.20178
	Neuron 1:
		0: 1.08374
		1: 0.68034
Layer 1:
	Neuron 0:
		0: 1.15592
		1: 1.09960
0	expected: 1	found: 0
Initial Loss: 0.00151
---------- Running Epoch 226 ----------
Layer 0:
	Neuron 0:
		0: 0.81741
		1: 1.20278
	Neuron 1:
		0: 1.08474
		1: 0.68134
Layer 1:
	Neuron 0:
		0: 1.15692
		1: 1.10060
0	expected: 1	found: 0
Initial Loss: 0.00150
---------- Running Epoch 227 ----------
Layer 0:
	Neuron 0:
		0: 0.81841
		1: 1.20378
	Neuron 1:
		0: 1.08574
		1: 0.68234
Layer 1:
	Neuron 0:
		0: 1.15792
		1: 1.10160
0	expected: 1	found: 0
Initial Loss: 0.00150
---------- Running Epoch 228 ----------
Layer 0:
	Neuron 0:
		0: 0.81941
		1: 1.20478
	Neuron 1:
		0: 1.08674
		1: 0.68334
Layer 1:
	Neuron 0:
		0: 1.15892
		1: 1.10260
0	expected: 1	found: 0
Initial Loss: 0.00149
---------- Running Epoch 229 ----------
Layer 0:
	Neuron 0:
		0: 0.82041
		1: 1.20578
	Neuron 1:
		0: 1.08774
		1: 0.68434
Layer 1:
	Neuron 0:
		0: 1.15992
		1: 1.10360
0	expected: 1	found: 0
Initial Loss: 0.00149
---------- Running Epoch 230 ----------
Layer 0:
	Neuron 0:
		0: 0.82141
		1: 1.20678
	Neuron 1:
		0: 1.08874
		1: 0.68534
Layer 1:
	Neuron 0:
		0: 1.16092
		1: 1.10460
0	expected: 1	found: 0
Initial Loss: 0.00148
---------- Running Epoch 231 ----------
Layer 0:
	Neuron 0:
		0: 0.82241
		1: 1.20778
	Neuron 1:
		0: 1.08974
		1: 0.68634
Layer 1:
	Neuron 0:
		0: 1.16192
		1: 1.10560
0	expected: 1	found: 0
Initial Loss: 0.00147
---------- Running Epoch 232 ----------
Layer 0:
	Neuron 0:
		0: 0.82341
		1: 1.20878
	Neuron 1:
		0: 1.09074
		1: 0.68734
Layer 1:
	Neuron 0:
		0: 1.16292
		1: 1.10660
0	expected: 1	found: 0
Initial Loss: 0.00147
---------- Running Epoch 233 ----------
Layer 0:
	Neuron 0:
		0: 0.82441
		1: 1.20978
	Neuron 1:
		0: 1.09174
		1: 0.68834
Layer 1:
	Neuron 0:
		0: 1.16392
		1: 1.10760
0	expected: 1	found: 0
Initial Loss: 0.00146
---------- Running Epoch 234 ----------
Layer 0:
	Neuron 0:
		0: 0.82541
		1: 1.21078
	Neuron 1:
		0: 1.09274
		1: 0.68934
Layer 1:
	Neuron 0:
		0: 1.16492
		1: 1.10860
0	expected: 1	found: 0
Initial Loss: 0.00146
---------- Running Epoch 235 ----------
Layer 0:
	Neuron 0:
		0: 0.82641
		1: 1.21178
	Neuron 1:
		0: 1.09374
		1: 0.69034
Layer 1:
	Neuron 0:
		0: 1.16592
		1: 1.10960
0	expected: 1	found: 0
Initial Loss: 0.00145
---------- Running Epoch 236 ----------
Layer 0:
	Neuron 0:
		0: 0.82741
		1: 1.21278
	Neuron 1:
		0: 1.09474
		1: 0.69134
Layer 1:
	Neuron 0:
		0: 1.16692
		1: 1.11060
0	expected: 1	found: 0
Initial Loss: 0.00144
---------- Running Epoch 237 ----------
Layer 0:
	Neuron 0:
		0: 0.82841
		1: 1.21378
	Neuron 1:
		0: 1.09574
		1: 0.69234
Layer 1:
	Neuron 0:
		0: 1.16792
		1: 1.11160
0	expected: 1	found: 0
Initial Loss: 0.00144
---------- Running Epoch 238 ----------
Layer 0:
	Neuron 0:
		0: 0.82941
		1: 1.21478
	Neuron 1:
		0: 1.09674
		1: 0.69334
Layer 1:
	Neuron 0:
		0: 1.16892
		1: 1.11260
0	expected: 1	found: 0
Initial Loss: 0.00143
---------- Running Epoch 239 ----------
Layer 0:
	Neuron 0:
		0: 0.83041
		1: 1.21578
	Neuron 1:
		0: 1.09774
		1: 0.69434
Layer 1:
	Neuron 0:
		0: 1.16992
		1: 1.11360
0	expected: 1	found: 0
Initial Loss: 0.00143
---------- Running Epoch 240 ----------
Layer 0:
	Neuron 0:
		0: 0.83141
		1: 1.21678
	Neuron 1:
		0: 1.09874
		1: 0.69534
Layer 1:
	Neuron 0:
		0: 1.17092
		1: 1.11460
0	expected: 1	found: 0
Initial Loss: 0.00142
---------- Running Epoch 241 ----------
Layer 0:
	Neuron 0:
		0: 0.83241
		1: 1.21778
	Neuron 1:
		0: 1.09974
		1: 0.69634
Layer 1:
	Neuron 0:
		0: 1.17192
		1: 1.11560
0	expected: 1	found: 0
Initial Loss: 0.00142
---------- Running Epoch 242 ----------
Layer 0:
	Neuron 0:
		0: 0.83341
		1: 1.21878
	Neuron 1:
		0: 1.10074
		1: 0.69734
Layer 1:
	Neuron 0:
		0: 1.17292
		1: 1.11660
0	expected: 1	found: 0
Initial Loss: 0.00141
---------- Running Epoch 243 ----------
Layer 0:
	Neuron 0:
		0: 0.83441
		1: 1.21978
	Neuron 1:
		0: 1.10174
		1: 0.69834
Layer 1:
	Neuron 0:
		0: 1.17392
		1: 1.11760
0	expected: 1	found: 0
Initial Loss: 0.00140
---------- Running Epoch 244 ----------
Layer 0:
	Neuron 0:
		0: 0.83541
		1: 1.22078
	Neuron 1:
		0: 1.10274
		1: 0.69934
Layer 1:
	Neuron 0:
		0: 1.17492
		1: 1.11860
0	expected: 1	found: 0
Initial Loss: 0.00140
---------- Running Epoch 245 ----------
Layer 0:
	Neuron 0:
		0: 0.83641
		1: 1.22178
	Neuron 1:
		0: 1.10374
		1: 0.70034
Layer 1:
	Neuron 0:
		0: 1.17592
		1: 1.11960
0	expected: 1	found: 0
Initial Loss: 0.00139
---------- Running Epoch 246 ----------
Layer 0:
	Neuron 0:
		0: 0.83741
		1: 1.22278
	Neuron 1:
		0: 1.10474
		1: 0.70134
Layer 1:
	Neuron 0:
		0: 1.17692
		1: 1.12060
0	expected: 1	found: 0
Initial Loss: 0.00139
---------- Running Epoch 247 ----------
Layer 0:
	Neuron 0:
		0: 0.83841
		1: 1.22378
	Neuron 1:
		0: 1.10574
		1: 0.70234
Layer 1:
	Neuron 0:
		0: 1.17792
		1: 1.12160
0	expected: 1	found: 0
Initial Loss: 0.00138
---------- Running Epoch 248 ----------
Layer 0:
	Neuron 0:
		0: 0.83941
		1: 1.22478
	Neuron 1:
		0: 1.10674
		1: 0.70334
Layer 1:
	Neuron 0:
		0: 1.17892
		1: 1.12260
0	expected: 1	found: 0
Initial Loss: 0.00138
---------- Running Epoch 249 ----------
Layer 0:
	Neuron 0:
		0: 0.84041
		1: 1.22578
	Neuron 1:
		0: 1.10774
		1: 0.70434
Layer 1:
	Neuron 0:
		0: 1.17992
		1: 1.12360
0	expected: 1	found: 0
Initial Loss: 0.00137
---------- Running Epoch 250 ----------
Layer 0:
	Neuron 0:
		0: 0.84141
		1: 1.22678
	Neuron 1:
		0: 1.10874
		1: 0.70534
Layer 1:
	Neuron 0:
		0: 1.18092
		1: 1.12460
0	expected: 1	found: 0
Initial Loss: 0.00137
---------- Running Epoch 251 ----------
Layer 0:
	Neuron 0:
		0: 0.84241
		1: 1.22778
	Neuron 1:
		0: 1.10974
		1: 0.70634
Layer 1:
	Neuron 0:
		0: 1.18192
		1: 1.12560
0	expected: 1	found: 0
Initial Loss: 0.00136
---------- Running Epoch 252 ----------
Layer 0:
	Neuron 0:
		0: 0.84341
		1: 1.22878
	Neuron 1:
		0: 1.11074
		1: 0.70734
Layer 1:
	Neuron 0:
		0: 1.18292
		1: 1.12660
0	expected: 1	found: 0
Initial Loss: 0.00135
---------- Running Epoch 253 ----------
Layer 0:
	Neuron 0:
		0: 0.84441
		1: 1.22978
	Neuron 1:
		0: 1.11174
		1: 0.70834
Layer 1:
	Neuron 0:
		0: 1.18392
		1: 1.12760
0	expected: 1	found: 0
Initial Loss: 0.00135
---------- Running Epoch 254 ----------
Layer 0:
	Neuron 0:
		0: 0.84541
		1: 1.23078
	Neuron 1:
		0: 1.11274
		1: 0.70934
Layer 1:
	Neuron 0:
		0: 1.18492
		1: 1.12860
0	expected: 1	found: 0
Initial Loss: 0.00134
---------- Running Epoch 255 ----------
Layer 0:
	Neuron 0:
		0: 0.84641
		1: 1.23178
	Neuron 1:
		0: 1.11374
		1: 0.71034
Layer 1:
	Neuron 0:
		0: 1.18592
		1: 1.12960
0	expected: 1	found: 0
Initial Loss: 0.00134
---------- Running Epoch 256 ----------
Layer 0:
	Neuron 0:
		0: 0.84741
		1: 1.23278
	Neuron 1:
		0: 1.11474
		1: 0.71134
Layer 1:
	Neuron 0:
		0: 1.18692
		1: 1.13060
0	expected: 1	found: 0
Initial Loss: 0.00133
---------- Running Epoch 257 ----------
Layer 0:
	Neuron 0:
		0: 0.84841
		1: 1.23378
	Neuron 1:
		0: 1.11574
		1: 0.71234
Layer 1:
	Neuron 0:
		0: 1.18792
		1: 1.13160
0	expected: 1	found: 0
Initial Loss: 0.00133
---------- Running Epoch 258 ----------
Layer 0:
	Neuron 0:
		0: 0.84941
		1: 1.23478
	Neuron 1:
		0: 1.11674
		1: 0.71334
Layer 1:
	Neuron 0:
		0: 1.18892
		1: 1.13260
0	expected: 1	found: 0
Initial Loss: 0.00132
---------- Running Epoch 259 ----------
Layer 0:
	Neuron 0:
		0: 0.85041
		1: 1.23578
	Neuron 1:
		0: 1.11774
		1: 0.71434
Layer 1:
	Neuron 0:
		0: 1.18992
		1: 1.13360
0	expected: 1	found: 0
Initial Loss: 0.00132
---------- Running Epoch 260 ----------
Layer 0:
	Neuron 0:
		0: 0.85141
		1: 1.23678
	Neuron 1:
		0: 1.11874
		1: 0.71534
Layer 1:
	Neuron 0:
		0: 1.19092
		1: 1.13460
0	expected: 1	found: 0
Initial Loss: 0.00131
---------- Running Epoch 261 ----------
Layer 0:
	Neuron 0:
		0: 0.85241
		1: 1.23778
	Neuron 1:
		0: 1.11974
		1: 0.71634
Layer 1:
	Neuron 0:
		0: 1.19192
		1: 1.13560
0	expected: 1	found: 0
Initial Loss: 0.00131
---------- Running Epoch 262 ----------
Layer 0:
	Neuron 0:
		0: 0.85341
		1: 1.23878
	Neuron 1:
		0: 1.12074
		1: 0.71734
Layer 1:
	Neuron 0:
		0: 1.19292
		1: 1.13660
0	expected: 1	found: 0
Initial Loss: 0.00130
---------- Running Epoch 263 ----------
Layer 0:
	Neuron 0:
		0: 0.85441
		1: 1.23978
	Neuron 1:
		0: 1.12174
		1: 0.71834
Layer 1:
	Neuron 0:
		0: 1.19392
		1: 1.13760
0	expected: 1	found: 0
Initial Loss: 0.00130
---------- Running Epoch 264 ----------
Layer 0:
	Neuron 0:
		0: 0.85541
		1: 1.24078
	Neuron 1:
		0: 1.12274
		1: 0.71934
Layer 1:
	Neuron 0:
		0: 1.19492
		1: 1.13860
0	expected: 1	found: 0
Initial Loss: 0.00129
---------- Running Epoch 265 ----------
Layer 0:
	Neuron 0:
		0: 0.85641
		1: 1.24178
	Neuron 1:
		0: 1.12374
		1: 0.72034
Layer 1:
	Neuron 0:
		0: 1.19592
		1: 1.13960
0	expected: 1	found: 0
Initial Loss: 0.00129
---------- Running Epoch 266 ----------
Layer 0:
	Neuron 0:
		0: 0.85741
		1: 1.24278
	Neuron 1:
		0: 1.12474
		1: 0.72134
Layer 1:
	Neuron 0:
		0: 1.19692
		1: 1.14060
0	expected: 1	found: 0
Initial Loss: 0.00128
---------- Running Epoch 267 ----------
Layer 0:
	Neuron 0:
		0: 0.85841
		1: 1.24378
	Neuron 1:
		0: 1.12574
		1: 0.72234
Layer 1:
	Neuron 0:
		0: 1.19792
		1: 1.14160
0	expected: 1	found: 0
Initial Loss: 0.00127
---------- Running Epoch 268 ----------
Layer 0:
	Neuron 0:
		0: 0.85941
		1: 1.24478
	Neuron 1:
		0: 1.12674
		1: 0.72334
Layer 1:
	Neuron 0:
		0: 1.19892
		1: 1.14260
0	expected: 1	found: 0
Initial Loss: 0.00127
---------- Running Epoch 269 ----------
Layer 0:
	Neuron 0:
		0: 0.86041
		1: 1.24578
	Neuron 1:
		0: 1.12774
		1: 0.72434
Layer 1:
	Neuron 0:
		0: 1.19992
		1: 1.14360
0	expected: 1	found: 0
Initial Loss: 0.00126
---------- Running Epoch 270 ----------
Layer 0:
	Neuron 0:
		0: 0.86141
		1: 1.24678
	Neuron 1:
		0: 1.12874
		1: 0.72534
Layer 1:
	Neuron 0:
		0: 1.20092
		1: 1.14460
0	expected: 1	found: 0
Initial Loss: 0.00126
---------- Running Epoch 271 ----------
Layer 0:
	Neuron 0:
		0: 0.86241
		1: 1.24778
	Neuron 1:
		0: 1.12974
		1: 0.72634
Layer 1:
	Neuron 0:
		0: 1.20192
		1: 1.14560
0	expected: 1	found: 0
Initial Loss: 0.00125
---------- Running Epoch 272 ----------
Layer 0:
	Neuron 0:
		0: 0.86341
		1: 1.24878
	Neuron 1:
		0: 1.13074
		1: 0.72734
Layer 1:
	Neuron 0:
		0: 1.20292
		1: 1.14660
0	expected: 1	found: 0
Initial Loss: 0.00125
---------- Running Epoch 273 ----------
Layer 0:
	Neuron 0:
		0: 0.86441
		1: 1.24978
	Neuron 1:
		0: 1.13174
		1: 0.72834
Layer 1:
	Neuron 0:
		0: 1.20392
		1: 1.14760
0	expected: 1	found: 0
Initial Loss: 0.00124
---------- Running Epoch 274 ----------
Layer 0:
	Neuron 0:
		0: 0.86541
		1: 1.25078
	Neuron 1:
		0: 1.13274
		1: 0.72934
Layer 1:
	Neuron 0:
		0: 1.20492
		1: 1.14860
0	expected: 1	found: 0
Initial Loss: 0.00124
---------- Running Epoch 275 ----------
Layer 0:
	Neuron 0:
		0: 0.86641
		1: 1.25178
	Neuron 1:
		0: 1.13374
		1: 0.73034
Layer 1:
	Neuron 0:
		0: 1.20592
		1: 1.14960
0	expected: 1	found: 0
Initial Loss: 0.00123
---------- Running Epoch 276 ----------
Layer 0:
	Neuron 0:
		0: 0.86741
		1: 1.25278
	Neuron 1:
		0: 1.13474
		1: 0.73134
Layer 1:
	Neuron 0:
		0: 1.20692
		1: 1.15060
0	expected: 1	found: 0
Initial Loss: 0.00123
---------- Running Epoch 277 ----------
Layer 0:
	Neuron 0:
		0: 0.86841
		1: 1.25378
	Neuron 1:
		0: 1.13574
		1: 0.73234
Layer 1:
	Neuron 0:
		0: 1.20792
		1: 1.15160
0	expected: 1	found: 0
Initial Loss: 0.00122
---------- Running Epoch 278 ----------
Layer 0:
	Neuron 0:
		0: 0.86941
		1: 1.25478
	Neuron 1:
		0: 1.13674
		1: 0.73334
Layer 1:
	Neuron 0:
		0: 1.20892
		1: 1.15260
0	expected: 1	found: 0
Initial Loss: 0.00122
---------- Running Epoch 279 ----------
Layer 0:
	Neuron 0:
		0: 0.87041
		1: 1.25578
	Neuron 1:
		0: 1.13774
		1: 0.73434
Layer 1:
	Neuron 0:
		0: 1.20992
		1: 1.15360
0	expected: 1	found: 0
Initial Loss: 0.00121
---------- Running Epoch 280 ----------
Layer 0:
	Neuron 0:
		0: 0.87141
		1: 1.25678
	Neuron 1:
		0: 1.13874
		1: 0.73534
Layer 1:
	Neuron 0:
		0: 1.21092
		1: 1.15460
0	expected: 1	found: 0
Initial Loss: 0.00121
---------- Running Epoch 281 ----------
Layer 0:
	Neuron 0:
		0: 0.87241
		1: 1.25778
	Neuron 1:
		0: 1.13974
		1: 0.73634
Layer 1:
	Neuron 0:
		0: 1.21192
		1: 1.15560
0	expected: 1	found: 0
Initial Loss: 0.00120
---------- Running Epoch 282 ----------
Layer 0:
	Neuron 0:
		0: 0.87341
		1: 1.25878
	Neuron 1:
		0: 1.14074
		1: 0.73734
Layer 1:
	Neuron 0:
		0: 1.21292
		1: 1.15660
0	expected: 1	found: 0
Initial Loss: 0.00120
---------- Running Epoch 283 ----------
Layer 0:
	Neuron 0:
		0: 0.87441
		1: 1.25978
	Neuron 1:
		0: 1.14174
		1: 0.73834
Layer 1:
	Neuron 0:
		0: 1.21392
		1: 1.15760
0	expected: 1	found: 0
Initial Loss: 0.00120
---------- Running Epoch 284 ----------
Layer 0:
	Neuron 0:
		0: 0.87541
		1: 1.26078
	Neuron 1:
		0: 1.14274
		1: 0.73934
Layer 1:
	Neuron 0:
		0: 1.21492
		1: 1.15860
0	expected: 1	found: 0
Initial Loss: 0.00119
---------- Running Epoch 285 ----------
Layer 0:
	Neuron 0:
		0: 0.87641
		1: 1.26178
	Neuron 1:
		0: 1.14374
		1: 0.74034
Layer 1:
	Neuron 0:
		0: 1.21592
		1: 1.15960
0	expected: 1	found: 0
Initial Loss: 0.00119
---------- Running Epoch 286 ----------
Layer 0:
	Neuron 0:
		0: 0.87741
		1: 1.26278
	Neuron 1:
		0: 1.14474
		1: 0.74134
Layer 1:
	Neuron 0:
		0: 1.21692
		1: 1.16060
0	expected: 1	found: 0
Initial Loss: 0.00118
---------- Running Epoch 287 ----------
Layer 0:
	Neuron 0:
		0: 0.87841
		1: 1.26378
	Neuron 1:
		0: 1.14574
		1: 0.74234
Layer 1:
	Neuron 0:
		0: 1.21792
		1: 1.16160
0	expected: 1	found: 0
Initial Loss: 0.00118
---------- Running Epoch 288 ----------
Layer 0:
	Neuron 0:
		0: 0.87941
		1: 1.26478
	Neuron 1:
		0: 1.14674
		1: 0.74334
Layer 1:
	Neuron 0:
		0: 1.21892
		1: 1.16260
0	expected: 1	found: 0
Initial Loss: 0.00117
---------- Running Epoch 289 ----------
Layer 0:
	Neuron 0:
		0: 0.88041
		1: 1.26578
	Neuron 1:
		0: 1.14774
		1: 0.74434
Layer 1:
	Neuron 0:
		0: 1.21992
		1: 1.16360
0	expected: 1	found: 0
Initial Loss: 0.00117
---------- Running Epoch 290 ----------
Layer 0:
	Neuron 0:
		0: 0.88141
		1: 1.26678
	Neuron 1:
		0: 1.14874
		1: 0.74534
Layer 1:
	Neuron 0:
		0: 1.22092
		1: 1.16460
0	expected: 1	found: 0
Initial Loss: 0.00116
---------- Running Epoch 291 ----------
Layer 0:
	Neuron 0:
		0: 0.88241
		1: 1.26778
	Neuron 1:
		0: 1.14974
		1: 0.74634
Layer 1:
	Neuron 0:
		0: 1.22192
		1: 1.16560
0	expected: 1	found: 0
Initial Loss: 0.00116
---------- Running Epoch 292 ----------
Layer 0:
	Neuron 0:
		0: 0.88341
		1: 1.26878
	Neuron 1:
		0: 1.15074
		1: 0.74734
Layer 1:
	Neuron 0:
		0: 1.22292
		1: 1.16660
0	expected: 1	found: 0
Initial Loss: 0.00115
---------- Running Epoch 293 ----------
Layer 0:
	Neuron 0:
		0: 0.88441
		1: 1.26978
	Neuron 1:
		0: 1.15174
		1: 0.74834
Layer 1:
	Neuron 0:
		0: 1.22392
		1: 1.16760
0	expected: 1	found: 0
Initial Loss: 0.00115
---------- Running Epoch 294 ----------
Layer 0:
	Neuron 0:
		0: 0.88541
		1: 1.27078
	Neuron 1:
		0: 1.15274
		1: 0.74934
Layer 1:
	Neuron 0:
		0: 1.22492
		1: 1.16860
0	expected: 1	found: 0
Initial Loss: 0.00114
---------- Running Epoch 295 ----------
Layer 0:
	Neuron 0:
		0: 0.88641
		1: 1.27178
	Neuron 1:
		0: 1.15374
		1: 0.75034
Layer 1:
	Neuron 0:
		0: 1.22592
		1: 1.16960
0	expected: 1	found: 0
Initial Loss: 0.00114
---------- Running Epoch 296 ----------
Layer 0:
	Neuron 0:
		0: 0.88741
		1: 1.27278
	Neuron 1:
		0: 1.15474
		1: 0.75134
Layer 1:
	Neuron 0:
		0: 1.22692
		1: 1.17060
0	expected: 1	found: 0
Initial Loss: 0.00113
---------- Running Epoch 297 ----------
Layer 0:
	Neuron 0:
		0: 0.88841
		1: 1.27378
	Neuron 1:
		0: 1.15574
		1: 0.75234
Layer 1:
	Neuron 0:
		0: 1.22792
		1: 1.17160
0	expected: 1	found: 0
Initial Loss: 0.00113
---------- Running Epoch 298 ----------
Layer 0:
	Neuron 0:
		0: 0.88941
		1: 1.27478
	Neuron 1:
		0: 1.15674
		1: 0.75334
Layer 1:
	Neuron 0:
		0: 1.22892
		1: 1.17260
0	expected: 1	found: 0
Initial Loss: 0.00113
---------- Running Epoch 299 ----------
Layer 0:
	Neuron 0:
		0: 0.89041
		1: 1.27578
	Neuron 1:
		0: 1.15774
		1: 0.75434
Layer 1:
	Neuron 0:
		0: 1.22992
		1: 1.17360
0	expected: 1	found: 0
Initial Loss: 0.00112
---------- Running Epoch 300 ----------
Layer 0:
	Neuron 0:
		0: 0.89141
		1: 1.27678
	Neuron 1:
		0: 1.15874
		1: 0.75534
Layer 1:
	Neuron 0:
		0: 1.23092
		1: 1.17460
0	expected: 1	found: 0
Initial Loss: 0.00112
---------- Running Epoch 301 ----------
Layer 0:
	Neuron 0:
		0: 0.89241
		1: 1.27778
	Neuron 1:
		0: 1.15974
		1: 0.75634
Layer 1:
	Neuron 0:
		0: 1.23192
		1: 1.17560
0	expected: 1	found: 0
Initial Loss: 0.00111
---------- Running Epoch 302 ----------
Layer 0:
	Neuron 0:
		0: 0.89341
		1: 1.27878
	Neuron 1:
		0: 1.16074
		1: 0.75734
Layer 1:
	Neuron 0:
		0: 1.23292
		1: 1.17660
0	expected: 1	found: 0
Initial Loss: 0.00111
---------- Running Epoch 303 ----------
Layer 0:
	Neuron 0:
		0: 0.89441
		1: 1.27978
	Neuron 1:
		0: 1.16174
		1: 0.75834
Layer 1:
	Neuron 0:
		0: 1.23392
		1: 1.17760
0	expected: 1	found: 0
Initial Loss: 0.00110
---------- Running Epoch 304 ----------
Layer 0:
	Neuron 0:
		0: 0.89541
		1: 1.28078
	Neuron 1:
		0: 1.16274
		1: 0.75934
Layer 1:
	Neuron 0:
		0: 1.23492
		1: 1.17860
0	expected: 1	found: 0
Initial Loss: 0.00110
---------- Running Epoch 305 ----------
Layer 0:
	Neuron 0:
		0: 0.89641
		1: 1.28178
	Neuron 1:
		0: 1.16374
		1: 0.76034
Layer 1:
	Neuron 0:
		0: 1.23592
		1: 1.17960
0	expected: 1	found: 0
Initial Loss: 0.00109
---------- Running Epoch 306 ----------
Layer 0:
	Neuron 0:
		0: 0.89741
		1: 1.28278
	Neuron 1:
		0: 1.16474
		1: 0.76134
Layer 1:
	Neuron 0:
		0: 1.23692
		1: 1.18060
0	expected: 1	found: 0
Initial Loss: 0.00109
---------- Running Epoch 307 ----------
Layer 0:
	Neuron 0:
		0: 0.89841
		1: 1.28378
	Neuron 1:
		0: 1.16574
		1: 0.76234
Layer 1:
	Neuron 0:
		0: 1.23792
		1: 1.18160
0	expected: 1	found: 0
Initial Loss: 0.00109
---------- Running Epoch 308 ----------
Layer 0:
	Neuron 0:
		0: 0.89941
		1: 1.28478
	Neuron 1:
		0: 1.16674
		1: 0.76334
Layer 1:
	Neuron 0:
		0: 1.23892
		1: 1.18260
0	expected: 1	found: 0
Initial Loss: 0.00108
---------- Running Epoch 309 ----------
Layer 0:
	Neuron 0:
		0: 0.90041
		1: 1.28578
	Neuron 1:
		0: 1.16774
		1: 0.76434
Layer 1:
	Neuron 0:
		0: 1.23992
		1: 1.18360
0	expected: 1	found: 0
Initial Loss: 0.00108
---------- Running Epoch 310 ----------
Layer 0:
	Neuron 0:
		0: 0.90141
		1: 1.28678
	Neuron 1:
		0: 1.16874
		1: 0.76534
Layer 1:
	Neuron 0:
		0: 1.24092
		1: 1.18460
0	expected: 1	found: 0
Initial Loss: 0.00107
---------- Running Epoch 311 ----------
Layer 0:
	Neuron 0:
		0: 0.90241
		1: 1.28778
	Neuron 1:
		0: 1.16974
		1: 0.76634
Layer 1:
	Neuron 0:
		0: 1.24192
		1: 1.18560
0	expected: 1	found: 0
Initial Loss: 0.00107
---------- Running Epoch 312 ----------
Layer 0:
	Neuron 0:
		0: 0.90341
		1: 1.28878
	Neuron 1:
		0: 1.17074
		1: 0.76734
Layer 1:
	Neuron 0:
		0: 1.24292
		1: 1.18660
0	expected: 1	found: 0
Initial Loss: 0.00106
---------- Running Epoch 313 ----------
Layer 0:
	Neuron 0:
		0: 0.90441
		1: 1.28978
	Neuron 1:
		0: 1.17174
		1: 0.76834
Layer 1:
	Neuron 0:
		0: 1.24392
		1: 1.18760
0	expected: 1	found: 0
Initial Loss: 0.00106
---------- Running Epoch 314 ----------
Layer 0:
	Neuron 0:
		0: 0.90541
		1: 1.29078
	Neuron 1:
		0: 1.17274
		1: 0.76934
Layer 1:
	Neuron 0:
		0: 1.24492
		1: 1.18860
0	expected: 1	found: 0
Initial Loss: 0.00105
---------- Running Epoch 315 ----------
Layer 0:
	Neuron 0:
		0: 0.90641
		1: 1.29178
	Neuron 1:
		0: 1.17374
		1: 0.77034
Layer 1:
	Neuron 0:
		0: 1.24592
		1: 1.18960
0	expected: 1	found: 0
Initial Loss: 0.00105
---------- Running Epoch 316 ----------
Layer 0:
	Neuron 0:
		0: 0.90741
		1: 1.29278
	Neuron 1:
		0: 1.17474
		1: 0.77134
Layer 1:
	Neuron 0:
		0: 1.24692
		1: 1.19060
0	expected: 1	found: 0
Initial Loss: 0.00105
---------- Running Epoch 317 ----------
Layer 0:
	Neuron 0:
		0: 0.90841
		1: 1.29378
	Neuron 1:
		0: 1.17574
		1: 0.77234
Layer 1:
	Neuron 0:
		0: 1.24792
		1: 1.19160
0	expected: 1	found: 0
Initial Loss: 0.00104
---------- Running Epoch 318 ----------
Layer 0:
	Neuron 0:
		0: 0.90941
		1: 1.29478
	Neuron 1:
		0: 1.17674
		1: 0.77334
Layer 1:
	Neuron 0:
		0: 1.24892
		1: 1.19260
0	expected: 1	found: 0
Initial Loss: 0.00104
---------- Running Epoch 319 ----------
Layer 0:
	Neuron 0:
		0: 0.91041
		1: 1.29578
	Neuron 1:
		0: 1.17774
		1: 0.77434
Layer 1:
	Neuron 0:
		0: 1.24992
		1: 1.19360
0	expected: 1	found: 0
Initial Loss: 0.00103
---------- Running Epoch 320 ----------
Layer 0:
	Neuron 0:
		0: 0.91141
		1: 1.29678
	Neuron 1:
		0: 1.17874
		1: 0.77534
Layer 1:
	Neuron 0:
		0: 1.25092
		1: 1.19460
0	expected: 1	found: 0
Initial Loss: 0.00103
---------- Running Epoch 321 ----------
Layer 0:
	Neuron 0:
		0: 0.91241
		1: 1.29778
	Neuron 1:
		0: 1.17974
		1: 0.77634
Layer 1:
	Neuron 0:
		0: 1.25192
		1: 1.19560
0	expected: 1	found: 0
Initial Loss: 0.00103
---------- Running Epoch 322 ----------
Layer 0:
	Neuron 0:
		0: 0.91341
		1: 1.29878
	Neuron 1:
		0: 1.18074
		1: 0.77734
Layer 1:
	Neuron 0:
		0: 1.25292
		1: 1.19660
0	expected: 1	found: 0
Initial Loss: 0.00102
---------- Running Epoch 323 ----------
Layer 0:
	Neuron 0:
		0: 0.91441
		1: 1.29978
	Neuron 1:
		0: 1.18174
		1: 0.77834
Layer 1:
	Neuron 0:
		0: 1.25392
		1: 1.19760
0	expected: 1	found: 0
Initial Loss: 0.00102
---------- Running Epoch 324 ----------
Layer 0:
	Neuron 0:
		0: 0.91541
		1: 1.30078
	Neuron 1:
		0: 1.18274
		1: 0.77934
Layer 1:
	Neuron 0:
		0: 1.25492
		1: 1.19860
0	expected: 1	found: 0
Initial Loss: 0.00101
---------- Running Epoch 325 ----------
Layer 0:
	Neuron 0:
		0: 0.91641
		1: 1.30178
	Neuron 1:
		0: 1.18374
		1: 0.78034
Layer 1:
	Neuron 0:
		0: 1.25592
		1: 1.19960
0	expected: 1	found: 0
Initial Loss: 0.00101
---------- Running Epoch 326 ----------
Layer 0:
	Neuron 0:
		0: 0.91741
		1: 1.30278
	Neuron 1:
		0: 1.18474
		1: 0.78134
Layer 1:
	Neuron 0:
		0: 1.25692
		1: 1.20060
0	expected: 1	found: 0
Initial Loss: 0.00101
---------- Running Epoch 327 ----------
Layer 0:
	Neuron 0:
		0: 0.91841
		1: 1.30378
	Neuron 1:
		0: 1.18574
		1: 0.78234
Layer 1:
	Neuron 0:
		0: 1.25792
		1: 1.20160
0	expected: 1	found: 0
Initial Loss: 0.00100
---------- Running Epoch 328 ----------
Layer 0:
	Neuron 0:
		0: 0.91941
		1: 1.30478
	Neuron 1:
		0: 1.18674
		1: 0.78334
Layer 1:
	Neuron 0:
		0: 1.25892
		1: 1.20260
0	expected: 1	found: 0
Initial Loss: 0.00100
---------- Running Epoch 329 ----------
Layer 0:
	Neuron 0:
		0: 0.92041
		1: 1.30578
	Neuron 1:
		0: 1.18774
		1: 0.78434
Layer 1:
	Neuron 0:
		0: 1.25992
		1: 1.20360
0	expected: 1	found: 0
Initial Loss: 0.00099
---------- Running Epoch 330 ----------
Layer 0:
	Neuron 0:
		0: 0.92141
		1: 1.30678
	Neuron 1:
		0: 1.18874
		1: 0.78534
Layer 1:
	Neuron 0:
		0: 1.26092
		1: 1.20460
0	expected: 1	found: 0
Initial Loss: 0.00099
---------- Running Epoch 331 ----------
Layer 0:
	Neuron 0:
		0: 0.92241
		1: 1.30778
	Neuron 1:
		0: 1.18974
		1: 0.78634
Layer 1:
	Neuron 0:
		0: 1.26192
		1: 1.20560
0	expected: 1	found: 0
Initial Loss: 0.00098
---------- Running Epoch 332 ----------
Layer 0:
	Neuron 0:
		0: 0.92341
		1: 1.30878
	Neuron 1:
		0: 1.19074
		1: 0.78734
Layer 1:
	Neuron 0:
		0: 1.26292
		1: 1.20660
0	expected: 1	found: 0
Initial Loss: 0.00098
---------- Running Epoch 333 ----------
Layer 0:
	Neuron 0:
		0: 0.92441
		1: 1.30978
	Neuron 1:
		0: 1.19174
		1: 0.78834
Layer 1:
	Neuron 0:
		0: 1.26392
		1: 1.20760
0	expected: 1	found: 0
Initial Loss: 0.00098
---------- Running Epoch 334 ----------
Layer 0:
	Neuron 0:
		0: 0.92541
		1: 1.31078
	Neuron 1:
		0: 1.19274
		1: 0.78934
Layer 1:
	Neuron 0:
		0: 1.26492
		1: 1.20860
0	expected: 1	found: 0
Initial Loss: 0.00097
---------- Running Epoch 335 ----------
Layer 0:
	Neuron 0:
		0: 0.92641
		1: 1.31178
	Neuron 1:
		0: 1.19374
		1: 0.79034
Layer 1:
	Neuron 0:
		0: 1.26592
		1: 1.20960
0	expected: 1	found: 0
Initial Loss: 0.00097
---------- Running Epoch 336 ----------
Layer 0:
	Neuron 0:
		0: 0.92741
		1: 1.31278
	Neuron 1:
		0: 1.19474
		1: 0.79134
Layer 1:
	Neuron 0:
		0: 1.26692
		1: 1.21060
0	expected: 1	found: 0
Initial Loss: 0.00097
---------- Running Epoch 337 ----------
Layer 0:
	Neuron 0:
		0: 0.92841
		1: 1.31378
	Neuron 1:
		0: 1.19574
		1: 0.79234
Layer 1:
	Neuron 0:
		0: 1.26792
		1: 1.21160
0	expected: 1	found: 0
Initial Loss: 0.00096
---------- Running Epoch 338 ----------
Layer 0:
	Neuron 0:
		0: 0.92941
		1: 1.31478
	Neuron 1:
		0: 1.19674
		1: 0.79334
Layer 1:
	Neuron 0:
		0: 1.26892
		1: 1.21260
0	expected: 1	found: 0
Initial Loss: 0.00096
---------- Running Epoch 339 ----------
Layer 0:
	Neuron 0:
		0: 0.93041
		1: 1.31578
	Neuron 1:
		0: 1.19774
		1: 0.79434
Layer 1:
	Neuron 0:
		0: 1.26992
		1: 1.21360
0	expected: 1	found: 0
Initial Loss: 0.00095
---------- Running Epoch 340 ----------
Layer 0:
	Neuron 0:
		0: 0.93141
		1: 1.31678
	Neuron 1:
		0: 1.19874
		1: 0.79534
Layer 1:
	Neuron 0:
		0: 1.27092
		1: 1.21460
0	expected: 1	found: 0
Initial Loss: 0.00095
---------- Running Epoch 341 ----------
Layer 0:
	Neuron 0:
		0: 0.93241
		1: 1.31778
	Neuron 1:
		0: 1.19974
		1: 0.79634
Layer 1:
	Neuron 0:
		0: 1.27192
		1: 1.21560
0	expected: 1	found: 0
Initial Loss: 0.00095
---------- Running Epoch 342 ----------
Layer 0:
	Neuron 0:
		0: 0.93341
		1: 1.31878
	Neuron 1:
		0: 1.20074
		1: 0.79734
Layer 1:
	Neuron 0:
		0: 1.27292
		1: 1.21660
0	expected: 1	found: 0
Initial Loss: 0.00094
---------- Running Epoch 343 ----------
Layer 0:
	Neuron 0:
		0: 0.93441
		1: 1.31978
	Neuron 1:
		0: 1.20174
		1: 0.79834
Layer 1:
	Neuron 0:
		0: 1.27392
		1: 1.21760
0	expected: 1	found: 0
Initial Loss: 0.00094
---------- Running Epoch 344 ----------
Layer 0:
	Neuron 0:
		0: 0.93541
		1: 1.32078
	Neuron 1:
		0: 1.20274
		1: 0.79934
Layer 1:
	Neuron 0:
		0: 1.27492
		1: 1.21860
0	expected: 1	found: 0
Initial Loss: 0.00093
---------- Running Epoch 345 ----------
Layer 0:
	Neuron 0:
		0: 0.93641
		1: 1.32178
	Neuron 1:
		0: 1.20374
		1: 0.80034
Layer 1:
	Neuron 0:
		0: 1.27592
		1: 1.21960
0	expected: 1	found: 0
Initial Loss: 0.00093
---------- Running Epoch 346 ----------
Layer 0:
	Neuron 0:
		0: 0.93741
		1: 1.32278
	Neuron 1:
		0: 1.20474
		1: 0.80134
Layer 1:
	Neuron 0:
		0: 1.27692
		1: 1.22060
0	expected: 1	found: 0
Initial Loss: 0.00093
---------- Running Epoch 347 ----------
Layer 0:
	Neuron 0:
		0: 0.93841
		1: 1.32378
	Neuron 1:
		0: 1.20574
		1: 0.80234
Layer 1:
	Neuron 0:
		0: 1.27792
		1: 1.22160
0	expected: 1	found: 0
Initial Loss: 0.00092
---------- Running Epoch 348 ----------
Layer 0:
	Neuron 0:
		0: 0.93941
		1: 1.32478
	Neuron 1:
		0: 1.20674
		1: 0.80334
Layer 1:
	Neuron 0:
		0: 1.27892
		1: 1.22260
0	expected: 1	found: 0
Initial Loss: 0.00092
---------- Running Epoch 349 ----------
Layer 0:
	Neuron 0:
		0: 0.94041
		1: 1.32578
	Neuron 1:
		0: 1.20774
		1: 0.80434
Layer 1:
	Neuron 0:
		0: 1.27992
		1: 1.22360
0	expected: 1	found: 0
Initial Loss: 0.00092
---------- Running Epoch 350 ----------
Layer 0:
	Neuron 0:
		0: 0.94141
		1: 1.32678
	Neuron 1:
		0: 1.20874
		1: 0.80534
Layer 1:
	Neuron 0:
		0: 1.28092
		1: 1.22460
0	expected: 1	found: 0
Initial Loss: 0.00091
---------- Running Epoch 351 ----------
Layer 0:
	Neuron 0:
		0: 0.94241
		1: 1.32778
	Neuron 1:
		0: 1.20974
		1: 0.80634
Layer 1:
	Neuron 0:
		0: 1.28192
		1: 1.22560
0	expected: 1	found: 0
Initial Loss: 0.00091
---------- Running Epoch 352 ----------
Layer 0:
	Neuron 0:
		0: 0.94341
		1: 1.32878
	Neuron 1:
		0: 1.21074
		1: 0.80734
Layer 1:
	Neuron 0:
		0: 1.28292
		1: 1.22660
0	expected: 1	found: 0
Initial Loss: 0.00091
---------- Running Epoch 353 ----------
Layer 0:
	Neuron 0:
		0: 0.94441
		1: 1.32978
	Neuron 1:
		0: 1.21174
		1: 0.80834
Layer 1:
	Neuron 0:
		0: 1.28392
		1: 1.22760
0	expected: 1	found: 0
Initial Loss: 0.00090
---------- Running Epoch 354 ----------
Layer 0:
	Neuron 0:
		0: 0.94541
		1: 1.33078
	Neuron 1:
		0: 1.21274
		1: 0.80934
Layer 1:
	Neuron 0:
		0: 1.28492
		1: 1.22860
0	expected: 1	found: 0
Initial Loss: 0.00090
---------- Running Epoch 355 ----------
Layer 0:
	Neuron 0:
		0: 0.94641
		1: 1.33178
	Neuron 1:
		0: 1.21374
		1: 0.81034
Layer 1:
	Neuron 0:
		0: 1.28592
		1: 1.22960
0	expected: 1	found: 0
Initial Loss: 0.00089
---------- Running Epoch 356 ----------
Layer 0:
	Neuron 0:
		0: 0.94741
		1: 1.33278
	Neuron 1:
		0: 1.21474
		1: 0.81134
Layer 1:
	Neuron 0:
		0: 1.28692
		1: 1.23060
0	expected: 1	found: 0
Initial Loss: 0.00089
---------- Running Epoch 357 ----------
Layer 0:
	Neuron 0:
		0: 0.94841
		1: 1.33378
	Neuron 1:
		0: 1.21574
		1: 0.81234
Layer 1:
	Neuron 0:
		0: 1.28792
		1: 1.23160
0	expected: 1	found: 0
Initial Loss: 0.00089
---------- Running Epoch 358 ----------
Layer 0:
	Neuron 0:
		0: 0.94941
		1: 1.33478
	Neuron 1:
		0: 1.21674
		1: 0.81334
Layer 1:
	Neuron 0:
		0: 1.28892
		1: 1.23260
0	expected: 1	found: 0
Initial Loss: 0.00088
---------- Running Epoch 359 ----------
Layer 0:
	Neuron 0:
		0: 0.95041
		1: 1.33578
	Neuron 1:
		0: 1.21774
		1: 0.81434
Layer 1:
	Neuron 0:
		0: 1.28992
		1: 1.23360
0	expected: 1	found: 0
Initial Loss: 0.00088
---------- Running Epoch 360 ----------
Layer 0:
	Neuron 0:
		0: 0.95141
		1: 1.33678
	Neuron 1:
		0: 1.21874
		1: 0.81534
Layer 1:
	Neuron 0:
		0: 1.29092
		1: 1.23460
0	expected: 1	found: 0
Initial Loss: 0.00088
---------- Running Epoch 361 ----------
Layer 0:
	Neuron 0:
		0: 0.95241
		1: 1.33778
	Neuron 1:
		0: 1.21974
		1: 0.81634
Layer 1:
	Neuron 0:
		0: 1.29192
		1: 1.23560
0	expected: 1	found: 0
Initial Loss: 0.00087
---------- Running Epoch 362 ----------
Layer 0:
	Neuron 0:
		0: 0.95341
		1: 1.33878
	Neuron 1:
		0: 1.22074
		1: 0.81734
Layer 1:
	Neuron 0:
		0: 1.29292
		1: 1.23660
0	expected: 1	found: 0
Initial Loss: 0.00087
---------- Running Epoch 363 ----------
Layer 0:
	Neuron 0:
		0: 0.95441
		1: 1.33978
	Neuron 1:
		0: 1.22174
		1: 0.81834
Layer 1:
	Neuron 0:
		0: 1.29392
		1: 1.23760
0	expected: 1	found: 0
Initial Loss: 0.00087
---------- Running Epoch 364 ----------
Layer 0:
	Neuron 0:
		0: 0.95541
		1: 1.34078
	Neuron 1:
		0: 1.22274
		1: 0.81934
Layer 1:
	Neuron 0:
		0: 1.29492
		1: 1.23860
0	expected: 1	found: 0
Initial Loss: 0.00086
---------- Running Epoch 365 ----------
Layer 0:
	Neuron 0:
		0: 0.95641
		1: 1.34178
	Neuron 1:
		0: 1.22374
		1: 0.82034
Layer 1:
	Neuron 0:
		0: 1.29592
		1: 1.23960
0	expected: 1	found: 0
Initial Loss: 0.00086
---------- Running Epoch 366 ----------
Layer 0:
	Neuron 0:
		0: 0.95741
		1: 1.34278
	Neuron 1:
		0: 1.22474
		1: 0.82134
Layer 1:
	Neuron 0:
		0: 1.29692
		1: 1.24060
0	expected: 1	found: 0
Initial Loss: 0.00086
---------- Running Epoch 367 ----------
Layer 0:
	Neuron 0:
		0: 0.95841
		1: 1.34378
	Neuron 1:
		0: 1.22574
		1: 0.82234
Layer 1:
	Neuron 0:
		0: 1.29792
		1: 1.24160
0	expected: 1	found: 0
Initial Loss: 0.00085
---------- Running Epoch 368 ----------
Layer 0:
	Neuron 0:
		0: 0.95941
		1: 1.34478
	Neuron 1:
		0: 1.22674
		1: 0.82334
Layer 1:
	Neuron 0:
		0: 1.29892
		1: 1.24260
0	expected: 1	found: 0
Initial Loss: 0.00085
---------- Running Epoch 369 ----------
Layer 0:
	Neuron 0:
		0: 0.96041
		1: 1.34578
	Neuron 1:
		0: 1.22774
		1: 0.82434
Layer 1:
	Neuron 0:
		0: 1.29992
		1: 1.24360
0	expected: 1	found: 0
Initial Loss: 0.00085
---------- Running Epoch 370 ----------
Layer 0:
	Neuron 0:
		0: 0.96141
		1: 1.34678
	Neuron 1:
		0: 1.22874
		1: 0.82534
Layer 1:
	Neuron 0:
		0: 1.30092
		1: 1.24460
0	expected: 1	found: 0
Initial Loss: 0.00084
---------- Running Epoch 371 ----------
Layer 0:
	Neuron 0:
		0: 0.96241
		1: 1.34778
	Neuron 1:
		0: 1.22974
		1: 0.82634
Layer 1:
	Neuron 0:
		0: 1.30192
		1: 1.24560
0	expected: 1	found: 0
Initial Loss: 0.00084
---------- Running Epoch 372 ----------
Layer 0:
	Neuron 0:
		0: 0.96341
		1: 1.34878
	Neuron 1:
		0: 1.23074
		1: 0.82734
Layer 1:
	Neuron 0:
		0: 1.30292
		1: 1.24660
0	expected: 1	found: 0
Initial Loss: 0.00083
---------- Running Epoch 373 ----------
Layer 0:
	Neuron 0:
		0: 0.96441
		1: 1.34978
	Neuron 1:
		0: 1.23174
		1: 0.82834
Layer 1:
	Neuron 0:
		0: 1.30392
		1: 1.24760
0	expected: 1	found: 0
Initial Loss: 0.00083
---------- Running Epoch 374 ----------
Layer 0:
	Neuron 0:
		0: 0.96541
		1: 1.35078
	Neuron 1:
		0: 1.23274
		1: 0.82934
Layer 1:
	Neuron 0:
		0: 1.30492
		1: 1.24860
0	expected: 1	found: 0
Initial Loss: 0.00083
---------- Running Epoch 375 ----------
Layer 0:
	Neuron 0:
		0: 0.96641
		1: 1.35178
	Neuron 1:
		0: 1.23374
		1: 0.83034
Layer 1:
	Neuron 0:
		0: 1.30592
		1: 1.24960
0	expected: 1	found: 0
Initial Loss: 0.00082
---------- Running Epoch 376 ----------
Layer 0:
	Neuron 0:
		0: 0.96741
		1: 1.35278
	Neuron 1:
		0: 1.23474
		1: 0.83134
Layer 1:
	Neuron 0:
		0: 1.30692
		1: 1.25060
0	expected: 1	found: 0
Initial Loss: 0.00082
---------- Running Epoch 377 ----------
Layer 0:
	Neuron 0:
		0: 0.96841
		1: 1.35378
	Neuron 1:
		0: 1.23574
		1: 0.83234
Layer 1:
	Neuron 0:
		0: 1.30792
		1: 1.25160
0	expected: 1	found: 0
Initial Loss: 0.00082
---------- Running Epoch 378 ----------
Layer 0:
	Neuron 0:
		0: 0.96941
		1: 1.35478
	Neuron 1:
		0: 1.23674
		1: 0.83334
Layer 1:
	Neuron 0:
		0: 1.30892
		1: 1.25260
0	expected: 1	found: 0
Initial Loss: 0.00081
---------- Running Epoch 379 ----------
Layer 0:
	Neuron 0:
		0: 0.97041
		1: 1.35578
	Neuron 1:
		0: 1.23774
		1: 0.83434
Layer 1:
	Neuron 0:
		0: 1.30992
		1: 1.25360
0	expected: 1	found: 0
Initial Loss: 0.00081
---------- Running Epoch 380 ----------
Layer 0:
	Neuron 0:
		0: 0.97141
		1: 1.35678
	Neuron 1:
		0: 1.23874
		1: 0.83534
Layer 1:
	Neuron 0:
		0: 1.31092
		1: 1.25460
0	expected: 1	found: 0
Initial Loss: 0.00081
---------- Running Epoch 381 ----------
Layer 0:
	Neuron 0:
		0: 0.97241
		1: 1.35778
	Neuron 1:
		0: 1.23974
		1: 0.83634
Layer 1:
	Neuron 0:
		0: 1.31192
		1: 1.25560
0	expected: 1	found: 0
Initial Loss: 0.00081
---------- Running Epoch 382 ----------
Layer 0:
	Neuron 0:
		0: 0.97341
		1: 1.35878
	Neuron 1:
		0: 1.24074
		1: 0.83734
Layer 1:
	Neuron 0:
		0: 1.31292
		1: 1.25660
0	expected: 1	found: 0
Initial Loss: 0.00080
---------- Running Epoch 383 ----------
Layer 0:
	Neuron 0:
		0: 0.97441
		1: 1.35978
	Neuron 1:
		0: 1.24174
		1: 0.83834
Layer 1:
	Neuron 0:
		0: 1.31392
		1: 1.25760
0	expected: 1	found: 0
Initial Loss: 0.00080
---------- Running Epoch 384 ----------
Layer 0:
	Neuron 0:
		0: 0.97541
		1: 1.36078
	Neuron 1:
		0: 1.24274
		1: 0.83934
Layer 1:
	Neuron 0:
		0: 1.31492
		1: 1.25860
0	expected: 1	found: 0
Initial Loss: 0.00080
---------- Running Epoch 385 ----------
Layer 0:
	Neuron 0:
		0: 0.97641
		1: 1.36178
	Neuron 1:
		0: 1.24374
		1: 0.84034
Layer 1:
	Neuron 0:
		0: 1.31592
		1: 1.25960
0	expected: 1	found: 0
Initial Loss: 0.00079
---------- Running Epoch 386 ----------
Layer 0:
	Neuron 0:
		0: 0.97741
		1: 1.36278
	Neuron 1:
		0: 1.24474
		1: 0.84134
Layer 1:
	Neuron 0:
		0: 1.31692
		1: 1.26060
0	expected: 1	found: 0
Initial Loss: 0.00079
---------- Running Epoch 387 ----------
Layer 0:
	Neuron 0:
		0: 0.97841
		1: 1.36378
	Neuron 1:
		0: 1.24574
		1: 0.84234
Layer 1:
	Neuron 0:
		0: 1.31792
		1: 1.26160
0	expected: 1	found: 0
Initial Loss: 0.00079
---------- Running Epoch 388 ----------
Layer 0:
	Neuron 0:
		0: 0.97941
		1: 1.36478
	Neuron 1:
		0: 1.24674
		1: 0.84334
Layer 1:
	Neuron 0:
		0: 1.31892
		1: 1.26260
0	expected: 1	found: 0
Initial Loss: 0.00078
---------- Running Epoch 389 ----------
Layer 0:
	Neuron 0:
		0: 0.98041
		1: 1.36578
	Neuron 1:
		0: 1.24774
		1: 0.84434
Layer 1:
	Neuron 0:
		0: 1.31992
		1: 1.26360
0	expected: 1	found: 0
Initial Loss: 0.00078
---------- Running Epoch 390 ----------
Layer 0:
	Neuron 0:
		0: 0.98141
		1: 1.36678
	Neuron 1:
		0: 1.24874
		1: 0.84534
Layer 1:
	Neuron 0:
		0: 1.32092
		1: 1.26460
0	expected: 1	found: 0
Initial Loss: 0.00078
---------- Running Epoch 391 ----------
Layer 0:
	Neuron 0:
		0: 0.98241
		1: 1.36778
	Neuron 1:
		0: 1.24974
		1: 0.84634
Layer 1:
	Neuron 0:
		0: 1.32192
		1: 1.26560
0	expected: 1	found: 0
Initial Loss: 0.00077
---------- Running Epoch 392 ----------
Layer 0:
	Neuron 0:
		0: 0.98341
		1: 1.36878
	Neuron 1:
		0: 1.25074
		1: 0.84734
Layer 1:
	Neuron 0:
		0: 1.32292
		1: 1.26660
0	expected: 1	found: 0
Initial Loss: 0.00077
---------- Running Epoch 393 ----------
Layer 0:
	Neuron 0:
		0: 0.98441
		1: 1.36978
	Neuron 1:
		0: 1.25174
		1: 0.84834
Layer 1:
	Neuron 0:
		0: 1.32392
		1: 1.26760
0	expected: 1	found: 0
Initial Loss: 0.00077
---------- Running Epoch 394 ----------
Layer 0:
	Neuron 0:
		0: 0.98541
		1: 1.37078
	Neuron 1:
		0: 1.25274
		1: 0.84934
Layer 1:
	Neuron 0:
		0: 1.32492
		1: 1.26860
0	expected: 1	found: 0
Initial Loss: 0.00076
---------- Running Epoch 395 ----------
Layer 0:
	Neuron 0:
		0: 0.98641
		1: 1.37178
	Neuron 1:
		0: 1.25374
		1: 0.85034
Layer 1:
	Neuron 0:
		0: 1.32592
		1: 1.26960
0	expected: 1	found: 0
Initial Loss: 0.00076
---------- Running Epoch 396 ----------
Layer 0:
	Neuron 0:
		0: 0.98741
		1: 1.37278
	Neuron 1:
		0: 1.25474
		1: 0.85134
Layer 1:
	Neuron 0:
		0: 1.32692
		1: 1.27060
0	expected: 1	found: 0
Initial Loss: 0.00076
---------- Running Epoch 397 ----------
Layer 0:
	Neuron 0:
		0: 0.98841
		1: 1.37378
	Neuron 1:
		0: 1.25574
		1: 0.85234
Layer 1:
	Neuron 0:
		0: 1.32792
		1: 1.27160
0	expected: 1	found: 0
Initial Loss: 0.00075
---------- Running Epoch 398 ----------
Layer 0:
	Neuron 0:
		0: 0.98941
		1: 1.37478
	Neuron 1:
		0: 1.25674
		1: 0.85334
Layer 1:
	Neuron 0:
		0: 1.32892
		1: 1.27260
0	expected: 1	found: 0
Initial Loss: 0.00075
---------- Running Epoch 399 ----------
Layer 0:
	Neuron 0:
		0: 0.99041
		1: 1.37578
	Neuron 1:
		0: 1.25774
		1: 0.85434
Layer 1:
	Neuron 0:
		0: 1.32992
		1: 1.27360
0	expected: 1	found: 0
Initial Loss: 0.00075
---------- Running Epoch 400 ----------
Layer 0:
	Neuron 0:
		0: 0.99141
		1: 1.37678
	Neuron 1:
		0: 1.25874
		1: 0.85534
Layer 1:
	Neuron 0:
		0: 1.33092
		1: 1.27460
0	expected: 1	found: 0
Initial Loss: 0.00075
---------- Running Epoch 401 ----------
Layer 0:
	Neuron 0:
		0: 0.99241
		1: 1.37778
	Neuron 1:
		0: 1.25974
		1: 0.85634
Layer 1:
	Neuron 0:
		0: 1.33192
		1: 1.27560
0	expected: 1	found: 0
Initial Loss: 0.00074
---------- Running Epoch 402 ----------
Layer 0:
	Neuron 0:
		0: 0.99341
		1: 1.37878
	Neuron 1:
		0: 1.26074
		1: 0.85734
Layer 1:
	Neuron 0:
		0: 1.33292
		1: 1.27660
0	expected: 1	found: 0
Initial Loss: 0.00074
---------- Running Epoch 403 ----------
Layer 0:
	Neuron 0:
		0: 0.99441
		1: 1.37978
	Neuron 1:
		0: 1.26174
		1: 0.85834
Layer 1:
	Neuron 0:
		0: 1.33392
		1: 1.27760
0	expected: 1	found: 0
Initial Loss: 0.00074
---------- Running Epoch 404 ----------
Layer 0:
	Neuron 0:
		0: 0.99541
		1: 1.38078
	Neuron 1:
		0: 1.26274
		1: 0.85934
Layer 1:
	Neuron 0:
		0: 1.33492
		1: 1.27860
0	expected: 1	found: 0
Initial Loss: 0.00073
---------- Running Epoch 405 ----------
Layer 0:
	Neuron 0:
		0: 0.99641
		1: 1.38178
	Neuron 1:
		0: 1.26374
		1: 0.86034
Layer 1:
	Neuron 0:
		0: 1.33592
		1: 1.27960
0	expected: 1	found: 0
Initial Loss: 0.00073
---------- Running Epoch 406 ----------
Layer 0:
	Neuron 0:
		0: 0.99741
		1: 1.38278
	Neuron 1:
		0: 1.26474
		1: 0.86134
Layer 1:
	Neuron 0:
		0: 1.33692
		1: 1.28060
0	expected: 1	found: 0
Initial Loss: 0.00073
---------- Running Epoch 407 ----------
Layer 0:
	Neuron 0:
		0: 0.99841
		1: 1.38378
	Neuron 1:
		0: 1.26574
		1: 0.86234
Layer 1:
	Neuron 0:
		0: 1.33792
		1: 1.28160
0	expected: 1	found: 0
Initial Loss: 0.00073
---------- Running Epoch 408 ----------
Layer 0:
	Neuron 0:
		0: 0.99941
		1: 1.38478
	Neuron 1:
		0: 1.26674
		1: 0.86334
Layer 1:
	Neuron 0:
		0: 1.33892
		1: 1.28260
0	expected: 1	found: 0
Initial Loss: 0.00072
---------- Running Epoch 409 ----------
Layer 0:
	Neuron 0:
		0: 1.00041
		1: 1.38578
	Neuron 1:
		0: 1.26774
		1: 0.86434
Layer 1:
	Neuron 0:
		0: 1.33992
		1: 1.28360
0	expected: 1	found: 0
Initial Loss: 0.00072
---------- Running Epoch 410 ----------
Layer 0:
	Neuron 0:
		0: 1.00141
		1: 1.38678
	Neuron 1:
		0: 1.26874
		1: 0.86534
Layer 1:
	Neuron 0:
		0: 1.34092
		1: 1.28460
0	expected: 1	found: 0
Initial Loss: 0.00072
---------- Running Epoch 411 ----------
Layer 0:
	Neuron 0:
		0: 1.00241
		1: 1.38778
	Neuron 1:
		0: 1.26974
		1: 0.86634
Layer 1:
	Neuron 0:
		0: 1.34192
		1: 1.28560
0	expected: 1	found: 0
Initial Loss: 0.00071
---------- Running Epoch 412 ----------
Layer 0:
	Neuron 0:
		0: 1.00341
		1: 1.38878
	Neuron 1:
		0: 1.27074
		1: 0.86734
Layer 1:
	Neuron 0:
		0: 1.34292
		1: 1.28660
0	expected: 1	found: 0
Initial Loss: 0.00071
---------- Running Epoch 413 ----------
Layer 0:
	Neuron 0:
		0: 1.00441
		1: 1.38978
	Neuron 1:
		0: 1.27174
		1: 0.86834
Layer 1:
	Neuron 0:
		0: 1.34392
		1: 1.28760
0	expected: 1	found: 0
Initial Loss: 0.00071
---------- Running Epoch 414 ----------
Layer 0:
	Neuron 0:
		0: 1.00541
		1: 1.39078
	Neuron 1:
		0: 1.27274
		1: 0.86934
Layer 1:
	Neuron 0:
		0: 1.34492
		1: 1.28860
0	expected: 1	found: 0
Initial Loss: 0.00070
---------- Running Epoch 415 ----------
Layer 0:
	Neuron 0:
		0: 1.00641
		1: 1.39178
	Neuron 1:
		0: 1.27374
		1: 0.87034
Layer 1:
	Neuron 0:
		0: 1.34592
		1: 1.28960
0	expected: 1	found: 0
Initial Loss: 0.00070
---------- Running Epoch 416 ----------
Layer 0:
	Neuron 0:
		0: 1.00741
		1: 1.39278
	Neuron 1:
		0: 1.27474
		1: 0.87134
Layer 1:
	Neuron 0:
		0: 1.34692
		1: 1.29060
0	expected: 1	found: 0
Initial Loss: 0.00070
---------- Running Epoch 417 ----------
Layer 0:
	Neuron 0:
		0: 1.00841
		1: 1.39378
	Neuron 1:
		0: 1.27574
		1: 0.87234
Layer 1:
	Neuron 0:
		0: 1.34792
		1: 1.29160
0	expected: 1	found: 0
Initial Loss: 0.00070
---------- Running Epoch 418 ----------
Layer 0:
	Neuron 0:
		0: 1.00941
		1: 1.39478
	Neuron 1:
		0: 1.27674
		1: 0.87334
Layer 1:
	Neuron 0:
		0: 1.34892
		1: 1.29260
0	expected: 1	found: 0
Initial Loss: 0.00069
---------- Running Epoch 419 ----------
Layer 0:
	Neuron 0:
		0: 1.01041
		1: 1.39578
	Neuron 1:
		0: 1.27774
		1: 0.87434
Layer 1:
	Neuron 0:
		0: 1.34992
		1: 1.29360
0	expected: 1	found: 0
Initial Loss: 0.00069
---------- Running Epoch 420 ----------
Layer 0:
	Neuron 0:
		0: 1.01141
		1: 1.39678
	Neuron 1:
		0: 1.27874
		1: 0.87534
Layer 1:
	Neuron 0:
		0: 1.35092
		1: 1.29460
0	expected: 1	found: 0
Initial Loss: 0.00069
---------- Running Epoch 421 ----------
Layer 0:
	Neuron 0:
		0: 1.01241
		1: 1.39778
	Neuron 1:
		0: 1.27974
		1: 0.87634
Layer 1:
	Neuron 0:
		0: 1.35192
		1: 1.29560
0	expected: 1	found: 0
Initial Loss: 0.00069
---------- Running Epoch 422 ----------
Layer 0:
	Neuron 0:
		0: 1.01341
		1: 1.39878
	Neuron 1:
		0: 1.28074
		1: 0.87734
Layer 1:
	Neuron 0:
		0: 1.35292
		1: 1.29660
0	expected: 1	found: 0
Initial Loss: 0.00068
---------- Running Epoch 423 ----------
Layer 0:
	Neuron 0:
		0: 1.01441
		1: 1.39978
	Neuron 1:
		0: 1.28174
		1: 0.87834
Layer 1:
	Neuron 0:
		0: 1.35392
		1: 1.29760
0	expected: 1	found: 0
Initial Loss: 0.00068
---------- Running Epoch 424 ----------
Layer 0:
	Neuron 0:
		0: 1.01541
		1: 1.40078
	Neuron 1:
		0: 1.28274
		1: 0.87934
Layer 1:
	Neuron 0:
		0: 1.35492
		1: 1.29860
0	expected: 1	found: 0
Initial Loss: 0.00068
---------- Running Epoch 425 ----------
Layer 0:
	Neuron 0:
		0: 1.01641
		1: 1.40178
	Neuron 1:
		0: 1.28374
		1: 0.88034
Layer 1:
	Neuron 0:
		0: 1.35592
		1: 1.29960
0	expected: 1	found: 0
Initial Loss: 0.00067
---------- Running Epoch 426 ----------
Layer 0:
	Neuron 0:
		0: 1.01741
		1: 1.40278
	Neuron 1:
		0: 1.28474
		1: 0.88134
Layer 1:
	Neuron 0:
		0: 1.35692
		1: 1.30060
0	expected: 1	found: 0
Initial Loss: 0.00067
---------- Running Epoch 427 ----------
Layer 0:
	Neuron 0:
		0: 1.01841
		1: 1.40378
	Neuron 1:
		0: 1.28574
		1: 0.88234
Layer 1:
	Neuron 0:
		0: 1.35792
		1: 1.30160
0	expected: 1	found: 0
Initial Loss: 0.00067
---------- Running Epoch 428 ----------
Layer 0:
	Neuron 0:
		0: 1.01941
		1: 1.40478
	Neuron 1:
		0: 1.28674
		1: 0.88334
Layer 1:
	Neuron 0:
		0: 1.35892
		1: 1.30260
0	expected: 1	found: 0
Initial Loss: 0.00067
---------- Running Epoch 429 ----------
Layer 0:
	Neuron 0:
		0: 1.02041
		1: 1.40578
	Neuron 1:
		0: 1.28774
		1: 0.88434
Layer 1:
	Neuron 0:
		0: 1.35992
		1: 1.30360
0	expected: 1	found: 0
Initial Loss: 0.00066
---------- Running Epoch 430 ----------
Layer 0:
	Neuron 0:
		0: 1.02141
		1: 1.40678
	Neuron 1:
		0: 1.28874
		1: 0.88534
Layer 1:
	Neuron 0:
		0: 1.36092
		1: 1.30460
0	expected: 1	found: 0
Initial Loss: 0.00066
---------- Running Epoch 431 ----------
Layer 0:
	Neuron 0:
		0: 1.02241
		1: 1.40778
	Neuron 1:
		0: 1.28974
		1: 0.88634
Layer 1:
	Neuron 0:
		0: 1.36192
		1: 1.30560
0	expected: 1	found: 0
Initial Loss: 0.00066
---------- Running Epoch 432 ----------
Layer 0:
	Neuron 0:
		0: 1.02341
		1: 1.40878
	Neuron 1:
		0: 1.29074
		1: 0.88734
Layer 1:
	Neuron 0:
		0: 1.36292
		1: 1.30660
0	expected: 1	found: 0
Initial Loss: 0.00066
---------- Running Epoch 433 ----------
Layer 0:
	Neuron 0:
		0: 1.02441
		1: 1.40978
	Neuron 1:
		0: 1.29174
		1: 0.88834
Layer 1:
	Neuron 0:
		0: 1.36392
		1: 1.30760
0	expected: 1	found: 0
Initial Loss: 0.00065
---------- Running Epoch 434 ----------
Layer 0:
	Neuron 0:
		0: 1.02541
		1: 1.41078
	Neuron 1:
		0: 1.29274
		1: 0.88934
Layer 1:
	Neuron 0:
		0: 1.36492
		1: 1.30860
0	expected: 1	found: 0
Initial Loss: 0.00065
---------- Running Epoch 435 ----------
Layer 0:
	Neuron 0:
		0: 1.02641
		1: 1.41178
	Neuron 1:
		0: 1.29374
		1: 0.89034
Layer 1:
	Neuron 0:
		0: 1.36592
		1: 1.30960
0	expected: 1	found: 0
Initial Loss: 0.00065
---------- Running Epoch 436 ----------
Layer 0:
	Neuron 0:
		0: 1.02741
		1: 1.41278
	Neuron 1:
		0: 1.29474
		1: 0.89134
Layer 1:
	Neuron 0:
		0: 1.36692
		1: 1.31060
0	expected: 1	found: 0
Initial Loss: 0.00065
---------- Running Epoch 437 ----------
Layer 0:
	Neuron 0:
		0: 1.02841
		1: 1.41378
	Neuron 1:
		0: 1.29574
		1: 0.89234
Layer 1:
	Neuron 0:
		0: 1.36792
		1: 1.31160
0	expected: 1	found: 0
Initial Loss: 0.00064
---------- Running Epoch 438 ----------
Layer 0:
	Neuron 0:
		0: 1.02941
		1: 1.41478
	Neuron 1:
		0: 1.29674
		1: 0.89334
Layer 1:
	Neuron 0:
		0: 1.36892
		1: 1.31260
0	expected: 1	found: 0
Initial Loss: 0.00064
---------- Running Epoch 439 ----------
Layer 0:
	Neuron 0:
		0: 1.03041
		1: 1.41578
	Neuron 1:
		0: 1.29774
		1: 0.89434
Layer 1:
	Neuron 0:
		0: 1.36992
		1: 1.31360
0	expected: 1	found: 0
Initial Loss: 0.00064
---------- Running Epoch 440 ----------
Layer 0:
	Neuron 0:
		0: 1.03141
		1: 1.41678
	Neuron 1:
		0: 1.29874
		1: 0.89534
Layer 1:
	Neuron 0:
		0: 1.37092
		1: 1.31460
0	expected: 1	found: 0
Initial Loss: 0.00063
---------- Running Epoch 441 ----------
Layer 0:
	Neuron 0:
		0: 1.03241
		1: 1.41778
	Neuron 1:
		0: 1.29974
		1: 0.89634
Layer 1:
	Neuron 0:
		0: 1.37192
		1: 1.31560
0	expected: 1	found: 0
Initial Loss: 0.00063
---------- Running Epoch 442 ----------
Layer 0:
	Neuron 0:
		0: 1.03341
		1: 1.41878
	Neuron 1:
		0: 1.30074
		1: 0.89734
Layer 1:
	Neuron 0:
		0: 1.37292
		1: 1.31660
0	expected: 1	found: 0
Initial Loss: 0.00063
---------- Running Epoch 443 ----------
Layer 0:
	Neuron 0:
		0: 1.03441
		1: 1.41978
	Neuron 1:
		0: 1.30174
		1: 0.89834
Layer 1:
	Neuron 0:
		0: 1.37392
		1: 1.31760
0	expected: 1	found: 0
Initial Loss: 0.00063
---------- Running Epoch 444 ----------
Layer 0:
	Neuron 0:
		0: 1.03541
		1: 1.42078
	Neuron 1:
		0: 1.30274
		1: 0.89934
Layer 1:
	Neuron 0:
		0: 1.37492
		1: 1.31860
0	expected: 1	found: 0
Initial Loss: 0.00062
---------- Running Epoch 445 ----------
Layer 0:
	Neuron 0:
		0: 1.03641
		1: 1.42178
	Neuron 1:
		0: 1.30374
		1: 0.90034
Layer 1:
	Neuron 0:
		0: 1.37592
		1: 1.31960
0	expected: 1	found: 0
Initial Loss: 0.00062
---------- Running Epoch 446 ----------
Layer 0:
	Neuron 0:
		0: 1.03741
		1: 1.42278
	Neuron 1:
		0: 1.30474
		1: 0.90134
Layer 1:
	Neuron 0:
		0: 1.37692
		1: 1.32060
0	expected: 1	found: 0
Initial Loss: 0.00062
---------- Running Epoch 447 ----------
Layer 0:
	Neuron 0:
		0: 1.03841
		1: 1.42378
	Neuron 1:
		0: 1.30574
		1: 0.90234
Layer 1:
	Neuron 0:
		0: 1.37792
		1: 1.32160
0	expected: 1	found: 0
Initial Loss: 0.00062
---------- Running Epoch 448 ----------
Layer 0:
	Neuron 0:
		0: 1.03941
		1: 1.42478
	Neuron 1:
		0: 1.30674
		1: 0.90334
Layer 1:
	Neuron 0:
		0: 1.37892
		1: 1.32260
0	expected: 1	found: 0
Initial Loss: 0.00061
---------- Running Epoch 449 ----------
Layer 0:
	Neuron 0:
		0: 1.04041
		1: 1.42578
	Neuron 1:
		0: 1.30774
		1: 0.90434
Layer 1:
	Neuron 0:
		0: 1.37992
		1: 1.32360
0	expected: 1	found: 0
Initial Loss: 0.00061
---------- Running Epoch 450 ----------
Layer 0:
	Neuron 0:
		0: 1.04141
		1: 1.42678
	Neuron 1:
		0: 1.30874
		1: 0.90534
Layer 1:
	Neuron 0:
		0: 1.38092
		1: 1.32460
0	expected: 1	found: 0
Initial Loss: 0.00061
---------- Running Epoch 451 ----------
Layer 0:
	Neuron 0:
		0: 1.04241
		1: 1.42778
	Neuron 1:
		0: 1.30974
		1: 0.90634
Layer 1:
	Neuron 0:
		0: 1.38192
		1: 1.32560
0	expected: 1	found: 0
Initial Loss: 0.00061
---------- Running Epoch 452 ----------
Layer 0:
	Neuron 0:
		0: 1.04341
		1: 1.42878
	Neuron 1:
		0: 1.31074
		1: 0.90734
Layer 1:
	Neuron 0:
		0: 1.38292
		1: 1.32660
0	expected: 1	found: 0
Initial Loss: 0.00060
---------- Running Epoch 453 ----------
Layer 0:
	Neuron 0:
		0: 1.04441
		1: 1.42978
	Neuron 1:
		0: 1.31174
		1: 0.90834
Layer 1:
	Neuron 0:
		0: 1.38392
		1: 1.32760
0	expected: 1	found: 0
Initial Loss: 0.00060
---------- Running Epoch 454 ----------
Layer 0:
	Neuron 0:
		0: 1.04541
		1: 1.43078
	Neuron 1:
		0: 1.31274
		1: 0.90934
Layer 1:
	Neuron 0:
		0: 1.38492
		1: 1.32860
0	expected: 1	found: 0
Initial Loss: 0.00060
---------- Running Epoch 455 ----------
Layer 0:
	Neuron 0:
		0: 1.04641
		1: 1.43178
	Neuron 1:
		0: 1.31374
		1: 0.91034
Layer 1:
	Neuron 0:
		0: 1.38592
		1: 1.32960
0	expected: 1	found: 0
Initial Loss: 0.00060
---------- Running Epoch 456 ----------
Layer 0:
	Neuron 0:
		0: 1.04741
		1: 1.43278
	Neuron 1:
		0: 1.31474
		1: 0.91134
Layer 1:
	Neuron 0:
		0: 1.38692
		1: 1.33060
0	expected: 1	found: 0
Initial Loss: 0.00060
---------- Running Epoch 457 ----------
Layer 0:
	Neuron 0:
		0: 1.04841
		1: 1.43378
	Neuron 1:
		0: 1.31574
		1: 0.91234
Layer 1:
	Neuron 0:
		0: 1.38792
		1: 1.33160
0	expected: 1	found: 0
Initial Loss: 0.00059
---------- Running Epoch 458 ----------
Layer 0:
	Neuron 0:
		0: 1.04941
		1: 1.43478
	Neuron 1:
		0: 1.31674
		1: 0.91334
Layer 1:
	Neuron 0:
		0: 1.38892
		1: 1.33260
0	expected: 1	found: 0
Initial Loss: 0.00059
---------- Running Epoch 459 ----------
Layer 0:
	Neuron 0:
		0: 1.05041
		1: 1.43578
	Neuron 1:
		0: 1.31774
		1: 0.91434
Layer 1:
	Neuron 0:
		0: 1.38992
		1: 1.33360
0	expected: 1	found: 0
Initial Loss: 0.00059
---------- Running Epoch 460 ----------
Layer 0:
	Neuron 0:
		0: 1.05141
		1: 1.43678
	Neuron 1:
		0: 1.31874
		1: 0.91534
Layer 1:
	Neuron 0:
		0: 1.39092
		1: 1.33460
0	expected: 1	found: 0
Initial Loss: 0.00059
---------- Running Epoch 461 ----------
Layer 0:
	Neuron 0:
		0: 1.05241
		1: 1.43778
	Neuron 1:
		0: 1.31974
		1: 0.91634
Layer 1:
	Neuron 0:
		0: 1.39192
		1: 1.33560
0	expected: 1	found: 0
Initial Loss: 0.00058
---------- Running Epoch 462 ----------
Layer 0:
	Neuron 0:
		0: 1.05341
		1: 1.43878
	Neuron 1:
		0: 1.32074
		1: 0.91734
Layer 1:
	Neuron 0:
		0: 1.39292
		1: 1.33660
0	expected: 1	found: 0
Initial Loss: 0.00058
---------- Running Epoch 463 ----------
Layer 0:
	Neuron 0:
		0: 1.05441
		1: 1.43978
	Neuron 1:
		0: 1.32174
		1: 0.91834
Layer 1:
	Neuron 0:
		0: 1.39392
		1: 1.33760
0	expected: 1	found: 0
Initial Loss: 0.00058
---------- Running Epoch 464 ----------
Layer 0:
	Neuron 0:
		0: 1.05541
		1: 1.44078
	Neuron 1:
		0: 1.32274
		1: 0.91934
Layer 1:
	Neuron 0:
		0: 1.39492
		1: 1.33860
0	expected: 1	found: 0
Initial Loss: 0.00058
---------- Running Epoch 465 ----------
Layer 0:
	Neuron 0:
		0: 1.05641
		1: 1.44178
	Neuron 1:
		0: 1.32374
		1: 0.92034
Layer 1:
	Neuron 0:
		0: 1.39592
		1: 1.33960
0	expected: 1	found: 0
Initial Loss: 0.00057
---------- Running Epoch 466 ----------
Layer 0:
	Neuron 0:
		0: 1.05741
		1: 1.44278
	Neuron 1:
		0: 1.32474
		1: 0.92134
Layer 1:
	Neuron 0:
		0: 1.39692
		1: 1.34060
0	expected: 1	found: 0
Initial Loss: 0.00057
---------- Running Epoch 467 ----------
Layer 0:
	Neuron 0:
		0: 1.05841
		1: 1.44378
	Neuron 1:
		0: 1.32574
		1: 0.92234
Layer 1:
	Neuron 0:
		0: 1.39792
		1: 1.34160
0	expected: 1	found: 0
Initial Loss: 0.00057
---------- Running Epoch 468 ----------
Layer 0:
	Neuron 0:
		0: 1.05941
		1: 1.44478
	Neuron 1:
		0: 1.32674
		1: 0.92334
Layer 1:
	Neuron 0:
		0: 1.39892
		1: 1.34260
0	expected: 1	found: 0
Initial Loss: 0.00057
---------- Running Epoch 469 ----------
Layer 0:
	Neuron 0:
		0: 1.06041
		1: 1.44578
	Neuron 1:
		0: 1.32774
		1: 0.92434
Layer 1:
	Neuron 0:
		0: 1.39992
		1: 1.34360
0	expected: 1	found: 0
Initial Loss: 0.00056
---------- Running Epoch 470 ----------
Layer 0:
	Neuron 0:
		0: 1.06141
		1: 1.44678
	Neuron 1:
		0: 1.32874
		1: 0.92534
Layer 1:
	Neuron 0:
		0: 1.40092
		1: 1.34460
0	expected: 1	found: 0
Initial Loss: 0.00056
---------- Running Epoch 471 ----------
Layer 0:
	Neuron 0:
		0: 1.06241
		1: 1.44778
	Neuron 1:
		0: 1.32974
		1: 0.92634
Layer 1:
	Neuron 0:
		0: 1.40192
		1: 1.34560
0	expected: 1	found: 0
Initial Loss: 0.00056
---------- Running Epoch 472 ----------
Layer 0:
	Neuron 0:
		0: 1.06341
		1: 1.44878
	Neuron 1:
		0: 1.33074
		1: 0.92734
Layer 1:
	Neuron 0:
		0: 1.40292
		1: 1.34660
0	expected: 1	found: 0
Initial Loss: 0.00056
---------- Running Epoch 473 ----------
Layer 0:
	Neuron 0:
		0: 1.06441
		1: 1.44978
	Neuron 1:
		0: 1.33174
		1: 0.92834
Layer 1:
	Neuron 0:
		0: 1.40392
		1: 1.34760
0	expected: 1	found: 0
Initial Loss: 0.00056
---------- Running Epoch 474 ----------
Layer 0:
	Neuron 0:
		0: 1.06541
		1: 1.45078
	Neuron 1:
		0: 1.33274
		1: 0.92934
Layer 1:
	Neuron 0:
		0: 1.40492
		1: 1.34860
0	expected: 1	found: 0
Initial Loss: 0.00055
---------- Running Epoch 475 ----------
Layer 0:
	Neuron 0:
		0: 1.06641
		1: 1.45178
	Neuron 1:
		0: 1.33374
		1: 0.93034
Layer 1:
	Neuron 0:
		0: 1.40592
		1: 1.34960
0	expected: 1	found: 0
Initial Loss: 0.00055
---------- Running Epoch 476 ----------
Layer 0:
	Neuron 0:
		0: 1.06741
		1: 1.45278
	Neuron 1:
		0: 1.33474
		1: 0.93134
Layer 1:
	Neuron 0:
		0: 1.40692
		1: 1.35060
0	expected: 1	found: 0
Initial Loss: 0.00055
---------- Running Epoch 477 ----------
Layer 0:
	Neuron 0:
		0: 1.06841
		1: 1.45378
	Neuron 1:
		0: 1.33574
		1: 0.93234
Layer 1:
	Neuron 0:
		0: 1.40792
		1: 1.35160
0	expected: 1	found: 0
Initial Loss: 0.00055
---------- Running Epoch 478 ----------
Layer 0:
	Neuron 0:
		0: 1.06941
		1: 1.45478
	Neuron 1:
		0: 1.33674
		1: 0.93334
Layer 1:
	Neuron 0:
		0: 1.40892
		1: 1.35260
0	expected: 1	found: 0
Initial Loss: 0.00054
---------- Running Epoch 479 ----------
Layer 0:
	Neuron 0:
		0: 1.07041
		1: 1.45578
	Neuron 1:
		0: 1.33774
		1: 0.93434
Layer 1:
	Neuron 0:
		0: 1.40992
		1: 1.35360
0	expected: 1	found: 0
Initial Loss: 0.00054
---------- Running Epoch 480 ----------
Layer 0:
	Neuron 0:
		0: 1.07141
		1: 1.45678
	Neuron 1:
		0: 1.33874
		1: 0.93534
Layer 1:
	Neuron 0:
		0: 1.41092
		1: 1.35460
0	expected: 1	found: 0
Initial Loss: 0.00054
---------- Running Epoch 481 ----------
Layer 0:
	Neuron 0:
		0: 1.07241
		1: 1.45778
	Neuron 1:
		0: 1.33974
		1: 0.93634
Layer 1:
	Neuron 0:
		0: 1.41192
		1: 1.35560
0	expected: 1	found: 0
Initial Loss: 0.00054
---------- Running Epoch 482 ----------
Layer 0:
	Neuron 0:
		0: 1.07341
		1: 1.45878
	Neuron 1:
		0: 1.34074
		1: 0.93734
Layer 1:
	Neuron 0:
		0: 1.41292
		1: 1.35660
0	expected: 1	found: 0
Initial Loss: 0.00054
---------- Running Epoch 483 ----------
Layer 0:
	Neuron 0:
		0: 1.07441
		1: 1.45978
	Neuron 1:
		0: 1.34174
		1: 0.93834
Layer 1:
	Neuron 0:
		0: 1.41392
		1: 1.35760
0	expected: 1	found: 0
Initial Loss: 0.00053
---------- Running Epoch 484 ----------
Layer 0:
	Neuron 0:
		0: 1.07541
		1: 1.46078
	Neuron 1:
		0: 1.34274
		1: 0.93934
Layer 1:
	Neuron 0:
		0: 1.41492
		1: 1.35860
0	expected: 1	found: 0
Initial Loss: 0.00053
---------- Running Epoch 485 ----------
Layer 0:
	Neuron 0:
		0: 1.07641
		1: 1.46178
	Neuron 1:
		0: 1.34374
		1: 0.94034
Layer 1:
	Neuron 0:
		0: 1.41592
		1: 1.35960
0	expected: 1	found: 0
Initial Loss: 0.00053
---------- Running Epoch 486 ----------
Layer 0:
	Neuron 0:
		0: 1.07741
		1: 1.46278
	Neuron 1:
		0: 1.34474
		1: 0.94134
Layer 1:
	Neuron 0:
		0: 1.41692
		1: 1.36060
0	expected: 1	found: 0
Initial Loss: 0.00053
---------- Running Epoch 487 ----------
Layer 0:
	Neuron 0:
		0: 1.07841
		1: 1.46378
	Neuron 1:
		0: 1.34574
		1: 0.94234
Layer 1:
	Neuron 0:
		0: 1.41792
		1: 1.36160
0	expected: 1	found: 0
Initial Loss: 0.00053
---------- Running Epoch 488 ----------
Layer 0:
	Neuron 0:
		0: 1.07941
		1: 1.46478
	Neuron 1:
		0: 1.34674
		1: 0.94334
Layer 1:
	Neuron 0:
		0: 1.41892
		1: 1.36260
0	expected: 1	found: 0
Initial Loss: 0.00052
---------- Running Epoch 489 ----------
Layer 0:
	Neuron 0:
		0: 1.08041
		1: 1.46578
	Neuron 1:
		0: 1.34774
		1: 0.94434
Layer 1:
	Neuron 0:
		0: 1.41992
		1: 1.36360
0	expected: 1	found: 0
Initial Loss: 0.00052
---------- Running Epoch 490 ----------
Layer 0:
	Neuron 0:
		0: 1.08141
		1: 1.46678
	Neuron 1:
		0: 1.34874
		1: 0.94534
Layer 1:
	Neuron 0:
		0: 1.42092
		1: 1.36460
0	expected: 1	found: 0
Initial Loss: 0.00052
---------- Running Epoch 491 ----------
Layer 0:
	Neuron 0:
		0: 1.08241
		1: 1.46778
	Neuron 1:
		0: 1.34974
		1: 0.94634
Layer 1:
	Neuron 0:
		0: 1.42192
		1: 1.36560
0	expected: 1	found: 0
Initial Loss: 0.00052
---------- Running Epoch 492 ----------
Layer 0:
	Neuron 0:
		0: 1.08341
		1: 1.46878
	Neuron 1:
		0: 1.35074
		1: 0.94734
Layer 1:
	Neuron 0:
		0: 1.42292
		1: 1.36660
0	expected: 1	found: 0
Initial Loss: 0.00051
---------- Running Epoch 493 ----------
Layer 0:
	Neuron 0:
		0: 1.08441
		1: 1.46978
	Neuron 1:
		0: 1.35174
		1: 0.94834
Layer 1:
	Neuron 0:
		0: 1.42392
		1: 1.36760
0	expected: 1	found: 0
Initial Loss: 0.00051
---------- Running Epoch 494 ----------
Layer 0:
	Neuron 0:
		0: 1.08541
		1: 1.47078
	Neuron 1:
		0: 1.35274
		1: 0.94934
Layer 1:
	Neuron 0:
		0: 1.42492
		1: 1.36860
0	expected: 1	found: 0
Initial Loss: 0.00051
---------- Running Epoch 495 ----------
Layer 0:
	Neuron 0:
		0: 1.08641
		1: 1.47178
	Neuron 1:
		0: 1.35374
		1: 0.95034
Layer 1:
	Neuron 0:
		0: 1.42592
		1: 1.36960
0	expected: 1	found: 0
Initial Loss: 0.00051
---------- Running Epoch 496 ----------
Layer 0:
	Neuron 0:
		0: 1.08741
		1: 1.47278
	Neuron 1:
		0: 1.35474
		1: 0.95134
Layer 1:
	Neuron 0:
		0: 1.42692
		1: 1.37060
0	expected: 1	found: 0
Initial Loss: 0.00051
---------- Running Epoch 497 ----------
Layer 0:
	Neuron 0:
		0: 1.08841
		1: 1.47378
	Neuron 1:
		0: 1.35574
		1: 0.95234
Layer 1:
	Neuron 0:
		0: 1.42792
		1: 1.37160
0	expected: 1	found: 0
Initial Loss: 0.00050
---------- Running Epoch 498 ----------
Layer 0:
	Neuron 0:
		0: 1.08941
		1: 1.47478
	Neuron 1:
		0: 1.35674
		1: 0.95334
Layer 1:
	Neuron 0:
		0: 1.42892
		1: 1.37260
0	expected: 1	found: 0
Initial Loss: 0.00050
---------- Running Epoch 499 ----------
Layer 0:
	Neuron 0:
		0: 1.09041
		1: 1.47578
	Neuron 1:
		0: 1.35774
		1: 0.95434
Layer 1:
	Neuron 0:
		0: 1.42992
		1: 1.37360
0	expected: 1	found: 0
Initial Loss: 0.00050
---------- Running Epoch 500 ----------
Layer 0:
	Neuron 0:
		0: 1.09141
		1: 1.47678
	Neuron 1:
		0: 1.35874
		1: 0.95534
Layer 1:
	Neuron 0:
		0: 1.43092
		1: 1.37460
0	expected: 1	found: 0
Initial Loss: 0.00050
---------- Running Epoch 501 ----------
Layer 0:
	Neuron 0:
		0: 1.09241
		1: 1.47778
	Neuron 1:
		0: 1.35974
		1: 0.95634
Layer 1:
	Neuron 0:
		0: 1.43192
		1: 1.37560
0	expected: 1	found: 0
Initial Loss: 0.00050
---------- Running Epoch 502 ----------
Layer 0:
	Neuron 0:
		0: 1.09341
		1: 1.47878
	Neuron 1:
		0: 1.36074
		1: 0.95734
Layer 1:
	Neuron 0:
		0: 1.43292
		1: 1.37660
0	expected: 1	found: 0
Initial Loss: 0.00049
---------- Running Epoch 503 ----------
Layer 0:
	Neuron 0:
		0: 1.09441
		1: 1.47978
	Neuron 1:
		0: 1.36174
		1: 0.95834
Layer 1:
	Neuron 0:
		0: 1.43392
		1: 1.37760
0	expected: 1	found: 0
Initial Loss: 0.00049
---------- Running Epoch 504 ----------
Layer 0:
	Neuron 0:
		0: 1.09541
		1: 1.48078
	Neuron 1:
		0: 1.36274
		1: 0.95934
Layer 1:
	Neuron 0:
		0: 1.43492
		1: 1.37860
0	expected: 1	found: 0
Initial Loss: 0.00049
---------- Running Epoch 505 ----------
Layer 0:
	Neuron 0:
		0: 1.09641
		1: 1.48178
	Neuron 1:
		0: 1.36374
		1: 0.96034
Layer 1:
	Neuron 0:
		0: 1.43592
		1: 1.37960
0	expected: 1	found: 0
Initial Loss: 0.00049
---------- Running Epoch 506 ----------
Layer 0:
	Neuron 0:
		0: 1.09741
		1: 1.48278
	Neuron 1:
		0: 1.36474
		1: 0.96134
Layer 1:
	Neuron 0:
		0: 1.43692
		1: 1.38060
0	expected: 1	found: 0
Initial Loss: 0.00049
---------- Running Epoch 507 ----------
Layer 0:
	Neuron 0:
		0: 1.09841
		1: 1.48378
	Neuron 1:
		0: 1.36574
		1: 0.96234
Layer 1:
	Neuron 0:
		0: 1.43792
		1: 1.38160
0	expected: 1	found: 0
Initial Loss: 0.00048
---------- Running Epoch 508 ----------
Layer 0:
	Neuron 0:
		0: 1.09941
		1: 1.48478
	Neuron 1:
		0: 1.36674
		1: 0.96334
Layer 1:
	Neuron 0:
		0: 1.43892
		1: 1.38260
0	expected: 1	found: 0
Initial Loss: 0.00048
---------- Running Epoch 509 ----------
Layer 0:
	Neuron 0:
		0: 1.10041
		1: 1.48578
	Neuron 1:
		0: 1.36774
		1: 0.96434
Layer 1:
	Neuron 0:
		0: 1.43992
		1: 1.38360
0	expected: 1	found: 0
Initial Loss: 0.00048
---------- Running Epoch 510 ----------
Layer 0:
	Neuron 0:
		0: 1.10141
		1: 1.48678
	Neuron 1:
		0: 1.36874
		1: 0.96534
Layer 1:
	Neuron 0:
		0: 1.44092
		1: 1.38460
0	expected: 1	found: 0
Initial Loss: 0.00048
---------- Running Epoch 511 ----------
Layer 0:
	Neuron 0:
		0: 1.10241
		1: 1.48778
	Neuron 1:
		0: 1.36974
		1: 0.96634
Layer 1:
	Neuron 0:
		0: 1.44192
		1: 1.38560
0	expected: 1	found: 0
Initial Loss: 0.00048
---------- Running Epoch 512 ----------
Layer 0:
	Neuron 0:
		0: 1.10341
		1: 1.48878
	Neuron 1:
		0: 1.37074
		1: 0.96734
Layer 1:
	Neuron 0:
		0: 1.44292
		1: 1.38660
0	expected: 1	found: 0
Initial Loss: 0.00047
---------- Running Epoch 513 ----------
Layer 0:
	Neuron 0:
		0: 1.10441
		1: 1.48978
	Neuron 1:
		0: 1.37174
		1: 0.96834
Layer 1:
	Neuron 0:
		0: 1.44392
		1: 1.38760
0	expected: 1	found: 0
Initial Loss: 0.00047
---------- Running Epoch 514 ----------
Layer 0:
	Neuron 0:
		0: 1.10541
		1: 1.49078
	Neuron 1:
		0: 1.37274
		1: 0.96934
Layer 1:
	Neuron 0:
		0: 1.44492
		1: 1.38860
0	expected: 1	found: 0
Initial Loss: 0.00047
---------- Running Epoch 515 ----------
Layer 0:
	Neuron 0:
		0: 1.10641
		1: 1.49178
	Neuron 1:
		0: 1.37374
		1: 0.97034
Layer 1:
	Neuron 0:
		0: 1.44592
		1: 1.38960
0	expected: 1	found: 0
Initial Loss: 0.00047
---------- Running Epoch 516 ----------
Layer 0:
	Neuron 0:
		0: 1.10741
		1: 1.49278
	Neuron 1:
		0: 1.37474
		1: 0.97134
Layer 1:
	Neuron 0:
		0: 1.44692
		1: 1.39060
0	expected: 1	found: 0
Initial Loss: 0.00047
---------- Running Epoch 517 ----------
Layer 0:
	Neuron 0:
		0: 1.10841
		1: 1.49378
	Neuron 1:
		0: 1.37574
		1: 0.97234
Layer 1:
	Neuron 0:
		0: 1.44792
		1: 1.39160
0	expected: 1	found: 0
Initial Loss: 0.00047
---------- Running Epoch 518 ----------
Layer 0:
	Neuron 0:
		0: 1.10941
		1: 1.49478
	Neuron 1:
		0: 1.37674
		1: 0.97334
Layer 1:
	Neuron 0:
		0: 1.44892
		1: 1.39260
0	expected: 1	found: 0
Initial Loss: 0.00046
---------- Running Epoch 519 ----------
Layer 0:
	Neuron 0:
		0: 1.11041
		1: 1.49578
	Neuron 1:
		0: 1.37774
		1: 0.97434
Layer 1:
	Neuron 0:
		0: 1.44992
		1: 1.39360
0	expected: 1	found: 0
Initial Loss: 0.00046
---------- Running Epoch 520 ----------
Layer 0:
	Neuron 0:
		0: 1.11141
		1: 1.49678
	Neuron 1:
		0: 1.37874
		1: 0.97534
Layer 1:
	Neuron 0:
		0: 1.45092
		1: 1.39460
0	expected: 1	found: 0
Initial Loss: 0.00046
---------- Running Epoch 521 ----------
Layer 0:
	Neuron 0:
		0: 1.11241
		1: 1.49778
	Neuron 1:
		0: 1.37974
		1: 0.97634
Layer 1:
	Neuron 0:
		0: 1.45192
		1: 1.39560
0	expected: 1	found: 0
Initial Loss: 0.00046
---------- Running Epoch 522 ----------
Layer 0:
	Neuron 0:
		0: 1.11341
		1: 1.49878
	Neuron 1:
		0: 1.38074
		1: 0.97734
Layer 1:
	Neuron 0:
		0: 1.45292
		1: 1.39660
0	expected: 1	found: 0
Initial Loss: 0.00046
---------- Running Epoch 523 ----------
Layer 0:
	Neuron 0:
		0: 1.11441
		1: 1.49978
	Neuron 1:
		0: 1.38174
		1: 0.97834
Layer 1:
	Neuron 0:
		0: 1.45392
		1: 1.39760
0	expected: 1	found: 0
Initial Loss: 0.00045
---------- Running Epoch 524 ----------
Layer 0:
	Neuron 0:
		0: 1.11541
		1: 1.50078
	Neuron 1:
		0: 1.38274
		1: 0.97934
Layer 1:
	Neuron 0:
		0: 1.45492
		1: 1.39860
0	expected: 1	found: 0
Initial Loss: 0.00045
---------- Running Epoch 525 ----------
Layer 0:
	Neuron 0:
		0: 1.11641
		1: 1.50178
	Neuron 1:
		0: 1.38374
		1: 0.98034
Layer 1:
	Neuron 0:
		0: 1.45592
		1: 1.39960
0	expected: 1	found: 0
Initial Loss: 0.00045
---------- Running Epoch 526 ----------
Layer 0:
	Neuron 0:
		0: 1.11741
		1: 1.50278
	Neuron 1:
		0: 1.38474
		1: 0.98134
Layer 1:
	Neuron 0:
		0: 1.45692
		1: 1.40060
0	expected: 1	found: 0
Initial Loss: 0.00045
---------- Running Epoch 527 ----------
Layer 0:
	Neuron 0:
		0: 1.11841
		1: 1.50378
	Neuron 1:
		0: 1.38574
		1: 0.98234
Layer 1:
	Neuron 0:
		0: 1.45792
		1: 1.40160
0	expected: 1	found: 0
Initial Loss: 0.00045
---------- Running Epoch 528 ----------
Layer 0:
	Neuron 0:
		0: 1.11941
		1: 1.50478
	Neuron 1:
		0: 1.38674
		1: 0.98334
Layer 1:
	Neuron 0:
		0: 1.45892
		1: 1.40260
0	expected: 1	found: 0
Initial Loss: 0.00045
---------- Running Epoch 529 ----------
Layer 0:
	Neuron 0:
		0: 1.12041
		1: 1.50578
	Neuron 1:
		0: 1.38774
		1: 0.98434
Layer 1:
	Neuron 0:
		0: 1.45992
		1: 1.40360
0	expected: 1	found: 0
Initial Loss: 0.00044
---------- Running Epoch 530 ----------
Layer 0:
	Neuron 0:
		0: 1.12141
		1: 1.50678
	Neuron 1:
		0: 1.38874
		1: 0.98534
Layer 1:
	Neuron 0:
		0: 1.46092
		1: 1.40460
0	expected: 1	found: 0
Initial Loss: 0.00044
---------- Running Epoch 531 ----------
Layer 0:
	Neuron 0:
		0: 1.12241
		1: 1.50778
	Neuron 1:
		0: 1.38974
		1: 0.98634
Layer 1:
	Neuron 0:
		0: 1.46192
		1: 1.40560
0	expected: 1	found: 0
Initial Loss: 0.00044
---------- Running Epoch 532 ----------
Layer 0:
	Neuron 0:
		0: 1.12341
		1: 1.50878
	Neuron 1:
		0: 1.39074
		1: 0.98734
Layer 1:
	Neuron 0:
		0: 1.46292
		1: 1.40660
0	expected: 1	found: 0
Initial Loss: 0.00044
---------- Running Epoch 533 ----------
Layer 0:
	Neuron 0:
		0: 1.12441
		1: 1.50978
	Neuron 1:
		0: 1.39174
		1: 0.98834
Layer 1:
	Neuron 0:
		0: 1.46392
		1: 1.40760
0	expected: 1	found: 0
Initial Loss: 0.00044
---------- Running Epoch 534 ----------
Layer 0:
	Neuron 0:
		0: 1.12541
		1: 1.51078
	Neuron 1:
		0: 1.39274
		1: 0.98934
Layer 1:
	Neuron 0:
		0: 1.46492
		1: 1.40860
0	expected: 1	found: 0
Initial Loss: 0.00043
---------- Running Epoch 535 ----------
Layer 0:
	Neuron 0:
		0: 1.12641
		1: 1.51178
	Neuron 1:
		0: 1.39374
		1: 0.99034
Layer 1:
	Neuron 0:
		0: 1.46592
		1: 1.40960
0	expected: 1	found: 0
Initial Loss: 0.00043
---------- Running Epoch 536 ----------
Layer 0:
	Neuron 0:
		0: 1.12741
		1: 1.51278
	Neuron 1:
		0: 1.39474
		1: 0.99134
Layer 1:
	Neuron 0:
		0: 1.46692
		1: 1.41060
0	expected: 1	found: 0
Initial Loss: 0.00043
---------- Running Epoch 537 ----------
Layer 0:
	Neuron 0:
		0: 1.12841
		1: 1.51378
	Neuron 1:
		0: 1.39574
		1: 0.99234
Layer 1:
	Neuron 0:
		0: 1.46792
		1: 1.41160
0	expected: 1	found: 0
Initial Loss: 0.00043
---------- Running Epoch 538 ----------
Layer 0:
	Neuron 0:
		0: 1.12941
		1: 1.51478
	Neuron 1:
		0: 1.39674
		1: 0.99334
Layer 1:
	Neuron 0:
		0: 1.46892
		1: 1.41260
0	expected: 1	found: 0
Initial Loss: 0.00043
---------- Running Epoch 539 ----------
Layer 0:
	Neuron 0:
		0: 1.13041
		1: 1.51578
	Neuron 1:
		0: 1.39774
		1: 0.99434
Layer 1:
	Neuron 0:
		0: 1.46992
		1: 1.41360
0	expected: 1	found: 0
Initial Loss: 0.00043
---------- Running Epoch 540 ----------
Layer 0:
	Neuron 0:
		0: 1.13141
		1: 1.51678
	Neuron 1:
		0: 1.39874
		1: 0.99534
Layer 1:
	Neuron 0:
		0: 1.47092
		1: 1.41460
0	expected: 1	found: 0
Initial Loss: 0.00042
---------- Running Epoch 541 ----------
Layer 0:
	Neuron 0:
		0: 1.13241
		1: 1.51778
	Neuron 1:
		0: 1.39974
		1: 0.99634
Layer 1:
	Neuron 0:
		0: 1.47192
		1: 1.41560
0	expected: 1	found: 0
Initial Loss: 0.00042
---------- Running Epoch 542 ----------
Layer 0:
	Neuron 0:
		0: 1.13341
		1: 1.51878
	Neuron 1:
		0: 1.40074
		1: 0.99734
Layer 1:
	Neuron 0:
		0: 1.47292
		1: 1.41660
0	expected: 1	found: 0
Initial Loss: 0.00042
---------- Running Epoch 543 ----------
Layer 0:
	Neuron 0:
		0: 1.13441
		1: 1.51978
	Neuron 1:
		0: 1.40174
		1: 0.99834
Layer 1:
	Neuron 0:
		0: 1.47392
		1: 1.41760
0	expected: 1	found: 0
Initial Loss: 0.00042
---------- Running Epoch 544 ----------
Layer 0:
	Neuron 0:
		0: 1.13541
		1: 1.52078
	Neuron 1:
		0: 1.40274
		1: 0.99934
Layer 1:
	Neuron 0:
		0: 1.47492
		1: 1.41860
0	expected: 1	found: 0
Initial Loss: 0.00042
---------- Running Epoch 545 ----------
Layer 0:
	Neuron 0:
		0: 1.13641
		1: 1.52178
	Neuron 1:
		0: 1.40374
		1: 1.00034
Layer 1:
	Neuron 0:
		0: 1.47592
		1: 1.41960
0	expected: 1	found: 0
Initial Loss: 0.00042
---------- Running Epoch 546 ----------
Layer 0:
	Neuron 0:
		0: 1.13741
		1: 1.52278
	Neuron 1:
		0: 1.40474
		1: 1.00134
Layer 1:
	Neuron 0:
		0: 1.47692
		1: 1.42060
0	expected: 1	found: 0
Initial Loss: 0.00041
---------- Running Epoch 547 ----------
Layer 0:
	Neuron 0:
		0: 1.13841
		1: 1.52378
	Neuron 1:
		0: 1.40574
		1: 1.00234
Layer 1:
	Neuron 0:
		0: 1.47792
		1: 1.42160
0	expected: 1	found: 0
Initial Loss: 0.00041
---------- Running Epoch 548 ----------
Layer 0:
	Neuron 0:
		0: 1.13941
		1: 1.52478
	Neuron 1:
		0: 1.40674
		1: 1.00334
Layer 1:
	Neuron 0:
		0: 1.47892
		1: 1.42260
0	expected: 1	found: 0
Initial Loss: 0.00041
---------- Running Epoch 549 ----------
Layer 0:
	Neuron 0:
		0: 1.14041
		1: 1.52578
	Neuron 1:
		0: 1.40774
		1: 1.00434
Layer 1:
	Neuron 0:
		0: 1.47992
		1: 1.42360
0	expected: 1	found: 0
Initial Loss: 0.00041
---------- Running Epoch 550 ----------
Layer 0:
	Neuron 0:
		0: 1.14141
		1: 1.52678
	Neuron 1:
		0: 1.40874
		1: 1.00534
Layer 1:
	Neuron 0:
		0: 1.48092
		1: 1.42460
0	expected: 1	found: 0
Initial Loss: 0.00041
---------- Running Epoch 551 ----------
Layer 0:
	Neuron 0:
		0: 1.14241
		1: 1.52778
	Neuron 1:
		0: 1.40974
		1: 1.00634
Layer 1:
	Neuron 0:
		0: 1.48192
		1: 1.42560
0	expected: 1	found: 0
Initial Loss: 0.00041
---------- Running Epoch 552 ----------
Layer 0:
	Neuron 0:
		0: 1.14341
		1: 1.52878
	Neuron 1:
		0: 1.41074
		1: 1.00734
Layer 1:
	Neuron 0:
		0: 1.48292
		1: 1.42660
0	expected: 1	found: 0
Initial Loss: 0.00040
---------- Running Epoch 553 ----------
Layer 0:
	Neuron 0:
		0: 1.14441
		1: 1.52978
	Neuron 1:
		0: 1.41174
		1: 1.00834
Layer 1:
	Neuron 0:
		0: 1.48392
		1: 1.42760
0	expected: 1	found: 0
Initial Loss: 0.00040
---------- Running Epoch 554 ----------
Layer 0:
	Neuron 0:
		0: 1.14541
		1: 1.53078
	Neuron 1:
		0: 1.41274
		1: 1.00934
Layer 1:
	Neuron 0:
		0: 1.48492
		1: 1.42860
0	expected: 1	found: 0
Initial Loss: 0.00040
---------- Running Epoch 555 ----------
Layer 0:
	Neuron 0:
		0: 1.14641
		1: 1.53178
	Neuron 1:
		0: 1.41374
		1: 1.01034
Layer 1:
	Neuron 0:
		0: 1.48592
		1: 1.42960
0	expected: 1	found: 0
Initial Loss: 0.00040
---------- Running Epoch 556 ----------
Layer 0:
	Neuron 0:
		0: 1.14741
		1: 1.53278
	Neuron 1:
		0: 1.41474
		1: 1.01134
Layer 1:
	Neuron 0:
		0: 1.48692
		1: 1.43060
0	expected: 1	found: 0
Initial Loss: 0.00040
---------- Running Epoch 557 ----------
Layer 0:
	Neuron 0:
		0: 1.14841
		1: 1.53378
	Neuron 1:
		0: 1.41574
		1: 1.01234
Layer 1:
	Neuron 0:
		0: 1.48792
		1: 1.43160
0	expected: 1	found: 0
Initial Loss: 0.00040
---------- Running Epoch 558 ----------
Layer 0:
	Neuron 0:
		0: 1.14941
		1: 1.53478
	Neuron 1:
		0: 1.41674
		1: 1.01334
Layer 1:
	Neuron 0:
		0: 1.48892
		1: 1.43260
0	expected: 1	found: 0
Initial Loss: 0.00039
---------- Running Epoch 559 ----------
Layer 0:
	Neuron 0:
		0: 1.15041
		1: 1.53578
	Neuron 1:
		0: 1.41774
		1: 1.01434
Layer 1:
	Neuron 0:
		0: 1.48992
		1: 1.43360
0	expected: 1	found: 0
Initial Loss: 0.00039
---------- Running Epoch 560 ----------
Layer 0:
	Neuron 0:
		0: 1.15141
		1: 1.53678
	Neuron 1:
		0: 1.41874
		1: 1.01534
Layer 1:
	Neuron 0:
		0: 1.49092
		1: 1.43460
0	expected: 1	found: 0
Initial Loss: 0.00039
---------- Running Epoch 561 ----------
Layer 0:
	Neuron 0:
		0: 1.15241
		1: 1.53778
	Neuron 1:
		0: 1.41974
		1: 1.01634
Layer 1:
	Neuron 0:
		0: 1.49192
		1: 1.43560
0	expected: 1	found: 0
Initial Loss: 0.00039
---------- Running Epoch 562 ----------
Layer 0:
	Neuron 0:
		0: 1.15341
		1: 1.53878
	Neuron 1:
		0: 1.42074
		1: 1.01734
Layer 1:
	Neuron 0:
		0: 1.49292
		1: 1.43660
0	expected: 1	found: 0
Initial Loss: 0.00039
---------- Running Epoch 563 ----------
Layer 0:
	Neuron 0:
		0: 1.15441
		1: 1.53978
	Neuron 1:
		0: 1.42174
		1: 1.01834
Layer 1:
	Neuron 0:
		0: 1.49392
		1: 1.43760
0	expected: 1	found: 0
Initial Loss: 0.00039
---------- Running Epoch 564 ----------
Layer 0:
	Neuron 0:
		0: 1.15541
		1: 1.54078
	Neuron 1:
		0: 1.42274
		1: 1.01934
Layer 1:
	Neuron 0:
		0: 1.49492
		1: 1.43860
0	expected: 1	found: 0
Initial Loss: 0.00039
---------- Running Epoch 565 ----------
Layer 0:
	Neuron 0:
		0: 1.15641
		1: 1.54178
	Neuron 1:
		0: 1.42374
		1: 1.02034
Layer 1:
	Neuron 0:
		0: 1.49592
		1: 1.43960
0	expected: 1	found: 0
Initial Loss: 0.00038
---------- Running Epoch 566 ----------
Layer 0:
	Neuron 0:
		0: 1.15741
		1: 1.54278
	Neuron 1:
		0: 1.42474
		1: 1.02134
Layer 1:
	Neuron 0:
		0: 1.49692
		1: 1.44060
0	expected: 1	found: 0
Initial Loss: 0.00038
---------- Running Epoch 567 ----------
Layer 0:
	Neuron 0:
		0: 1.15841
		1: 1.54378
	Neuron 1:
		0: 1.42574
		1: 1.02234
Layer 1:
	Neuron 0:
		0: 1.49792
		1: 1.44160
0	expected: 1	found: 0
Initial Loss: 0.00038
---------- Running Epoch 568 ----------
Layer 0:
	Neuron 0:
		0: 1.15941
		1: 1.54478
	Neuron 1:
		0: 1.42674
		1: 1.02334
Layer 1:
	Neuron 0:
		0: 1.49892
		1: 1.44260
0	expected: 1	found: 0
Initial Loss: 0.00038
---------- Running Epoch 569 ----------
Layer 0:
	Neuron 0:
		0: 1.16041
		1: 1.54578
	Neuron 1:
		0: 1.42774
		1: 1.02434
Layer 1:
	Neuron 0:
		0: 1.49992
		1: 1.44360
0	expected: 1	found: 0
Initial Loss: 0.00038
---------- Running Epoch 570 ----------
Layer 0:
	Neuron 0:
		0: 1.16141
		1: 1.54678
	Neuron 1:
		0: 1.42874
		1: 1.02534
Layer 1:
	Neuron 0:
		0: 1.50092
		1: 1.44460
0	expected: 1	found: 0
Initial Loss: 0.00038
---------- Running Epoch 571 ----------
Layer 0:
	Neuron 0:
		0: 1.16241
		1: 1.54778
	Neuron 1:
		0: 1.42974
		1: 1.02634
Layer 1:
	Neuron 0:
		0: 1.50192
		1: 1.44560
0	expected: 1	found: 0
Initial Loss: 0.00037
---------- Running Epoch 572 ----------
Layer 0:
	Neuron 0:
		0: 1.16341
		1: 1.54878
	Neuron 1:
		0: 1.43074
		1: 1.02734
Layer 1:
	Neuron 0:
		0: 1.50292
		1: 1.44660
0	expected: 1	found: 0
Initial Loss: 0.00037
---------- Running Epoch 573 ----------
Layer 0:
	Neuron 0:
		0: 1.16441
		1: 1.54978
	Neuron 1:
		0: 1.43174
		1: 1.02834
Layer 1:
	Neuron 0:
		0: 1.50392
		1: 1.44760
0	expected: 1	found: 0
Initial Loss: 0.00037
---------- Running Epoch 574 ----------
Layer 0:
	Neuron 0:
		0: 1.16541
		1: 1.55078
	Neuron 1:
		0: 1.43274
		1: 1.02934
Layer 1:
	Neuron 0:
		0: 1.50492
		1: 1.44860
0	expected: 1	found: 0
Initial Loss: 0.00037
---------- Running Epoch 575 ----------
Layer 0:
	Neuron 0:
		0: 1.16641
		1: 1.55178
	Neuron 1:
		0: 1.43374
		1: 1.03034
Layer 1:
	Neuron 0:
		0: 1.50592
		1: 1.44960
0	expected: 1	found: 0
Initial Loss: 0.00037
---------- Running Epoch 576 ----------
Layer 0:
	Neuron 0:
		0: 1.16741
		1: 1.55278
	Neuron 1:
		0: 1.43474
		1: 1.03134
Layer 1:
	Neuron 0:
		0: 1.50692
		1: 1.45060
0	expected: 1	found: 0
Initial Loss: 0.00037
---------- Running Epoch 577 ----------
Layer 0:
	Neuron 0:
		0: 1.16841
		1: 1.55378
	Neuron 1:
		0: 1.43574
		1: 1.03234
Layer 1:
	Neuron 0:
		0: 1.50792
		1: 1.45160
0	expected: 1	found: 0
Initial Loss: 0.00037
---------- Running Epoch 578 ----------
Layer 0:
	Neuron 0:
		0: 1.16941
		1: 1.55478
	Neuron 1:
		0: 1.43674
		1: 1.03334
Layer 1:
	Neuron 0:
		0: 1.50892
		1: 1.45260
0	expected: 1	found: 0
Initial Loss: 0.00036
---------- Running Epoch 579 ----------
Layer 0:
	Neuron 0:
		0: 1.17041
		1: 1.55578
	Neuron 1:
		0: 1.43774
		1: 1.03434
Layer 1:
	Neuron 0:
		0: 1.50992
		1: 1.45360
0	expected: 1	found: 0
Initial Loss: 0.00036
---------- Running Epoch 580 ----------
Layer 0:
	Neuron 0:
		0: 1.17141
		1: 1.55678
	Neuron 1:
		0: 1.43874
		1: 1.03534
Layer 1:
	Neuron 0:
		0: 1.51092
		1: 1.45460
0	expected: 1	found: 0
Initial Loss: 0.00036
---------- Running Epoch 581 ----------
Layer 0:
	Neuron 0:
		0: 1.17241
		1: 1.55778
	Neuron 1:
		0: 1.43974
		1: 1.03634
Layer 1:
	Neuron 0:
		0: 1.51192
		1: 1.45560
0	expected: 1	found: 0
Initial Loss: 0.00036
---------- Running Epoch 582 ----------
Layer 0:
	Neuron 0:
		0: 1.17341
		1: 1.55878
	Neuron 1:
		0: 1.44074
		1: 1.03734
Layer 1:
	Neuron 0:
		0: 1.51292
		1: 1.45660
0	expected: 1	found: 0
Initial Loss: 0.00036
---------- Running Epoch 583 ----------
Layer 0:
	Neuron 0:
		0: 1.17441
		1: 1.55978
	Neuron 1:
		0: 1.44174
		1: 1.03834
Layer 1:
	Neuron 0:
		0: 1.51392
		1: 1.45760
0	expected: 1	found: 0
Initial Loss: 0.00036
---------- Running Epoch 584 ----------
Layer 0:
	Neuron 0:
		0: 1.17541
		1: 1.56078
	Neuron 1:
		0: 1.44274
		1: 1.03934
Layer 1:
	Neuron 0:
		0: 1.51492
		1: 1.45860
0	expected: 1	found: 0
Initial Loss: 0.00036
---------- Running Epoch 585 ----------
Layer 0:
	Neuron 0:
		0: 1.17641
		1: 1.56178
	Neuron 1:
		0: 1.44374
		1: 1.04034
Layer 1:
	Neuron 0:
		0: 1.51592
		1: 1.45960
0	expected: 1	found: 0
Initial Loss: 0.00035
---------- Running Epoch 586 ----------
Layer 0:
	Neuron 0:
		0: 1.17741
		1: 1.56278
	Neuron 1:
		0: 1.44474
		1: 1.04134
Layer 1:
	Neuron 0:
		0: 1.51692
		1: 1.46060
0	expected: 1	found: 0
Initial Loss: 0.00035
---------- Running Epoch 587 ----------
Layer 0:
	Neuron 0:
		0: 1.17841
		1: 1.56378
	Neuron 1:
		0: 1.44574
		1: 1.04234
Layer 1:
	Neuron 0:
		0: 1.51792
		1: 1.46160
0	expected: 1	found: 0
Initial Loss: 0.00035
---------- Running Epoch 588 ----------
Layer 0:
	Neuron 0:
		0: 1.17941
		1: 1.56478
	Neuron 1:
		0: 1.44674
		1: 1.04334
Layer 1:
	Neuron 0:
		0: 1.51892
		1: 1.46260
0	expected: 1	found: 0
Initial Loss: 0.00035
---------- Running Epoch 589 ----------
Layer 0:
	Neuron 0:
		0: 1.18041
		1: 1.56578
	Neuron 1:
		0: 1.44774
		1: 1.04434
Layer 1:
	Neuron 0:
		0: 1.51992
		1: 1.46360
0	expected: 1	found: 0
Initial Loss: 0.00035
---------- Running Epoch 590 ----------
Layer 0:
	Neuron 0:
		0: 1.18141
		1: 1.56678
	Neuron 1:
		0: 1.44874
		1: 1.04534
Layer 1:
	Neuron 0:
		0: 1.52092
		1: 1.46460
0	expected: 1	found: 0
Initial Loss: 0.00035
---------- Running Epoch 591 ----------
Layer 0:
	Neuron 0:
		0: 1.18241
		1: 1.56778
	Neuron 1:
		0: 1.44974
		1: 1.04634
Layer 1:
	Neuron 0:
		0: 1.52192
		1: 1.46560
0	expected: 1	found: 0
Initial Loss: 0.00035
---------- Running Epoch 592 ----------
Layer 0:
	Neuron 0:
		0: 1.18341
		1: 1.56878
	Neuron 1:
		0: 1.45074
		1: 1.04734
Layer 1:
	Neuron 0:
		0: 1.52292
		1: 1.46660
0	expected: 1	found: 0
Initial Loss: 0.00034
---------- Running Epoch 593 ----------
Layer 0:
	Neuron 0:
		0: 1.18441
		1: 1.56978
	Neuron 1:
		0: 1.45174
		1: 1.04834
Layer 1:
	Neuron 0:
		0: 1.52392
		1: 1.46760
0	expected: 1	found: 0
Initial Loss: 0.00034
---------- Running Epoch 594 ----------
Layer 0:
	Neuron 0:
		0: 1.18541
		1: 1.57078
	Neuron 1:
		0: 1.45274
		1: 1.04934
Layer 1:
	Neuron 0:
		0: 1.52492
		1: 1.46860
0	expected: 1	found: 0
Initial Loss: 0.00034
---------- Running Epoch 595 ----------
Layer 0:
	Neuron 0:
		0: 1.18641
		1: 1.57178
	Neuron 1:
		0: 1.45374
		1: 1.05034
Layer 1:
	Neuron 0:
		0: 1.52592
		1: 1.46960
0	expected: 1	found: 0
Initial Loss: 0.00034
---------- Running Epoch 596 ----------
Layer 0:
	Neuron 0:
		0: 1.18741
		1: 1.57278
	Neuron 1:
		0: 1.45474
		1: 1.05134
Layer 1:
	Neuron 0:
		0: 1.52692
		1: 1.47060
0	expected: 1	found: 0
Initial Loss: 0.00034
---------- Running Epoch 597 ----------
Layer 0:
	Neuron 0:
		0: 1.18841
		1: 1.57378
	Neuron 1:
		0: 1.45574
		1: 1.05234
Layer 1:
	Neuron 0:
		0: 1.52792
		1: 1.47160
0	expected: 1	found: 0
Initial Loss: 0.00034
---------- Running Epoch 598 ----------
Layer 0:
	Neuron 0:
		0: 1.18941
		1: 1.57478
	Neuron 1:
		0: 1.45674
		1: 1.05334
Layer 1:
	Neuron 0:
		0: 1.52892
		1: 1.47260
0	expected: 1	found: 0
Initial Loss: 0.00034
---------- Running Epoch 599 ----------
Layer 0:
	Neuron 0:
		0: 1.19041
		1: 1.57578
	Neuron 1:
		0: 1.45774
		1: 1.05434
Layer 1:
	Neuron 0:
		0: 1.52992
		1: 1.47360
0	expected: 1	found: 0
Initial Loss: 0.00033
---------- Running Epoch 600 ----------
Layer 0:
	Neuron 0:
		0: 1.19141
		1: 1.57678
	Neuron 1:
		0: 1.45874
		1: 1.05534
Layer 1:
	Neuron 0:
		0: 1.53092
		1: 1.47460
0	expected: 1	found: 0
Initial Loss: 0.00033
---------- Running Epoch 601 ----------
Layer 0:
	Neuron 0:
		0: 1.19241
		1: 1.57778
	Neuron 1:
		0: 1.45974
		1: 1.05634
Layer 1:
	Neuron 0:
		0: 1.53192
		1: 1.47560
0	expected: 1	found: 0
Initial Loss: 0.00033
---------- Running Epoch 602 ----------
Layer 0:
	Neuron 0:
		0: 1.19341
		1: 1.57878
	Neuron 1:
		0: 1.46074
		1: 1.05734
Layer 1:
	Neuron 0:
		0: 1.53292
		1: 1.47660
0	expected: 1	found: 0
Initial Loss: 0.00033
---------- Running Epoch 603 ----------
Layer 0:
	Neuron 0:
		0: 1.19441
		1: 1.57978
	Neuron 1:
		0: 1.46174
		1: 1.05834
Layer 1:
	Neuron 0:
		0: 1.53392
		1: 1.47760
0	expected: 1	found: 0
Initial Loss: 0.00033
---------- Running Epoch 604 ----------
Layer 0:
	Neuron 0:
		0: 1.19541
		1: 1.58078
	Neuron 1:
		0: 1.46274
		1: 1.05934
Layer 1:
	Neuron 0:
		0: 1.53492
		1: 1.47860
0	expected: 1	found: 0
Initial Loss: 0.00033
---------- Running Epoch 605 ----------
Layer 0:
	Neuron 0:
		0: 1.19641
		1: 1.58178
	Neuron 1:
		0: 1.46374
		1: 1.06034
Layer 1:
	Neuron 0:
		0: 1.53592
		1: 1.47960
0	expected: 1	found: 0
Initial Loss: 0.00033
---------- Running Epoch 606 ----------
Layer 0:
	Neuron 0:
		0: 1.19741
		1: 1.58278
	Neuron 1:
		0: 1.46474
		1: 1.06134
Layer 1:
	Neuron 0:
		0: 1.53692
		1: 1.48060
0	expected: 1	found: 0
Initial Loss: 0.00033
---------- Running Epoch 607 ----------
Layer 0:
	Neuron 0:
		0: 1.19841
		1: 1.58378
	Neuron 1:
		0: 1.46574
		1: 1.06234
Layer 1:
	Neuron 0:
		0: 1.53792
		1: 1.48160
0	expected: 1	found: 0
Initial Loss: 0.00032
---------- Running Epoch 608 ----------
Layer 0:
	Neuron 0:
		0: 1.19941
		1: 1.58478
	Neuron 1:
		0: 1.46674
		1: 1.06334
Layer 1:
	Neuron 0:
		0: 1.53892
		1: 1.48260
0	expected: 1	found: 0
Initial Loss: 0.00032
---------- Running Epoch 609 ----------
Layer 0:
	Neuron 0:
		0: 1.20041
		1: 1.58578
	Neuron 1:
		0: 1.46774
		1: 1.06434
Layer 1:
	Neuron 0:
		0: 1.53992
		1: 1.48360
0	expected: 1	found: 0
Initial Loss: 0.00032
---------- Running Epoch 610 ----------
Layer 0:
	Neuron 0:
		0: 1.20141
		1: 1.58678
	Neuron 1:
		0: 1.46874
		1: 1.06534
Layer 1:
	Neuron 0:
		0: 1.54092
		1: 1.48460
0	expected: 1	found: 0
Initial Loss: 0.00032
---------- Running Epoch 611 ----------
Layer 0:
	Neuron 0:
		0: 1.20241
		1: 1.58778
	Neuron 1:
		0: 1.46974
		1: 1.06634
Layer 1:
	Neuron 0:
		0: 1.54192
		1: 1.48560
0	expected: 1	found: 0
Initial Loss: 0.00032
---------- Running Epoch 612 ----------
Layer 0:
	Neuron 0:
		0: 1.20341
		1: 1.58878
	Neuron 1:
		0: 1.47074
		1: 1.06734
Layer 1:
	Neuron 0:
		0: 1.54292
		1: 1.48660
0	expected: 1	found: 0
Initial Loss: 0.00032
---------- Running Epoch 613 ----------
Layer 0:
	Neuron 0:
		0: 1.20441
		1: 1.58978
	Neuron 1:
		0: 1.47174
		1: 1.06834
Layer 1:
	Neuron 0:
		0: 1.54392
		1: 1.48760
0	expected: 1	found: 0
Initial Loss: 0.00032
---------- Running Epoch 614 ----------
Layer 0:
	Neuron 0:
		0: 1.20541
		1: 1.59078
	Neuron 1:
		0: 1.47274
		1: 1.06934
Layer 1:
	Neuron 0:
		0: 1.54492
		1: 1.48860
0	expected: 1	found: 0
Initial Loss: 0.00032
---------- Running Epoch 615 ----------
Layer 0:
	Neuron 0:
		0: 1.20641
		1: 1.59178
	Neuron 1:
		0: 1.47374
		1: 1.07034
Layer 1:
	Neuron 0:
		0: 1.54592
		1: 1.48960
0	expected: 1	found: 0
Initial Loss: 0.00031
---------- Running Epoch 616 ----------
Layer 0:
	Neuron 0:
		0: 1.20741
		1: 1.59278
	Neuron 1:
		0: 1.47474
		1: 1.07134
Layer 1:
	Neuron 0:
		0: 1.54692
		1: 1.49060
0	expected: 1	found: 0
Initial Loss: 0.00031
---------- Running Epoch 617 ----------
Layer 0:
	Neuron 0:
		0: 1.20841
		1: 1.59378
	Neuron 1:
		0: 1.47574
		1: 1.07234
Layer 1:
	Neuron 0:
		0: 1.54792
		1: 1.49160
0	expected: 1	found: 0
Initial Loss: 0.00031
---------- Running Epoch 618 ----------
Layer 0:
	Neuron 0:
		0: 1.20941
		1: 1.59478
	Neuron 1:
		0: 1.47674
		1: 1.07334
Layer 1:
	Neuron 0:
		0: 1.54892
		1: 1.49260
0	expected: 1	found: 0
Initial Loss: 0.00031
---------- Running Epoch 619 ----------
Layer 0:
	Neuron 0:
		0: 1.21041
		1: 1.59578
	Neuron 1:
		0: 1.47774
		1: 1.07434
Layer 1:
	Neuron 0:
		0: 1.54992
		1: 1.49360
0	expected: 1	found: 0
Initial Loss: 0.00031
---------- Running Epoch 620 ----------
Layer 0:
	Neuron 0:
		0: 1.21141
		1: 1.59678
	Neuron 1:
		0: 1.47874
		1: 1.07534
Layer 1:
	Neuron 0:
		0: 1.55092
		1: 1.49460
0	expected: 1	found: 0
Initial Loss: 0.00031
---------- Running Epoch 621 ----------
Layer 0:
	Neuron 0:
		0: 1.21241
		1: 1.59778
	Neuron 1:
		0: 1.47974
		1: 1.07634
Layer 1:
	Neuron 0:
		0: 1.55192
		1: 1.49560
0	expected: 1	found: 0
Initial Loss: 0.00031
---------- Running Epoch 622 ----------
Layer 0:
	Neuron 0:
		0: 1.21341
		1: 1.59878
	Neuron 1:
		0: 1.48074
		1: 1.07734
Layer 1:
	Neuron 0:
		0: 1.55292
		1: 1.49660
0	expected: 1	found: 0
Initial Loss: 0.00031
---------- Running Epoch 623 ----------
Layer 0:
	Neuron 0:
		0: 1.21441
		1: 1.59978
	Neuron 1:
		0: 1.48174
		1: 1.07834
Layer 1:
	Neuron 0:
		0: 1.55392
		1: 1.49760
0	expected: 1	found: 0
Initial Loss: 0.00030
---------- Running Epoch 624 ----------
Layer 0:
	Neuron 0:
		0: 1.21541
		1: 1.60078
	Neuron 1:
		0: 1.48274
		1: 1.07934
Layer 1:
	Neuron 0:
		0: 1.55492
		1: 1.49860
0	expected: 1	found: 0
Initial Loss: 0.00030
---------- Running Epoch 625 ----------
Layer 0:
	Neuron 0:
		0: 1.21641
		1: 1.60178
	Neuron 1:
		0: 1.48374
		1: 1.08034
Layer 1:
	Neuron 0:
		0: 1.55592
		1: 1.49960
0	expected: 1	found: 0
Initial Loss: 0.00030
---------- Running Epoch 626 ----------
Layer 0:
	Neuron 0:
		0: 1.21741
		1: 1.60278
	Neuron 1:
		0: 1.48474
		1: 1.08134
Layer 1:
	Neuron 0:
		0: 1.55692
		1: 1.50060
0	expected: 1	found: 0
Initial Loss: 0.00030
---------- Running Epoch 627 ----------
Layer 0:
	Neuron 0:
		0: 1.21841
		1: 1.60378
	Neuron 1:
		0: 1.48574
		1: 1.08234
Layer 1:
	Neuron 0:
		0: 1.55792
		1: 1.50160
0	expected: 1	found: 0
Initial Loss: 0.00030
---------- Running Epoch 628 ----------
Layer 0:
	Neuron 0:
		0: 1.21941
		1: 1.60478
	Neuron 1:
		0: 1.48674
		1: 1.08334
Layer 1:
	Neuron 0:
		0: 1.55892
		1: 1.50260
0	expected: 1	found: 0
Initial Loss: 0.00030
---------- Running Epoch 629 ----------
Layer 0:
	Neuron 0:
		0: 1.22041
		1: 1.60578
	Neuron 1:
		0: 1.48774
		1: 1.08434
Layer 1:
	Neuron 0:
		0: 1.55992
		1: 1.50360
0	expected: 1	found: 0
Initial Loss: 0.00030
---------- Running Epoch 630 ----------
Layer 0:
	Neuron 0:
		0: 1.22141
		1: 1.60678
	Neuron 1:
		0: 1.48874
		1: 1.08534
Layer 1:
	Neuron 0:
		0: 1.56092
		1: 1.50460
0	expected: 1	found: 0
Initial Loss: 0.00030
---------- Running Epoch 631 ----------
Layer 0:
	Neuron 0:
		0: 1.22241
		1: 1.60778
	Neuron 1:
		0: 1.48974
		1: 1.08634
Layer 1:
	Neuron 0:
		0: 1.56192
		1: 1.50560
0	expected: 1	found: 0
Initial Loss: 0.00029
---------- Running Epoch 632 ----------
Layer 0:
	Neuron 0:
		0: 1.22341
		1: 1.60878
	Neuron 1:
		0: 1.49074
		1: 1.08734
Layer 1:
	Neuron 0:
		0: 1.56292
		1: 1.50660
0	expected: 1	found: 0
Initial Loss: 0.00029
---------- Running Epoch 633 ----------
Layer 0:
	Neuron 0:
		0: 1.22441
		1: 1.60978
	Neuron 1:
		0: 1.49174
		1: 1.08834
Layer 1:
	Neuron 0:
		0: 1.56392
		1: 1.50760
0	expected: 1	found: 0
Initial Loss: 0.00029
---------- Running Epoch 634 ----------
Layer 0:
	Neuron 0:
		0: 1.22541
		1: 1.61078
	Neuron 1:
		0: 1.49274
		1: 1.08934
Layer 1:
	Neuron 0:
		0: 1.56492
		1: 1.50860
0	expected: 1	found: 0
Initial Loss: 0.00029
---------- Running Epoch 635 ----------
Layer 0:
	Neuron 0:
		0: 1.22641
		1: 1.61178
	Neuron 1:
		0: 1.49374
		1: 1.09034
Layer 1:
	Neuron 0:
		0: 1.56592
		1: 1.50960
0	expected: 1	found: 0
Initial Loss: 0.00029
---------- Running Epoch 636 ----------
Layer 0:
	Neuron 0:
		0: 1.22741
		1: 1.61278
	Neuron 1:
		0: 1.49474
		1: 1.09134
Layer 1:
	Neuron 0:
		0: 1.56692
		1: 1.51060
0	expected: 1	found: 0
Initial Loss: 0.00029
---------- Running Epoch 637 ----------
Layer 0:
	Neuron 0:
		0: 1.22841
		1: 1.61378
	Neuron 1:
		0: 1.49574
		1: 1.09234
Layer 1:
	Neuron 0:
		0: 1.56792
		1: 1.51160
0	expected: 1	found: 0
Initial Loss: 0.00029
---------- Running Epoch 638 ----------
Layer 0:
	Neuron 0:
		0: 1.22941
		1: 1.61478
	Neuron 1:
		0: 1.49674
		1: 1.09334
Layer 1:
	Neuron 0:
		0: 1.56892
		1: 1.51260
0	expected: 1	found: 0
Initial Loss: 0.00029
---------- Running Epoch 639 ----------
Layer 0:
	Neuron 0:
		0: 1.23041
		1: 1.61578
	Neuron 1:
		0: 1.49774
		1: 1.09434
Layer 1:
	Neuron 0:
		0: 1.56992
		1: 1.51360
0	expected: 1	found: 0
Initial Loss: 0.00028
---------- Running Epoch 640 ----------
Layer 0:
	Neuron 0:
		0: 1.23141
		1: 1.61678
	Neuron 1:
		0: 1.49874
		1: 1.09534
Layer 1:
	Neuron 0:
		0: 1.57092
		1: 1.51460
0	expected: 1	found: 0
Initial Loss: 0.00028
---------- Running Epoch 641 ----------
Layer 0:
	Neuron 0:
		0: 1.23241
		1: 1.61778
	Neuron 1:
		0: 1.49974
		1: 1.09634
Layer 1:
	Neuron 0:
		0: 1.57192
		1: 1.51560
0	expected: 1	found: 0
Initial Loss: 0.00028
---------- Running Epoch 642 ----------
Layer 0:
	Neuron 0:
		0: 1.23341
		1: 1.61878
	Neuron 1:
		0: 1.50074
		1: 1.09734
Layer 1:
	Neuron 0:
		0: 1.57292
		1: 1.51660
0	expected: 1	found: 0
Initial Loss: 0.00028
---------- Running Epoch 643 ----------
Layer 0:
	Neuron 0:
		0: 1.23441
		1: 1.61978
	Neuron 1:
		0: 1.50174
		1: 1.09834
Layer 1:
	Neuron 0:
		0: 1.57392
		1: 1.51760
0	expected: 1	found: 0
Initial Loss: 0.00028
---------- Running Epoch 644 ----------
Layer 0:
	Neuron 0:
		0: 1.23541
		1: 1.62078
	Neuron 1:
		0: 1.50274
		1: 1.09934
Layer 1:
	Neuron 0:
		0: 1.57492
		1: 1.51860
0	expected: 1	found: 0
Initial Loss: 0.00028
---------- Running Epoch 645 ----------
Layer 0:
	Neuron 0:
		0: 1.23641
		1: 1.62178
	Neuron 1:
		0: 1.50374
		1: 1.10034
Layer 1:
	Neuron 0:
		0: 1.57592
		1: 1.51960
0	expected: 1	found: 0
Initial Loss: 0.00028
---------- Running Epoch 646 ----------
Layer 0:
	Neuron 0:
		0: 1.23741
		1: 1.62278
	Neuron 1:
		0: 1.50474
		1: 1.10134
Layer 1:
	Neuron 0:
		0: 1.57692
		1: 1.52060
0	expected: 1	found: 0
Initial Loss: 0.00028
---------- Running Epoch 647 ----------
Layer 0:
	Neuron 0:
		0: 1.23841
		1: 1.62378
	Neuron 1:
		0: 1.50574
		1: 1.10234
Layer 1:
	Neuron 0:
		0: 1.57792
		1: 1.52160
0	expected: 1	found: 0
Initial Loss: 0.00028
---------- Running Epoch 648 ----------
Layer 0:
	Neuron 0:
		0: 1.23941
		1: 1.62478
	Neuron 1:
		0: 1.50674
		1: 1.10334
Layer 1:
	Neuron 0:
		0: 1.57892
		1: 1.52260
0	expected: 1	found: 0
Initial Loss: 0.00027
---------- Running Epoch 649 ----------
Layer 0:
	Neuron 0:
		0: 1.24041
		1: 1.62578
	Neuron 1:
		0: 1.50774
		1: 1.10434
Layer 1:
	Neuron 0:
		0: 1.57992
		1: 1.52360
0	expected: 1	found: 0
Initial Loss: 0.00027
---------- Running Epoch 650 ----------
Layer 0:
	Neuron 0:
		0: 1.24141
		1: 1.62678
	Neuron 1:
		0: 1.50874
		1: 1.10534
Layer 1:
	Neuron 0:
		0: 1.58092
		1: 1.52460
0	expected: 1	found: 0
Initial Loss: 0.00027
---------- Running Epoch 651 ----------
Layer 0:
	Neuron 0:
		0: 1.24241
		1: 1.62778
	Neuron 1:
		0: 1.50974
		1: 1.10634
Layer 1:
	Neuron 0:
		0: 1.58192
		1: 1.52560
0	expected: 1	found: 0
Initial Loss: 0.00027
---------- Running Epoch 652 ----------
Layer 0:
	Neuron 0:
		0: 1.24341
		1: 1.62878
	Neuron 1:
		0: 1.51074
		1: 1.10734
Layer 1:
	Neuron 0:
		0: 1.58292
		1: 1.52660
0	expected: 1	found: 0
Initial Loss: 0.00027
---------- Running Epoch 653 ----------
Layer 0:
	Neuron 0:
		0: 1.24441
		1: 1.62978
	Neuron 1:
		0: 1.51174
		1: 1.10834
Layer 1:
	Neuron 0:
		0: 1.58392
		1: 1.52760
0	expected: 1	found: 0
Initial Loss: 0.00027
---------- Running Epoch 654 ----------
Layer 0:
	Neuron 0:
		0: 1.24541
		1: 1.63078
	Neuron 1:
		0: 1.51274
		1: 1.10934
Layer 1:
	Neuron 0:
		0: 1.58492
		1: 1.52860
0	expected: 1	found: 0
Initial Loss: 0.00027
---------- Running Epoch 655 ----------
Layer 0:
	Neuron 0:
		0: 1.24641
		1: 1.63178
	Neuron 1:
		0: 1.51374
		1: 1.11034
Layer 1:
	Neuron 0:
		0: 1.58592
		1: 1.52960
0	expected: 1	found: 0
Initial Loss: 0.00027
---------- Running Epoch 656 ----------
Layer 0:
	Neuron 0:
		0: 1.24741
		1: 1.63278
	Neuron 1:
		0: 1.51474
		1: 1.11134
Layer 1:
	Neuron 0:
		0: 1.58692
		1: 1.53060
0	expected: 1	found: 0
Initial Loss: 0.00027
---------- Running Epoch 657 ----------
Layer 0:
	Neuron 0:
		0: 1.24841
		1: 1.63378
	Neuron 1:
		0: 1.51574
		1: 1.11234
Layer 1:
	Neuron 0:
		0: 1.58792
		1: 1.53160
0	expected: 1	found: 0
Initial Loss: 0.00027
---------- Running Epoch 658 ----------
Layer 0:
	Neuron 0:
		0: 1.24941
		1: 1.63478
	Neuron 1:
		0: 1.51674
		1: 1.11334
Layer 1:
	Neuron 0:
		0: 1.58892
		1: 1.53260
0	expected: 1	found: 0
Initial Loss: 0.00026
---------- Running Epoch 659 ----------
Layer 0:
	Neuron 0:
		0: 1.25041
		1: 1.63578
	Neuron 1:
		0: 1.51774
		1: 1.11434
Layer 1:
	Neuron 0:
		0: 1.58992
		1: 1.53360
0	expected: 1	found: 0
Initial Loss: 0.00026
---------- Running Epoch 660 ----------
Layer 0:
	Neuron 0:
		0: 1.25141
		1: 1.63678
	Neuron 1:
		0: 1.51874
		1: 1.11534
Layer 1:
	Neuron 0:
		0: 1.59092
		1: 1.53460
0	expected: 1	found: 0
Initial Loss: 0.00026
---------- Running Epoch 661 ----------
Layer 0:
	Neuron 0:
		0: 1.25241
		1: 1.63778
	Neuron 1:
		0: 1.51974
		1: 1.11634
Layer 1:
	Neuron 0:
		0: 1.59192
		1: 1.53560
0	expected: 1	found: 0
Initial Loss: 0.00026
---------- Running Epoch 662 ----------
Layer 0:
	Neuron 0:
		0: 1.25341
		1: 1.63878
	Neuron 1:
		0: 1.52074
		1: 1.11734
Layer 1:
	Neuron 0:
		0: 1.59292
		1: 1.53660
0	expected: 1	found: 0
Initial Loss: 0.00026
---------- Running Epoch 663 ----------
Layer 0:
	Neuron 0:
		0: 1.25441
		1: 1.63978
	Neuron 1:
		0: 1.52174
		1: 1.11834
Layer 1:
	Neuron 0:
		0: 1.59392
		1: 1.53760
0	expected: 1	found: 0
Initial Loss: 0.00026
---------- Running Epoch 664 ----------
Layer 0:
	Neuron 0:
		0: 1.25541
		1: 1.64078
	Neuron 1:
		0: 1.52274
		1: 1.11934
Layer 1:
	Neuron 0:
		0: 1.59492
		1: 1.53860
0	expected: 1	found: 0
Initial Loss: 0.00026
---------- Running Epoch 665 ----------
Layer 0:
	Neuron 0:
		0: 1.25641
		1: 1.64178
	Neuron 1:
		0: 1.52374
		1: 1.12034
Layer 1:
	Neuron 0:
		0: 1.59592
		1: 1.53960
0	expected: 1	found: 0
Initial Loss: 0.00026
---------- Running Epoch 666 ----------
Layer 0:
	Neuron 0:
		0: 1.25741
		1: 1.64278
	Neuron 1:
		0: 1.52474
		1: 1.12134
Layer 1:
	Neuron 0:
		0: 1.59692
		1: 1.54060
0	expected: 1	found: 0
Initial Loss: 0.00026
---------- Running Epoch 667 ----------
Layer 0:
	Neuron 0:
		0: 1.25841
		1: 1.64378
	Neuron 1:
		0: 1.52574
		1: 1.12234
Layer 1:
	Neuron 0:
		0: 1.59792
		1: 1.54160
0	expected: 1	found: 0
Initial Loss: 0.00025
---------- Running Epoch 668 ----------
Layer 0:
	Neuron 0:
		0: 1.25941
		1: 1.64478
	Neuron 1:
		0: 1.52674
		1: 1.12334
Layer 1:
	Neuron 0:
		0: 1.59892
		1: 1.54260
0	expected: 1	found: 0
Initial Loss: 0.00025
---------- Running Epoch 669 ----------
Layer 0:
	Neuron 0:
		0: 1.26041
		1: 1.64578
	Neuron 1:
		0: 1.52774
		1: 1.12434
Layer 1:
	Neuron 0:
		0: 1.59992
		1: 1.54360
0	expected: 1	found: 0
Initial Loss: 0.00025
---------- Running Epoch 670 ----------
Layer 0:
	Neuron 0:
		0: 1.26141
		1: 1.64678
	Neuron 1:
		0: 1.52874
		1: 1.12534
Layer 1:
	Neuron 0:
		0: 1.60092
		1: 1.54460
0	expected: 1	found: 0
Initial Loss: 0.00025
---------- Running Epoch 671 ----------
Layer 0:
	Neuron 0:
		0: 1.26241
		1: 1.64778
	Neuron 1:
		0: 1.52974
		1: 1.12634
Layer 1:
	Neuron 0:
		0: 1.60192
		1: 1.54560
0	expected: 1	found: 0
Initial Loss: 0.00025
---------- Running Epoch 672 ----------
Layer 0:
	Neuron 0:
		0: 1.26341
		1: 1.64878
	Neuron 1:
		0: 1.53074
		1: 1.12734
Layer 1:
	Neuron 0:
		0: 1.60292
		1: 1.54660
0	expected: 1	found: 0
Initial Loss: 0.00025
---------- Running Epoch 673 ----------
Layer 0:
	Neuron 0:
		0: 1.26441
		1: 1.64978
	Neuron 1:
		0: 1.53174
		1: 1.12834
Layer 1:
	Neuron 0:
		0: 1.60392
		1: 1.54760
0	expected: 1	found: 0
Initial Loss: 0.00025
---------- Running Epoch 674 ----------
Layer 0:
	Neuron 0:
		0: 1.26541
		1: 1.65078
	Neuron 1:
		0: 1.53274
		1: 1.12934
Layer 1:
	Neuron 0:
		0: 1.60492
		1: 1.54860
0	expected: 1	found: 0
Initial Loss: 0.00025
---------- Running Epoch 675 ----------
Layer 0:
	Neuron 0:
		0: 1.26641
		1: 1.65178
	Neuron 1:
		0: 1.53374
		1: 1.13034
Layer 1:
	Neuron 0:
		0: 1.60592
		1: 1.54960
0	expected: 1	found: 0
Initial Loss: 0.00025
---------- Running Epoch 676 ----------
Layer 0:
	Neuron 0:
		0: 1.26741
		1: 1.65278
	Neuron 1:
		0: 1.53474
		1: 1.13134
Layer 1:
	Neuron 0:
		0: 1.60692
		1: 1.55060
0	expected: 1	found: 0
Initial Loss: 0.00025
---------- Running Epoch 677 ----------
Layer 0:
	Neuron 0:
		0: 1.26841
		1: 1.65378
	Neuron 1:
		0: 1.53574
		1: 1.13234
Layer 1:
	Neuron 0:
		0: 1.60792
		1: 1.55160
0	expected: 1	found: 0
Initial Loss: 0.00024
---------- Running Epoch 678 ----------
Layer 0:
	Neuron 0:
		0: 1.26941
		1: 1.65478
	Neuron 1:
		0: 1.53674
		1: 1.13334
Layer 1:
	Neuron 0:
		0: 1.60892
		1: 1.55260
0	expected: 1	found: 0
Initial Loss: 0.00024
---------- Running Epoch 679 ----------
Layer 0:
	Neuron 0:
		0: 1.27041
		1: 1.65578
	Neuron 1:
		0: 1.53774
		1: 1.13434
Layer 1:
	Neuron 0:
		0: 1.60992
		1: 1.55360
0	expected: 1	found: 0
Initial Loss: 0.00024
---------- Running Epoch 680 ----------
Layer 0:
	Neuron 0:
		0: 1.27141
		1: 1.65678
	Neuron 1:
		0: 1.53874
		1: 1.13534
Layer 1:
	Neuron 0:
		0: 1.61092
		1: 1.55460
0	expected: 1	found: 0
Initial Loss: 0.00024
---------- Running Epoch 681 ----------
Layer 0:
	Neuron 0:
		0: 1.27241
		1: 1.65778
	Neuron 1:
		0: 1.53974
		1: 1.13634
Layer 1:
	Neuron 0:
		0: 1.61192
		1: 1.55560
0	expected: 1	found: 0
Initial Loss: 0.00024
---------- Running Epoch 682 ----------
Layer 0:
	Neuron 0:
		0: 1.27341
		1: 1.65878
	Neuron 1:
		0: 1.54074
		1: 1.13734
Layer 1:
	Neuron 0:
		0: 1.61292
		1: 1.55660
0	expected: 1	found: 0
Initial Loss: 0.00024
---------- Running Epoch 683 ----------
Layer 0:
	Neuron 0:
		0: 1.27441
		1: 1.65978
	Neuron 1:
		0: 1.54174
		1: 1.13834
Layer 1:
	Neuron 0:
		0: 1.61392
		1: 1.55760
0	expected: 1	found: 0
Initial Loss: 0.00024
---------- Running Epoch 684 ----------
Layer 0:
	Neuron 0:
		0: 1.27541
		1: 1.66078
	Neuron 1:
		0: 1.54274
		1: 1.13934
Layer 1:
	Neuron 0:
		0: 1.61492
		1: 1.55860
0	expected: 1	found: 0
Initial Loss: 0.00024
---------- Running Epoch 685 ----------
Layer 0:
	Neuron 0:
		0: 1.27641
		1: 1.66178
	Neuron 1:
		0: 1.54374
		1: 1.14034
Layer 1:
	Neuron 0:
		0: 1.61592
		1: 1.55960
0	expected: 1	found: 0
Initial Loss: 0.00024
---------- Running Epoch 686 ----------
Layer 0:
	Neuron 0:
		0: 1.27741
		1: 1.66278
	Neuron 1:
		0: 1.54474
		1: 1.14134
Layer 1:
	Neuron 0:
		0: 1.61692
		1: 1.56060
0	expected: 1	found: 0
Initial Loss: 0.00024
---------- Running Epoch 687 ----------
Layer 0:
	Neuron 0:
		0: 1.27841
		1: 1.66378
	Neuron 1:
		0: 1.54574
		1: 1.14234
Layer 1:
	Neuron 0:
		0: 1.61792
		1: 1.56160
0	expected: 1	found: 0
Initial Loss: 0.00023
---------- Running Epoch 688 ----------
Layer 0:
	Neuron 0:
		0: 1.27941
		1: 1.66478
	Neuron 1:
		0: 1.54674
		1: 1.14334
Layer 1:
	Neuron 0:
		0: 1.61892
		1: 1.56260
0	expected: 1	found: 0
Initial Loss: 0.00023
---------- Running Epoch 689 ----------
Layer 0:
	Neuron 0:
		0: 1.28041
		1: 1.66578
	Neuron 1:
		0: 1.54774
		1: 1.14434
Layer 1:
	Neuron 0:
		0: 1.61992
		1: 1.56360
0	expected: 1	found: 0
Initial Loss: 0.00023
---------- Running Epoch 690 ----------
Layer 0:
	Neuron 0:
		0: 1.28141
		1: 1.66678
	Neuron 1:
		0: 1.54874
		1: 1.14534
Layer 1:
	Neuron 0:
		0: 1.62092
		1: 1.56460
0	expected: 1	found: 0
Initial Loss: 0.00023
---------- Running Epoch 691 ----------
Layer 0:
	Neuron 0:
		0: 1.28241
		1: 1.66778
	Neuron 1:
		0: 1.54974
		1: 1.14634
Layer 1:
	Neuron 0:
		0: 1.62192
		1: 1.56560
0	expected: 1	found: 0
Initial Loss: 0.00023
---------- Running Epoch 692 ----------
Layer 0:
	Neuron 0:
		0: 1.28341
		1: 1.66878
	Neuron 1:
		0: 1.55074
		1: 1.14734
Layer 1:
	Neuron 0:
		0: 1.62292
		1: 1.56660
0	expected: 1	found: 0
Initial Loss: 0.00023
---------- Running Epoch 693 ----------
Layer 0:
	Neuron 0:
		0: 1.28441
		1: 1.66978
	Neuron 1:
		0: 1.55174
		1: 1.14834
Layer 1:
	Neuron 0:
		0: 1.62392
		1: 1.56760
0	expected: 1	found: 0
Initial Loss: 0.00023
---------- Running Epoch 694 ----------
Layer 0:
	Neuron 0:
		0: 1.28541
		1: 1.67078
	Neuron 1:
		0: 1.55274
		1: 1.14934
Layer 1:
	Neuron 0:
		0: 1.62492
		1: 1.56860
0	expected: 1	found: 0
Initial Loss: 0.00023
---------- Running Epoch 695 ----------
Layer 0:
	Neuron 0:
		0: 1.28641
		1: 1.67178
	Neuron 1:
		0: 1.55374
		1: 1.15034
Layer 1:
	Neuron 0:
		0: 1.62592
		1: 1.56960
0	expected: 1	found: 0
Initial Loss: 0.00023
---------- Running Epoch 696 ----------
Layer 0:
	Neuron 0:
		0: 1.28741
		1: 1.67278
	Neuron 1:
		0: 1.55474
		1: 1.15134
Layer 1:
	Neuron 0:
		0: 1.62692
		1: 1.57060
0	expected: 1	found: 0
Initial Loss: 0.00023
---------- Running Epoch 697 ----------
Layer 0:
	Neuron 0:
		0: 1.28841
		1: 1.67378
	Neuron 1:
		0: 1.55574
		1: 1.15234
Layer 1:
	Neuron 0:
		0: 1.62792
		1: 1.57160
0	expected: 1	found: 0
Initial Loss: 0.00023
---------- Running Epoch 698 ----------
Layer 0:
	Neuron 0:
		0: 1.28941
		1: 1.67478
	Neuron 1:
		0: 1.55674
		1: 1.15334
Layer 1:
	Neuron 0:
		0: 1.62892
		1: 1.57260
0	expected: 1	found: 0
Initial Loss: 0.00022
---------- Running Epoch 699 ----------
Layer 0:
	Neuron 0:
		0: 1.29041
		1: 1.67578
	Neuron 1:
		0: 1.55774
		1: 1.15434
Layer 1:
	Neuron 0:
		0: 1.62992
		1: 1.57360
0	expected: 1	found: 0
Initial Loss: 0.00022
---------- Running Epoch 700 ----------
Layer 0:
	Neuron 0:
		0: 1.29141
		1: 1.67678
	Neuron 1:
		0: 1.55874
		1: 1.15534
Layer 1:
	Neuron 0:
		0: 1.63092
		1: 1.57460
0	expected: 1	found: 0
Initial Loss: 0.00022
---------- Running Epoch 701 ----------
Layer 0:
	Neuron 0:
		0: 1.29241
		1: 1.67778
	Neuron 1:
		0: 1.55974
		1: 1.15634
Layer 1:
	Neuron 0:
		0: 1.63192
		1: 1.57560
0	expected: 1	found: 0
Initial Loss: 0.00022
---------- Running Epoch 702 ----------
Layer 0:
	Neuron 0:
		0: 1.29341
		1: 1.67878
	Neuron 1:
		0: 1.56074
		1: 1.15734
Layer 1:
	Neuron 0:
		0: 1.63292
		1: 1.57660
0	expected: 1	found: 0
Initial Loss: 0.00022
---------- Running Epoch 703 ----------
Layer 0:
	Neuron 0:
		0: 1.29441
		1: 1.67978
	Neuron 1:
		0: 1.56174
		1: 1.15834
Layer 1:
	Neuron 0:
		0: 1.63392
		1: 1.57760
0	expected: 1	found: 0
Initial Loss: 0.00022
---------- Running Epoch 704 ----------
Layer 0:
	Neuron 0:
		0: 1.29541
		1: 1.68078
	Neuron 1:
		0: 1.56274
		1: 1.15934
Layer 1:
	Neuron 0:
		0: 1.63492
		1: 1.57860
0	expected: 1	found: 0
Initial Loss: 0.00022
---------- Running Epoch 705 ----------
Layer 0:
	Neuron 0:
		0: 1.29641
		1: 1.68178
	Neuron 1:
		0: 1.56374
		1: 1.16034
Layer 1:
	Neuron 0:
		0: 1.63592
		1: 1.57960
0	expected: 1	found: 0
Initial Loss: 0.00022
---------- Running Epoch 706 ----------
Layer 0:
	Neuron 0:
		0: 1.29741
		1: 1.68278
	Neuron 1:
		0: 1.56474
		1: 1.16134
Layer 1:
	Neuron 0:
		0: 1.63692
		1: 1.58060
0	expected: 1	found: 0
Initial Loss: 0.00022
---------- Running Epoch 707 ----------
Layer 0:
	Neuron 0:
		0: 1.29841
		1: 1.68378
	Neuron 1:
		0: 1.56574
		1: 1.16234
Layer 1:
	Neuron 0:
		0: 1.63792
		1: 1.58160
0	expected: 1	found: 0
Initial Loss: 0.00022
---------- Running Epoch 708 ----------
Layer 0:
	Neuron 0:
		0: 1.29941
		1: 1.68478
	Neuron 1:
		0: 1.56674
		1: 1.16334
Layer 1:
	Neuron 0:
		0: 1.63892
		1: 1.58260
0	expected: 1	found: 0
Initial Loss: 0.00022
---------- Running Epoch 709 ----------
Layer 0:
	Neuron 0:
		0: 1.30041
		1: 1.68578
	Neuron 1:
		0: 1.56774
		1: 1.16434
Layer 1:
	Neuron 0:
		0: 1.63992
		1: 1.58360
0	expected: 1	found: 0
Initial Loss: 0.00022
---------- Running Epoch 710 ----------
Layer 0:
	Neuron 0:
		0: 1.30141
		1: 1.68678
	Neuron 1:
		0: 1.56874
		1: 1.16534
Layer 1:
	Neuron 0:
		0: 1.64092
		1: 1.58460
0	expected: 1	found: 0
Initial Loss: 0.00021
---------- Running Epoch 711 ----------
Layer 0:
	Neuron 0:
		0: 1.30241
		1: 1.68778
	Neuron 1:
		0: 1.56974
		1: 1.16634
Layer 1:
	Neuron 0:
		0: 1.64192
		1: 1.58560
0	expected: 1	found: 0
Initial Loss: 0.00021
---------- Running Epoch 712 ----------
Layer 0:
	Neuron 0:
		0: 1.30341
		1: 1.68878
	Neuron 1:
		0: 1.57074
		1: 1.16734
Layer 1:
	Neuron 0:
		0: 1.64292
		1: 1.58660
0	expected: 1	found: 0
Initial Loss: 0.00021
---------- Running Epoch 713 ----------
Layer 0:
	Neuron 0:
		0: 1.30441
		1: 1.68978
	Neuron 1:
		0: 1.57174
		1: 1.16834
Layer 1:
	Neuron 0:
		0: 1.64392
		1: 1.58760
0	expected: 1	found: 0
Initial Loss: 0.00021
---------- Running Epoch 714 ----------
Layer 0:
	Neuron 0:
		0: 1.30541
		1: 1.69078
	Neuron 1:
		0: 1.57274
		1: 1.16934
Layer 1:
	Neuron 0:
		0: 1.64492
		1: 1.58860
0	expected: 1	found: 0
Initial Loss: 0.00021
---------- Running Epoch 715 ----------
Layer 0:
	Neuron 0:
		0: 1.30641
		1: 1.69178
	Neuron 1:
		0: 1.57374
		1: 1.17034
Layer 1:
	Neuron 0:
		0: 1.64592
		1: 1.58960
0	expected: 1	found: 0
Initial Loss: 0.00021
---------- Running Epoch 716 ----------
Layer 0:
	Neuron 0:
		0: 1.30741
		1: 1.69278
	Neuron 1:
		0: 1.57474
		1: 1.17134
Layer 1:
	Neuron 0:
		0: 1.64692
		1: 1.59060
0	expected: 1	found: 0
Initial Loss: 0.00021
---------- Running Epoch 717 ----------
Layer 0:
	Neuron 0:
		0: 1.30841
		1: 1.69378
	Neuron 1:
		0: 1.57574
		1: 1.17234
Layer 1:
	Neuron 0:
		0: 1.64792
		1: 1.59160
0	expected: 1	found: 0
Initial Loss: 0.00021
---------- Running Epoch 718 ----------
Layer 0:
	Neuron 0:
		0: 1.30941
		1: 1.69478
	Neuron 1:
		0: 1.57674
		1: 1.17334
Layer 1:
	Neuron 0:
		0: 1.64892
		1: 1.59260
0	expected: 1	found: 0
Initial Loss: 0.00021
---------- Running Epoch 719 ----------
Layer 0:
	Neuron 0:
		0: 1.31041
		1: 1.69578
	Neuron 1:
		0: 1.57774
		1: 1.17434
Layer 1:
	Neuron 0:
		0: 1.64992
		1: 1.59360
0	expected: 1	found: 0
Initial Loss: 0.00021
---------- Running Epoch 720 ----------
Layer 0:
	Neuron 0:
		0: 1.31141
		1: 1.69678
	Neuron 1:
		0: 1.57874
		1: 1.17534
Layer 1:
	Neuron 0:
		0: 1.65092
		1: 1.59460
0	expected: 1	found: 0
Initial Loss: 0.00021
---------- Running Epoch 721 ----------
Layer 0:
	Neuron 0:
		0: 1.31241
		1: 1.69778
	Neuron 1:
		0: 1.57974
		1: 1.17634
Layer 1:
	Neuron 0:
		0: 1.65192
		1: 1.59560
0	expected: 1	found: 0
Initial Loss: 0.00020
---------- Running Epoch 722 ----------
Layer 0:
	Neuron 0:
		0: 1.31341
		1: 1.69878
	Neuron 1:
		0: 1.58074
		1: 1.17734
Layer 1:
	Neuron 0:
		0: 1.65292
		1: 1.59660
0	expected: 1	found: 0
Initial Loss: 0.00020
---------- Running Epoch 723 ----------
Layer 0:
	Neuron 0:
		0: 1.31441
		1: 1.69978
	Neuron 1:
		0: 1.58174
		1: 1.17834
Layer 1:
	Neuron 0:
		0: 1.65392
		1: 1.59760
0	expected: 1	found: 0
Initial Loss: 0.00020
---------- Running Epoch 724 ----------
Layer 0:
	Neuron 0:
		0: 1.31541
		1: 1.70078
	Neuron 1:
		0: 1.58274
		1: 1.17934
Layer 1:
	Neuron 0:
		0: 1.65492
		1: 1.59860
0	expected: 1	found: 0
Initial Loss: 0.00020
---------- Running Epoch 725 ----------
Layer 0:
	Neuron 0:
		0: 1.31641
		1: 1.70178
	Neuron 1:
		0: 1.58374
		1: 1.18034
Layer 1:
	Neuron 0:
		0: 1.65592
		1: 1.59960
0	expected: 1	found: 0
Initial Loss: 0.00020
---------- Running Epoch 726 ----------
Layer 0:
	Neuron 0:
		0: 1.31741
		1: 1.70278
	Neuron 1:
		0: 1.58474
		1: 1.18134
Layer 1:
	Neuron 0:
		0: 1.65692
		1: 1.60060
0	expected: 1	found: 0
Initial Loss: 0.00020
---------- Running Epoch 727 ----------
Layer 0:
	Neuron 0:
		0: 1.31841
		1: 1.70378
	Neuron 1:
		0: 1.58574
		1: 1.18234
Layer 1:
	Neuron 0:
		0: 1.65792
		1: 1.60160
0	expected: 1	found: 0
Initial Loss: 0.00020
---------- Running Epoch 728 ----------
Layer 0:
	Neuron 0:
		0: 1.31941
		1: 1.70478
	Neuron 1:
		0: 1.58674
		1: 1.18334
Layer 1:
	Neuron 0:
		0: 1.65892
		1: 1.60260
0	expected: 1	found: 0
Initial Loss: 0.00020
---------- Running Epoch 729 ----------
Layer 0:
	Neuron 0:
		0: 1.32041
		1: 1.70578
	Neuron 1:
		0: 1.58774
		1: 1.18434
Layer 1:
	Neuron 0:
		0: 1.65992
		1: 1.60360
0	expected: 1	found: 0
Initial Loss: 0.00020
---------- Running Epoch 730 ----------
Layer 0:
	Neuron 0:
		0: 1.32141
		1: 1.70678
	Neuron 1:
		0: 1.58874
		1: 1.18534
Layer 1:
	Neuron 0:
		0: 1.66092
		1: 1.60460
0	expected: 1	found: 0
Initial Loss: 0.00020
---------- Running Epoch 731 ----------
Layer 0:
	Neuron 0:
		0: 1.32241
		1: 1.70778
	Neuron 1:
		0: 1.58974
		1: 1.18634
Layer 1:
	Neuron 0:
		0: 1.66192
		1: 1.60560
0	expected: 1	found: 0
Initial Loss: 0.00020
---------- Running Epoch 732 ----------
Layer 0:
	Neuron 0:
		0: 1.32341
		1: 1.70878
	Neuron 1:
		0: 1.59074
		1: 1.18734
Layer 1:
	Neuron 0:
		0: 1.66292
		1: 1.60660
0	expected: 1	found: 0
Initial Loss: 0.00020
---------- Running Epoch 733 ----------
Layer 0:
	Neuron 0:
		0: 1.32441
		1: 1.70978
	Neuron 1:
		0: 1.59174
		1: 1.18834
Layer 1:
	Neuron 0:
		0: 1.66392
		1: 1.60760
0	expected: 1	found: 0
Initial Loss: 0.00020
---------- Running Epoch 734 ----------
Layer 0:
	Neuron 0:
		0: 1.32541
		1: 1.71078
	Neuron 1:
		0: 1.59274
		1: 1.18934
Layer 1:
	Neuron 0:
		0: 1.66492
		1: 1.60860
0	expected: 1	found: 0
Initial Loss: 0.00019
---------- Running Epoch 735 ----------
Layer 0:
	Neuron 0:
		0: 1.32641
		1: 1.71178
	Neuron 1:
		0: 1.59374
		1: 1.19034
Layer 1:
	Neuron 0:
		0: 1.66592
		1: 1.60960
0	expected: 1	found: 0
Initial Loss: 0.00019
---------- Running Epoch 736 ----------
Layer 0:
	Neuron 0:
		0: 1.32741
		1: 1.71278
	Neuron 1:
		0: 1.59474
		1: 1.19134
Layer 1:
	Neuron 0:
		0: 1.66692
		1: 1.61060
0	expected: 1	found: 0
Initial Loss: 0.00019
---------- Running Epoch 737 ----------
Layer 0:
	Neuron 0:
		0: 1.32841
		1: 1.71378
	Neuron 1:
		0: 1.59574
		1: 1.19234
Layer 1:
	Neuron 0:
		0: 1.66792
		1: 1.61160
0	expected: 1	found: 0
Initial Loss: 0.00019
---------- Running Epoch 738 ----------
Layer 0:
	Neuron 0:
		0: 1.32941
		1: 1.71478
	Neuron 1:
		0: 1.59674
		1: 1.19334
Layer 1:
	Neuron 0:
		0: 1.66892
		1: 1.61260
0	expected: 1	found: 0
Initial Loss: 0.00019
---------- Running Epoch 739 ----------
Layer 0:
	Neuron 0:
		0: 1.33041
		1: 1.71578
	Neuron 1:
		0: 1.59774
		1: 1.19434
Layer 1:
	Neuron 0:
		0: 1.66992
		1: 1.61360
0	expected: 1	found: 0
Initial Loss: 0.00019
---------- Running Epoch 740 ----------
Layer 0:
	Neuron 0:
		0: 1.33141
		1: 1.71678
	Neuron 1:
		0: 1.59874
		1: 1.19534
Layer 1:
	Neuron 0:
		0: 1.67092
		1: 1.61460
0	expected: 1	found: 0
Initial Loss: 0.00019
---------- Running Epoch 741 ----------
Layer 0:
	Neuron 0:
		0: 1.33241
		1: 1.71778
	Neuron 1:
		0: 1.59974
		1: 1.19634
Layer 1:
	Neuron 0:
		0: 1.67192
		1: 1.61560
0	expected: 1	found: 0
Initial Loss: 0.00019
---------- Running Epoch 742 ----------
Layer 0:
	Neuron 0:
		0: 1.33341
		1: 1.71878
	Neuron 1:
		0: 1.60074
		1: 1.19734
Layer 1:
	Neuron 0:
		0: 1.67292
		1: 1.61660
0	expected: 1	found: 0
Initial Loss: 0.00019
---------- Running Epoch 743 ----------
Layer 0:
	Neuron 0:
		0: 1.33441
		1: 1.71978
	Neuron 1:
		0: 1.60174
		1: 1.19834
Layer 1:
	Neuron 0:
		0: 1.67392
		1: 1.61760
0	expected: 1	found: 0
Initial Loss: 0.00019
---------- Running Epoch 744 ----------
Layer 0:
	Neuron 0:
		0: 1.33541
		1: 1.72078
	Neuron 1:
		0: 1.60274
		1: 1.19934
Layer 1:
	Neuron 0:
		0: 1.67492
		1: 1.61860
0	expected: 1	found: 0
Initial Loss: 0.00019
---------- Running Epoch 745 ----------
Layer 0:
	Neuron 0:
		0: 1.33641
		1: 1.72178
	Neuron 1:
		0: 1.60374
		1: 1.20034
Layer 1:
	Neuron 0:
		0: 1.67592
		1: 1.61960
0	expected: 1	found: 0
Initial Loss: 0.00019
---------- Running Epoch 746 ----------
Layer 0:
	Neuron 0:
		0: 1.33741
		1: 1.72278
	Neuron 1:
		0: 1.60474
		1: 1.20134
Layer 1:
	Neuron 0:
		0: 1.67692
		1: 1.62060
0	expected: 1	found: 0
Initial Loss: 0.00019
---------- Running Epoch 747 ----------
Layer 0:
	Neuron 0:
		0: 1.33841
		1: 1.72378
	Neuron 1:
		0: 1.60574
		1: 1.20234
Layer 1:
	Neuron 0:
		0: 1.67792
		1: 1.62160
0	expected: 1	found: 0
Initial Loss: 0.00018
---------- Running Epoch 748 ----------
Layer 0:
	Neuron 0:
		0: 1.33941
		1: 1.72478
	Neuron 1:
		0: 1.60674
		1: 1.20334
Layer 1:
	Neuron 0:
		0: 1.67892
		1: 1.62260
0	expected: 1	found: 0
Initial Loss: 0.00018
---------- Running Epoch 749 ----------
Layer 0:
	Neuron 0:
		0: 1.34041
		1: 1.72578
	Neuron 1:
		0: 1.60774
		1: 1.20434
Layer 1:
	Neuron 0:
		0: 1.67992
		1: 1.62360
0	expected: 1	found: 0
Initial Loss: 0.00018
---------- Running Epoch 750 ----------
Layer 0:
	Neuron 0:
		0: 1.34141
		1: 1.72678
	Neuron 1:
		0: 1.60874
		1: 1.20534
Layer 1:
	Neuron 0:
		0: 1.68092
		1: 1.62460
0	expected: 1	found: 0
Initial Loss: 0.00018
---------- Running Epoch 751 ----------
Layer 0:
	Neuron 0:
		0: 1.34241
		1: 1.72778
	Neuron 1:
		0: 1.60974
		1: 1.20634
Layer 1:
	Neuron 0:
		0: 1.68192
		1: 1.62560
0	expected: 1	found: 0
Initial Loss: 0.00018
---------- Running Epoch 752 ----------
Layer 0:
	Neuron 0:
		0: 1.34341
		1: 1.72878
	Neuron 1:
		0: 1.61074
		1: 1.20734
Layer 1:
	Neuron 0:
		0: 1.68292
		1: 1.62660
0	expected: 1	found: 0
Initial Loss: 0.00018
---------- Running Epoch 753 ----------
Layer 0:
	Neuron 0:
		0: 1.34441
		1: 1.72978
	Neuron 1:
		0: 1.61174
		1: 1.20834
Layer 1:
	Neuron 0:
		0: 1.68392
		1: 1.62760
0	expected: 1	found: 0
Initial Loss: 0.00018
---------- Running Epoch 754 ----------
Layer 0:
	Neuron 0:
		0: 1.34541
		1: 1.73078
	Neuron 1:
		0: 1.61274
		1: 1.20934
Layer 1:
	Neuron 0:
		0: 1.68492
		1: 1.62860
0	expected: 1	found: 0
Initial Loss: 0.00018
---------- Running Epoch 755 ----------
Layer 0:
	Neuron 0:
		0: 1.34641
		1: 1.73178
	Neuron 1:
		0: 1.61374
		1: 1.21034
Layer 1:
	Neuron 0:
		0: 1.68592
		1: 1.62960
0	expected: 1	found: 0
Initial Loss: 0.00018
---------- Running Epoch 756 ----------
Layer 0:
	Neuron 0:
		0: 1.34741
		1: 1.73278
	Neuron 1:
		0: 1.61474
		1: 1.21134
Layer 1:
	Neuron 0:
		0: 1.68692
		1: 1.63060
0	expected: 1	found: 0
Initial Loss: 0.00018
---------- Running Epoch 757 ----------
Layer 0:
	Neuron 0:
		0: 1.34841
		1: 1.73378
	Neuron 1:
		0: 1.61574
		1: 1.21234
Layer 1:
	Neuron 0:
		0: 1.68792
		1: 1.63160
0	expected: 1	found: 0
Initial Loss: 0.00018
---------- Running Epoch 758 ----------
Layer 0:
	Neuron 0:
		0: 1.34941
		1: 1.73478
	Neuron 1:
		0: 1.61674
		1: 1.21334
Layer 1:
	Neuron 0:
		0: 1.68892
		1: 1.63260
0	expected: 1	found: 0
Initial Loss: 0.00018
---------- Running Epoch 759 ----------
Layer 0:
	Neuron 0:
		0: 1.35041
		1: 1.73578
	Neuron 1:
		0: 1.61774
		1: 1.21434
Layer 1:
	Neuron 0:
		0: 1.68992
		1: 1.63360
0	expected: 1	found: 0
Initial Loss: 0.00018
---------- Running Epoch 760 ----------
Layer 0:
	Neuron 0:
		0: 1.35141
		1: 1.73678
	Neuron 1:
		0: 1.61874
		1: 1.21534
Layer 1:
	Neuron 0:
		0: 1.69092
		1: 1.63460
0	expected: 1	found: 0
Initial Loss: 0.00018
---------- Running Epoch 761 ----------
Layer 0:
	Neuron 0:
		0: 1.35241
		1: 1.73778
	Neuron 1:
		0: 1.61974
		1: 1.21634
Layer 1:
	Neuron 0:
		0: 1.69192
		1: 1.63560
0	expected: 1	found: 0
Initial Loss: 0.00017
---------- Running Epoch 762 ----------
Layer 0:
	Neuron 0:
		0: 1.35341
		1: 1.73878
	Neuron 1:
		0: 1.62074
		1: 1.21734
Layer 1:
	Neuron 0:
		0: 1.69292
		1: 1.63660
0	expected: 1	found: 0
Initial Loss: 0.00017
---------- Running Epoch 763 ----------
Layer 0:
	Neuron 0:
		0: 1.35441
		1: 1.73978
	Neuron 1:
		0: 1.62174
		1: 1.21834
Layer 1:
	Neuron 0:
		0: 1.69392
		1: 1.63760
0	expected: 1	found: 0
Initial Loss: 0.00017
---------- Running Epoch 764 ----------
Layer 0:
	Neuron 0:
		0: 1.35541
		1: 1.74078
	Neuron 1:
		0: 1.62274
		1: 1.21934
Layer 1:
	Neuron 0:
		0: 1.69492
		1: 1.63860
0	expected: 1	found: 0
Initial Loss: 0.00017
---------- Running Epoch 765 ----------
Layer 0:
	Neuron 0:
		0: 1.35641
		1: 1.74178
	Neuron 1:
		0: 1.62374
		1: 1.22034
Layer 1:
	Neuron 0:
		0: 1.69592
		1: 1.63960
0	expected: 1	found: 0
Initial Loss: 0.00017
---------- Running Epoch 766 ----------
Layer 0:
	Neuron 0:
		0: 1.35741
		1: 1.74278
	Neuron 1:
		0: 1.62474
		1: 1.22134
Layer 1:
	Neuron 0:
		0: 1.69692
		1: 1.64060
0	expected: 1	found: 0
Initial Loss: 0.00017
---------- Running Epoch 767 ----------
Layer 0:
	Neuron 0:
		0: 1.35841
		1: 1.74378
	Neuron 1:
		0: 1.62574
		1: 1.22234
Layer 1:
	Neuron 0:
		0: 1.69792
		1: 1.64160
0	expected: 1	found: 0
Initial Loss: 0.00017
---------- Running Epoch 768 ----------
Layer 0:
	Neuron 0:
		0: 1.35941
		1: 1.74478
	Neuron 1:
		0: 1.62674
		1: 1.22334
Layer 1:
	Neuron 0:
		0: 1.69892
		1: 1.64260
0	expected: 1	found: 0
Initial Loss: 0.00017
---------- Running Epoch 769 ----------
Layer 0:
	Neuron 0:
		0: 1.36041
		1: 1.74578
	Neuron 1:
		0: 1.62774
		1: 1.22434
Layer 1:
	Neuron 0:
		0: 1.69992
		1: 1.64360
0	expected: 1	found: 0
Initial Loss: 0.00017
---------- Running Epoch 770 ----------
Layer 0:
	Neuron 0:
		0: 1.36141
		1: 1.74678
	Neuron 1:
		0: 1.62874
		1: 1.22534
Layer 1:
	Neuron 0:
		0: 1.70092
		1: 1.64460
0	expected: 1	found: 0
Initial Loss: 0.00017
---------- Running Epoch 771 ----------
Layer 0:
	Neuron 0:
		0: 1.36241
		1: 1.74778
	Neuron 1:
		0: 1.62974
		1: 1.22634
Layer 1:
	Neuron 0:
		0: 1.70192
		1: 1.64560
0	expected: 1	found: 0
Initial Loss: 0.00017
---------- Running Epoch 772 ----------
Layer 0:
	Neuron 0:
		0: 1.36341
		1: 1.74878
	Neuron 1:
		0: 1.63074
		1: 1.22734
Layer 1:
	Neuron 0:
		0: 1.70292
		1: 1.64660
0	expected: 1	found: 0
Initial Loss: 0.00017
---------- Running Epoch 773 ----------
Layer 0:
	Neuron 0:
		0: 1.36441
		1: 1.74978
	Neuron 1:
		0: 1.63174
		1: 1.22834
Layer 1:
	Neuron 0:
		0: 1.70392
		1: 1.64760
0	expected: 1	found: 0
Initial Loss: 0.00017
---------- Running Epoch 774 ----------
Layer 0:
	Neuron 0:
		0: 1.36541
		1: 1.75078
	Neuron 1:
		0: 1.63274
		1: 1.22934
Layer 1:
	Neuron 0:
		0: 1.70492
		1: 1.64860
0	expected: 1	found: 0
Initial Loss: 0.00017
---------- Running Epoch 775 ----------
Layer 0:
	Neuron 0:
		0: 1.36641
		1: 1.75178
	Neuron 1:
		0: 1.63374
		1: 1.23034
Layer 1:
	Neuron 0:
		0: 1.70592
		1: 1.64960
0	expected: 1	found: 0
Initial Loss: 0.00017
---------- Running Epoch 776 ----------
Layer 0:
	Neuron 0:
		0: 1.36741
		1: 1.75278
	Neuron 1:
		0: 1.63474
		1: 1.23134
Layer 1:
	Neuron 0:
		0: 1.70692
		1: 1.65060
0	expected: 1	found: 0
Initial Loss: 0.00016
---------- Running Epoch 777 ----------
Layer 0:
	Neuron 0:
		0: 1.36841
		1: 1.75378
	Neuron 1:
		0: 1.63574
		1: 1.23234
Layer 1:
	Neuron 0:
		0: 1.70792
		1: 1.65160
0	expected: 1	found: 0
Initial Loss: 0.00016
---------- Running Epoch 778 ----------
Layer 0:
	Neuron 0:
		0: 1.36941
		1: 1.75478
	Neuron 1:
		0: 1.63674
		1: 1.23334
Layer 1:
	Neuron 0:
		0: 1.70892
		1: 1.65260
0	expected: 1	found: 0
Initial Loss: 0.00016
---------- Running Epoch 779 ----------
Layer 0:
	Neuron 0:
		0: 1.37041
		1: 1.75578
	Neuron 1:
		0: 1.63774
		1: 1.23434
Layer 1:
	Neuron 0:
		0: 1.70992
		1: 1.65360
0	expected: 1	found: 0
Initial Loss: 0.00016
---------- Running Epoch 780 ----------
Layer 0:
	Neuron 0:
		0: 1.37141
		1: 1.75678
	Neuron 1:
		0: 1.63874
		1: 1.23534
Layer 1:
	Neuron 0:
		0: 1.71092
		1: 1.65460
0	expected: 1	found: 0
Initial Loss: 0.00016
---------- Running Epoch 781 ----------
Layer 0:
	Neuron 0:
		0: 1.37241
		1: 1.75778
	Neuron 1:
		0: 1.63974
		1: 1.23634
Layer 1:
	Neuron 0:
		0: 1.71192
		1: 1.65560
0	expected: 1	found: 0
Initial Loss: 0.00016
---------- Running Epoch 782 ----------
Layer 0:
	Neuron 0:
		0: 1.37341
		1: 1.75878
	Neuron 1:
		0: 1.64074
		1: 1.23734
Layer 1:
	Neuron 0:
		0: 1.71292
		1: 1.65660
0	expected: 1	found: 0
Initial Loss: 0.00016
---------- Running Epoch 783 ----------
Layer 0:
	Neuron 0:
		0: 1.37441
		1: 1.75978
	Neuron 1:
		0: 1.64174
		1: 1.23834
Layer 1:
	Neuron 0:
		0: 1.71392
		1: 1.65760
0	expected: 1	found: 0
Initial Loss: 0.00016
---------- Running Epoch 784 ----------
Layer 0:
	Neuron 0:
		0: 1.37541
		1: 1.76078
	Neuron 1:
		0: 1.64274
		1: 1.23934
Layer 1:
	Neuron 0:
		0: 1.71492
		1: 1.65860
0	expected: 1	found: 0
Initial Loss: 0.00016
---------- Running Epoch 785 ----------
Layer 0:
	Neuron 0:
		0: 1.37641
		1: 1.76178
	Neuron 1:
		0: 1.64374
		1: 1.24034
Layer 1:
	Neuron 0:
		0: 1.71592
		1: 1.65960
0	expected: 1	found: 0
Initial Loss: 0.00016
---------- Running Epoch 786 ----------
Layer 0:
	Neuron 0:
		0: 1.37741
		1: 1.76278
	Neuron 1:
		0: 1.64474
		1: 1.24134
Layer 1:
	Neuron 0:
		0: 1.71692
		1: 1.66060
0	expected: 1	found: 0
Initial Loss: 0.00016
---------- Running Epoch 787 ----------
Layer 0:
	Neuron 0:
		0: 1.37841
		1: 1.76378
	Neuron 1:
		0: 1.64574
		1: 1.24234
Layer 1:
	Neuron 0:
		0: 1.71792
		1: 1.66160
0	expected: 1	found: 0
Initial Loss: 0.00016
---------- Running Epoch 788 ----------
Layer 0:
	Neuron 0:
		0: 1.37941
		1: 1.76478
	Neuron 1:
		0: 1.64674
		1: 1.24334
Layer 1:
	Neuron 0:
		0: 1.71892
		1: 1.66260
0	expected: 1	found: 0
Initial Loss: 0.00016
---------- Running Epoch 789 ----------
Layer 0:
	Neuron 0:
		0: 1.38041
		1: 1.76578
	Neuron 1:
		0: 1.64774
		1: 1.24434
Layer 1:
	Neuron 0:
		0: 1.71992
		1: 1.66360
0	expected: 1	found: 0
Initial Loss: 0.00016
---------- Running Epoch 790 ----------
Layer 0:
	Neuron 0:
		0: 1.38141
		1: 1.76678
	Neuron 1:
		0: 1.64874
		1: 1.24534
Layer 1:
	Neuron 0:
		0: 1.72092
		1: 1.66460
0	expected: 1	found: 0
Initial Loss: 0.00016
---------- Running Epoch 791 ----------
Layer 0:
	Neuron 0:
		0: 1.38241
		1: 1.76778
	Neuron 1:
		0: 1.64974
		1: 1.24634
Layer 1:
	Neuron 0:
		0: 1.72192
		1: 1.66560
0	expected: 1	found: 0
Initial Loss: 0.00015
---------- Running Epoch 792 ----------
Layer 0:
	Neuron 0:
		0: 1.38341
		1: 1.76878
	Neuron 1:
		0: 1.65074
		1: 1.24734
Layer 1:
	Neuron 0:
		0: 1.72292
		1: 1.66660
0	expected: 1	found: 0
Initial Loss: 0.00015
---------- Running Epoch 793 ----------
Layer 0:
	Neuron 0:
		0: 1.38441
		1: 1.76978
	Neuron 1:
		0: 1.65174
		1: 1.24834
Layer 1:
	Neuron 0:
		0: 1.72392
		1: 1.66760
0	expected: 1	found: 0
Initial Loss: 0.00015
---------- Running Epoch 794 ----------
Layer 0:
	Neuron 0:
		0: 1.38541
		1: 1.77078
	Neuron 1:
		0: 1.65274
		1: 1.24934
Layer 1:
	Neuron 0:
		0: 1.72492
		1: 1.66860
0	expected: 1	found: 0
Initial Loss: 0.00015
---------- Running Epoch 795 ----------
Layer 0:
	Neuron 0:
		0: 1.38641
		1: 1.77178
	Neuron 1:
		0: 1.65374
		1: 1.25034
Layer 1:
	Neuron 0:
		0: 1.72592
		1: 1.66960
0	expected: 1	found: 0
Initial Loss: 0.00015
---------- Running Epoch 796 ----------
Layer 0:
	Neuron 0:
		0: 1.38741
		1: 1.77278
	Neuron 1:
		0: 1.65474
		1: 1.25134
Layer 1:
	Neuron 0:
		0: 1.72692
		1: 1.67060
0	expected: 1	found: 0
Initial Loss: 0.00015
---------- Running Epoch 797 ----------
Layer 0:
	Neuron 0:
		0: 1.38841
		1: 1.77378
	Neuron 1:
		0: 1.65574
		1: 1.25234
Layer 1:
	Neuron 0:
		0: 1.72792
		1: 1.67160
0	expected: 1	found: 0
Initial Loss: 0.00015
---------- Running Epoch 798 ----------
Layer 0:
	Neuron 0:
		0: 1.38941
		1: 1.77478
	Neuron 1:
		0: 1.65674
		1: 1.25334
Layer 1:
	Neuron 0:
		0: 1.72892
		1: 1.67260
0	expected: 1	found: 0
Initial Loss: 0.00015
---------- Running Epoch 799 ----------
Layer 0:
	Neuron 0:
		0: 1.39041
		1: 1.77578
	Neuron 1:
		0: 1.65774
		1: 1.25434
Layer 1:
	Neuron 0:
		0: 1.72992
		1: 1.67360
0	expected: 1	found: 0
Initial Loss: 0.00015
---------- Running Epoch 800 ----------
Layer 0:
	Neuron 0:
		0: 1.39141
		1: 1.77678
	Neuron 1:
		0: 1.65874
		1: 1.25534
Layer 1:
	Neuron 0:
		0: 1.73092
		1: 1.67460
0	expected: 1	found: 0
Initial Loss: 0.00015
---------- Running Epoch 801 ----------
Layer 0:
	Neuron 0:
		0: 1.39241
		1: 1.77778
	Neuron 1:
		0: 1.65974
		1: 1.25634
Layer 1:
	Neuron 0:
		0: 1.73192
		1: 1.67560
0	expected: 1	found: 0
Initial Loss: 0.00015
---------- Running Epoch 802 ----------
Layer 0:
	Neuron 0:
		0: 1.39341
		1: 1.77878
	Neuron 1:
		0: 1.66074
		1: 1.25734
Layer 1:
	Neuron 0:
		0: 1.73292
		1: 1.67660
0	expected: 1	found: 0
Initial Loss: 0.00015
---------- Running Epoch 803 ----------
Layer 0:
	Neuron 0:
		0: 1.39441
		1: 1.77978
	Neuron 1:
		0: 1.66174
		1: 1.25834
Layer 1:
	Neuron 0:
		0: 1.73392
		1: 1.67760
0	expected: 1	found: 0
Initial Loss: 0.00015
---------- Running Epoch 804 ----------
Layer 0:
	Neuron 0:
		0: 1.39541
		1: 1.78078
	Neuron 1:
		0: 1.66274
		1: 1.25934
Layer 1:
	Neuron 0:
		0: 1.73492
		1: 1.67860
0	expected: 1	found: 0
Initial Loss: 0.00015
---------- Running Epoch 805 ----------
Layer 0:
	Neuron 0:
		0: 1.39641
		1: 1.78178
	Neuron 1:
		0: 1.66374
		1: 1.26034
Layer 1:
	Neuron 0:
		0: 1.73592
		1: 1.67960
0	expected: 1	found: 0
Initial Loss: 0.00015
---------- Running Epoch 806 ----------
Layer 0:
	Neuron 0:
		0: 1.39741
		1: 1.78278
	Neuron 1:
		0: 1.66474
		1: 1.26134
Layer 1:
	Neuron 0:
		0: 1.73692
		1: 1.68060
0	expected: 1	found: 0
Initial Loss: 0.00015
---------- Running Epoch 807 ----------
Layer 0:
	Neuron 0:
		0: 1.39841
		1: 1.78378
	Neuron 1:
		0: 1.66574
		1: 1.26234
Layer 1:
	Neuron 0:
		0: 1.73792
		1: 1.68160
0	expected: 1	found: 0
Initial Loss: 0.00015
---------- Running Epoch 808 ----------
Layer 0:
	Neuron 0:
		0: 1.39941
		1: 1.78478
	Neuron 1:
		0: 1.66674
		1: 1.26334
Layer 1:
	Neuron 0:
		0: 1.73892
		1: 1.68260
0	expected: 1	found: 0
Initial Loss: 0.00014
---------- Running Epoch 809 ----------
Layer 0:
	Neuron 0:
		0: 1.40041
		1: 1.78578
	Neuron 1:
		0: 1.66774
		1: 1.26434
Layer 1:
	Neuron 0:
		0: 1.73992
		1: 1.68360
0	expected: 1	found: 0
Initial Loss: 0.00014
---------- Running Epoch 810 ----------
Layer 0:
	Neuron 0:
		0: 1.40141
		1: 1.78678
	Neuron 1:
		0: 1.66874
		1: 1.26534
Layer 1:
	Neuron 0:
		0: 1.74092
		1: 1.68460
0	expected: 1	found: 0
Initial Loss: 0.00014
---------- Running Epoch 811 ----------
Layer 0:
	Neuron 0:
		0: 1.40241
		1: 1.78778
	Neuron 1:
		0: 1.66974
		1: 1.26634
Layer 1:
	Neuron 0:
		0: 1.74192
		1: 1.68560
0	expected: 1	found: 0
Initial Loss: 0.00014
---------- Running Epoch 812 ----------
Layer 0:
	Neuron 0:
		0: 1.40341
		1: 1.78878
	Neuron 1:
		0: 1.67074
		1: 1.26734
Layer 1:
	Neuron 0:
		0: 1.74292
		1: 1.68660
0	expected: 1	found: 0
Initial Loss: 0.00014
---------- Running Epoch 813 ----------
Layer 0:
	Neuron 0:
		0: 1.40441
		1: 1.78978
	Neuron 1:
		0: 1.67174
		1: 1.26834
Layer 1:
	Neuron 0:
		0: 1.74392
		1: 1.68760
0	expected: 1	found: 0
Initial Loss: 0.00014
---------- Running Epoch 814 ----------
Layer 0:
	Neuron 0:
		0: 1.40541
		1: 1.79078
	Neuron 1:
		0: 1.67274
		1: 1.26934
Layer 1:
	Neuron 0:
		0: 1.74492
		1: 1.68860
0	expected: 1	found: 0
Initial Loss: 0.00014
---------- Running Epoch 815 ----------
Layer 0:
	Neuron 0:
		0: 1.40641
		1: 1.79178
	Neuron 1:
		0: 1.67374
		1: 1.27034
Layer 1:
	Neuron 0:
		0: 1.74592
		1: 1.68960
0	expected: 1	found: 0
Initial Loss: 0.00014
---------- Running Epoch 816 ----------
Layer 0:
	Neuron 0:
		0: 1.40741
		1: 1.79278
	Neuron 1:
		0: 1.67474
		1: 1.27134
Layer 1:
	Neuron 0:
		0: 1.74692
		1: 1.69060
0	expected: 1	found: 0
Initial Loss: 0.00014
---------- Running Epoch 817 ----------
Layer 0:
	Neuron 0:
		0: 1.40841
		1: 1.79378
	Neuron 1:
		0: 1.67574
		1: 1.27234
Layer 1:
	Neuron 0:
		0: 1.74792
		1: 1.69160
0	expected: 1	found: 0
Initial Loss: 0.00014
---------- Running Epoch 818 ----------
Layer 0:
	Neuron 0:
		0: 1.40941
		1: 1.79478
	Neuron 1:
		0: 1.67674
		1: 1.27334
Layer 1:
	Neuron 0:
		0: 1.74892
		1: 1.69260
0	expected: 1	found: 0
Initial Loss: 0.00014
---------- Running Epoch 819 ----------
Layer 0:
	Neuron 0:
		0: 1.41041
		1: 1.79578
	Neuron 1:
		0: 1.67774
		1: 1.27434
Layer 1:
	Neuron 0:
		0: 1.74992
		1: 1.69360
0	expected: 1	found: 0
Initial Loss: 0.00014
---------- Running Epoch 820 ----------
Layer 0:
	Neuron 0:
		0: 1.41141
		1: 1.79678
	Neuron 1:
		0: 1.67874
		1: 1.27534
Layer 1:
	Neuron 0:
		0: 1.75092
		1: 1.69460
0	expected: 1	found: 0
Initial Loss: 0.00014
---------- Running Epoch 821 ----------
Layer 0:
	Neuron 0:
		0: 1.41241
		1: 1.79778
	Neuron 1:
		0: 1.67974
		1: 1.27634
Layer 1:
	Neuron 0:
		0: 1.75192
		1: 1.69560
0	expected: 1	found: 0
Initial Loss: 0.00014
---------- Running Epoch 822 ----------
Layer 0:
	Neuron 0:
		0: 1.41341
		1: 1.79878
	Neuron 1:
		0: 1.68074
		1: 1.27734
Layer 1:
	Neuron 0:
		0: 1.75292
		1: 1.69660
0	expected: 1	found: 0
Initial Loss: 0.00014
---------- Running Epoch 823 ----------
Layer 0:
	Neuron 0:
		0: 1.41441
		1: 1.79978
	Neuron 1:
		0: 1.68174
		1: 1.27834
Layer 1:
	Neuron 0:
		0: 1.75392
		1: 1.69760
0	expected: 1	found: 0
Initial Loss: 0.00014
---------- Running Epoch 824 ----------
Layer 0:
	Neuron 0:
		0: 1.41541
		1: 1.80078
	Neuron 1:
		0: 1.68274
		1: 1.27934
Layer 1:
	Neuron 0:
		0: 1.75492
		1: 1.69860
0	expected: 1	found: 0
Initial Loss: 0.00014
---------- Running Epoch 825 ----------
Layer 0:
	Neuron 0:
		0: 1.41641
		1: 1.80178
	Neuron 1:
		0: 1.68374
		1: 1.28034
Layer 1:
	Neuron 0:
		0: 1.75592
		1: 1.69960
0	expected: 1	found: 0
Initial Loss: 0.00014
---------- Running Epoch 826 ----------
Layer 0:
	Neuron 0:
		0: 1.41741
		1: 1.80278
	Neuron 1:
		0: 1.68474
		1: 1.28134
Layer 1:
	Neuron 0:
		0: 1.75692
		1: 1.70060
0	expected: 1	found: 0
Initial Loss: 0.00013
---------- Running Epoch 827 ----------
Layer 0:
	Neuron 0:
		0: 1.41841
		1: 1.80378
	Neuron 1:
		0: 1.68574
		1: 1.28234
Layer 1:
	Neuron 0:
		0: 1.75792
		1: 1.70160
0	expected: 1	found: 0
Initial Loss: 0.00013
---------- Running Epoch 828 ----------
Layer 0:
	Neuron 0:
		0: 1.41941
		1: 1.80478
	Neuron 1:
		0: 1.68674
		1: 1.28334
Layer 1:
	Neuron 0:
		0: 1.75892
		1: 1.70260
0	expected: 1	found: 0
Initial Loss: 0.00013
---------- Running Epoch 829 ----------
Layer 0:
	Neuron 0:
		0: 1.42041
		1: 1.80578
	Neuron 1:
		0: 1.68774
		1: 1.28434
Layer 1:
	Neuron 0:
		0: 1.75992
		1: 1.70360
0	expected: 1	found: 0
Initial Loss: 0.00013
---------- Running Epoch 830 ----------
Layer 0:
	Neuron 0:
		0: 1.42141
		1: 1.80678
	Neuron 1:
		0: 1.68874
		1: 1.28534
Layer 1:
	Neuron 0:
		0: 1.76092
		1: 1.70460
0	expected: 1	found: 0
Initial Loss: 0.00013
---------- Running Epoch 831 ----------
Layer 0:
	Neuron 0:
		0: 1.42241
		1: 1.80778
	Neuron 1:
		0: 1.68974
		1: 1.28634
Layer 1:
	Neuron 0:
		0: 1.76192
		1: 1.70560
0	expected: 1	found: 0
Initial Loss: 0.00013
---------- Running Epoch 832 ----------
Layer 0:
	Neuron 0:
		0: 1.42341
		1: 1.80878
	Neuron 1:
		0: 1.69074
		1: 1.28734
Layer 1:
	Neuron 0:
		0: 1.76292
		1: 1.70660
0	expected: 1	found: 0
Initial Loss: 0.00013
---------- Running Epoch 833 ----------
Layer 0:
	Neuron 0:
		0: 1.42441
		1: 1.80978
	Neuron 1:
		0: 1.69174
		1: 1.28834
Layer 1:
	Neuron 0:
		0: 1.76392
		1: 1.70760
0	expected: 1	found: 0
Initial Loss: 0.00013
---------- Running Epoch 834 ----------
Layer 0:
	Neuron 0:
		0: 1.42541
		1: 1.81078
	Neuron 1:
		0: 1.69274
		1: 1.28934
Layer 1:
	Neuron 0:
		0: 1.76492
		1: 1.70860
0	expected: 1	found: 0
Initial Loss: 0.00013
---------- Running Epoch 835 ----------
Layer 0:
	Neuron 0:
		0: 1.42641
		1: 1.81178
	Neuron 1:
		0: 1.69374
		1: 1.29034
Layer 1:
	Neuron 0:
		0: 1.76592
		1: 1.70960
0	expected: 1	found: 0
Initial Loss: 0.00013
---------- Running Epoch 836 ----------
Layer 0:
	Neuron 0:
		0: 1.42741
		1: 1.81278
	Neuron 1:
		0: 1.69474
		1: 1.29134
Layer 1:
	Neuron 0:
		0: 1.76692
		1: 1.71060
0	expected: 1	found: 0
Initial Loss: 0.00013
---------- Running Epoch 837 ----------
Layer 0:
	Neuron 0:
		0: 1.42841
		1: 1.81378
	Neuron 1:
		0: 1.69574
		1: 1.29234
Layer 1:
	Neuron 0:
		0: 1.76792
		1: 1.71160
0	expected: 1	found: 0
Initial Loss: 0.00013
---------- Running Epoch 838 ----------
Layer 0:
	Neuron 0:
		0: 1.42941
		1: 1.81478
	Neuron 1:
		0: 1.69674
		1: 1.29334
Layer 1:
	Neuron 0:
		0: 1.76892
		1: 1.71260
0	expected: 1	found: 0
Initial Loss: 0.00013
---------- Running Epoch 839 ----------
Layer 0:
	Neuron 0:
		0: 1.43041
		1: 1.81578
	Neuron 1:
		0: 1.69774
		1: 1.29434
Layer 1:
	Neuron 0:
		0: 1.76992
		1: 1.71360
0	expected: 1	found: 0
Initial Loss: 0.00013
---------- Running Epoch 840 ----------
Layer 0:
	Neuron 0:
		0: 1.43141
		1: 1.81678
	Neuron 1:
		0: 1.69874
		1: 1.29534
Layer 1:
	Neuron 0:
		0: 1.77092
		1: 1.71460
0	expected: 1	found: 0
Initial Loss: 0.00013
---------- Running Epoch 841 ----------
Layer 0:
	Neuron 0:
		0: 1.43241
		1: 1.81778
	Neuron 1:
		0: 1.69974
		1: 1.29634
Layer 1:
	Neuron 0:
		0: 1.77192
		1: 1.71560
0	expected: 1	found: 0
Initial Loss: 0.00013
---------- Running Epoch 842 ----------
Layer 0:
	Neuron 0:
		0: 1.43341
		1: 1.81878
	Neuron 1:
		0: 1.70074
		1: 1.29734
Layer 1:
	Neuron 0:
		0: 1.77292
		1: 1.71660
0	expected: 1	found: 0
Initial Loss: 0.00013
---------- Running Epoch 843 ----------
Layer 0:
	Neuron 0:
		0: 1.43441
		1: 1.81978
	Neuron 1:
		0: 1.70174
		1: 1.29834
Layer 1:
	Neuron 0:
		0: 1.77392
		1: 1.71760
0	expected: 1	found: 0
Initial Loss: 0.00013
---------- Running Epoch 844 ----------
Layer 0:
	Neuron 0:
		0: 1.43541
		1: 1.82078
	Neuron 1:
		0: 1.70274
		1: 1.29934
Layer 1:
	Neuron 0:
		0: 1.77492
		1: 1.71860
0	expected: 1	found: 0
Initial Loss: 0.00013
---------- Running Epoch 845 ----------
Layer 0:
	Neuron 0:
		0: 1.43641
		1: 1.82178
	Neuron 1:
		0: 1.70374
		1: 1.30034
Layer 1:
	Neuron 0:
		0: 1.77592
		1: 1.71960
0	expected: 1	found: 0
Initial Loss: 0.00012
---------- Running Epoch 846 ----------
Layer 0:
	Neuron 0:
		0: 1.43741
		1: 1.82278
	Neuron 1:
		0: 1.70474
		1: 1.30134
Layer 1:
	Neuron 0:
		0: 1.77692
		1: 1.72060
0	expected: 1	found: 0
Initial Loss: 0.00012
---------- Running Epoch 847 ----------
Layer 0:
	Neuron 0:
		0: 1.43841
		1: 1.82378
	Neuron 1:
		0: 1.70574
		1: 1.30234
Layer 1:
	Neuron 0:
		0: 1.77792
		1: 1.72160
0	expected: 1	found: 0
Initial Loss: 0.00012
---------- Running Epoch 848 ----------
Layer 0:
	Neuron 0:
		0: 1.43941
		1: 1.82478
	Neuron 1:
		0: 1.70674
		1: 1.30334
Layer 1:
	Neuron 0:
		0: 1.77892
		1: 1.72260
0	expected: 1	found: 0
Initial Loss: 0.00012
---------- Running Epoch 849 ----------
Layer 0:
	Neuron 0:
		0: 1.44041
		1: 1.82578
	Neuron 1:
		0: 1.70774
		1: 1.30434
Layer 1:
	Neuron 0:
		0: 1.77992
		1: 1.72360
0	expected: 1	found: 0
Initial Loss: 0.00012
---------- Running Epoch 850 ----------
Layer 0:
	Neuron 0:
		0: 1.44141
		1: 1.82678
	Neuron 1:
		0: 1.70874
		1: 1.30534
Layer 1:
	Neuron 0:
		0: 1.78092
		1: 1.72460
0	expected: 1	found: 0
Initial Loss: 0.00012
---------- Running Epoch 851 ----------
Layer 0:
	Neuron 0:
		0: 1.44241
		1: 1.82778
	Neuron 1:
		0: 1.70974
		1: 1.30634
Layer 1:
	Neuron 0:
		0: 1.78192
		1: 1.72560
0	expected: 1	found: 0
Initial Loss: 0.00012
---------- Running Epoch 852 ----------
Layer 0:
	Neuron 0:
		0: 1.44341
		1: 1.82878
	Neuron 1:
		0: 1.71074
		1: 1.30734
Layer 1:
	Neuron 0:
		0: 1.78292
		1: 1.72660
0	expected: 1	found: 0
Initial Loss: 0.00012
---------- Running Epoch 853 ----------
Layer 0:
	Neuron 0:
		0: 1.44441
		1: 1.82978
	Neuron 1:
		0: 1.71174
		1: 1.30834
Layer 1:
	Neuron 0:
		0: 1.78392
		1: 1.72760
0	expected: 1	found: 0
Initial Loss: 0.00012
---------- Running Epoch 854 ----------
Layer 0:
	Neuron 0:
		0: 1.44541
		1: 1.83078
	Neuron 1:
		0: 1.71274
		1: 1.30934
Layer 1:
	Neuron 0:
		0: 1.78492
		1: 1.72860
0	expected: 1	found: 0
Initial Loss: 0.00012
---------- Running Epoch 855 ----------
Layer 0:
	Neuron 0:
		0: 1.44641
		1: 1.83178
	Neuron 1:
		0: 1.71374
		1: 1.31034
Layer 1:
	Neuron 0:
		0: 1.78592
		1: 1.72960
0	expected: 1	found: 0
Initial Loss: 0.00012
---------- Running Epoch 856 ----------
Layer 0:
	Neuron 0:
		0: 1.44741
		1: 1.83278
	Neuron 1:
		0: 1.71474
		1: 1.31134
Layer 1:
	Neuron 0:
		0: 1.78692
		1: 1.73060
0	expected: 1	found: 0
Initial Loss: 0.00012
---------- Running Epoch 857 ----------
Layer 0:
	Neuron 0:
		0: 1.44841
		1: 1.83378
	Neuron 1:
		0: 1.71574
		1: 1.31234
Layer 1:
	Neuron 0:
		0: 1.78792
		1: 1.73160
0	expected: 1	found: 0
Initial Loss: 0.00012
---------- Running Epoch 858 ----------
Layer 0:
	Neuron 0:
		0: 1.44941
		1: 1.83478
	Neuron 1:
		0: 1.71674
		1: 1.31334
Layer 1:
	Neuron 0:
		0: 1.78892
		1: 1.73260
0	expected: 1	found: 0
Initial Loss: 0.00012
---------- Running Epoch 859 ----------
Layer 0:
	Neuron 0:
		0: 1.45041
		1: 1.83578
	Neuron 1:
		0: 1.71774
		1: 1.31434
Layer 1:
	Neuron 0:
		0: 1.78992
		1: 1.73360
0	expected: 1	found: 0
Initial Loss: 0.00012
---------- Running Epoch 860 ----------
Layer 0:
	Neuron 0:
		0: 1.45141
		1: 1.83678
	Neuron 1:
		0: 1.71874
		1: 1.31534
Layer 1:
	Neuron 0:
		0: 1.79092
		1: 1.73460
0	expected: 1	found: 0
Initial Loss: 0.00012
---------- Running Epoch 861 ----------
Layer 0:
	Neuron 0:
		0: 1.45241
		1: 1.83778
	Neuron 1:
		0: 1.71974
		1: 1.31634
Layer 1:
	Neuron 0:
		0: 1.79192
		1: 1.73560
0	expected: 1	found: 0
Initial Loss: 0.00012
---------- Running Epoch 862 ----------
Layer 0:
	Neuron 0:
		0: 1.45341
		1: 1.83878
	Neuron 1:
		0: 1.72074
		1: 1.31734
Layer 1:
	Neuron 0:
		0: 1.79292
		1: 1.73660
0	expected: 1	found: 0
Initial Loss: 0.00012
---------- Running Epoch 863 ----------
Layer 0:
	Neuron 0:
		0: 1.45441
		1: 1.83978
	Neuron 1:
		0: 1.72174
		1: 1.31834
Layer 1:
	Neuron 0:
		0: 1.79392
		1: 1.73760
0	expected: 1	found: 0
Initial Loss: 0.00012
---------- Running Epoch 864 ----------
Layer 0:
	Neuron 0:
		0: 1.45541
		1: 1.84078
	Neuron 1:
		0: 1.72274
		1: 1.31934
Layer 1:
	Neuron 0:
		0: 1.79492
		1: 1.73860
0	expected: 1	found: 0
Initial Loss: 0.00012
---------- Running Epoch 865 ----------
Layer 0:
	Neuron 0:
		0: 1.45641
		1: 1.84178
	Neuron 1:
		0: 1.72374
		1: 1.32034
Layer 1:
	Neuron 0:
		0: 1.79592
		1: 1.73960
0	expected: 1	found: 0
Initial Loss: 0.00012
---------- Running Epoch 866 ----------
Layer 0:
	Neuron 0:
		0: 1.45741
		1: 1.84278
	Neuron 1:
		0: 1.72474
		1: 1.32134
Layer 1:
	Neuron 0:
		0: 1.79692
		1: 1.74060
0	expected: 1	found: 0
Initial Loss: 0.00011
---------- Running Epoch 867 ----------
Layer 0:
	Neuron 0:
		0: 1.45841
		1: 1.84378
	Neuron 1:
		0: 1.72574
		1: 1.32234
Layer 1:
	Neuron 0:
		0: 1.79792
		1: 1.74160
0	expected: 1	found: 0
Initial Loss: 0.00011
---------- Running Epoch 868 ----------
Layer 0:
	Neuron 0:
		0: 1.45941
		1: 1.84478
	Neuron 1:
		0: 1.72674
		1: 1.32334
Layer 1:
	Neuron 0:
		0: 1.79892
		1: 1.74260
0	expected: 1	found: 0
Initial Loss: 0.00011
---------- Running Epoch 869 ----------
Layer 0:
	Neuron 0:
		0: 1.46041
		1: 1.84578
	Neuron 1:
		0: 1.72774
		1: 1.32434
Layer 1:
	Neuron 0:
		0: 1.79992
		1: 1.74360
0	expected: 1	found: 0
Initial Loss: 0.00011
---------- Running Epoch 870 ----------
Layer 0:
	Neuron 0:
		0: 1.46141
		1: 1.84678
	Neuron 1:
		0: 1.72874
		1: 1.32534
Layer 1:
	Neuron 0:
		0: 1.80092
		1: 1.74460
0	expected: 1	found: 0
Initial Loss: 0.00011
---------- Running Epoch 871 ----------
Layer 0:
	Neuron 0:
		0: 1.46241
		1: 1.84778
	Neuron 1:
		0: 1.72974
		1: 1.32634
Layer 1:
	Neuron 0:
		0: 1.80192
		1: 1.74560
0	expected: 1	found: 0
Initial Loss: 0.00011
---------- Running Epoch 872 ----------
Layer 0:
	Neuron 0:
		0: 1.46341
		1: 1.84878
	Neuron 1:
		0: 1.73074
		1: 1.32734
Layer 1:
	Neuron 0:
		0: 1.80292
		1: 1.74660
0	expected: 1	found: 0
Initial Loss: 0.00011
---------- Running Epoch 873 ----------
Layer 0:
	Neuron 0:
		0: 1.46441
		1: 1.84978
	Neuron 1:
		0: 1.73174
		1: 1.32834
Layer 1:
	Neuron 0:
		0: 1.80392
		1: 1.74760
0	expected: 1	found: 0
Initial Loss: 0.00011
---------- Running Epoch 874 ----------
Layer 0:
	Neuron 0:
		0: 1.46541
		1: 1.85078
	Neuron 1:
		0: 1.73274
		1: 1.32934
Layer 1:
	Neuron 0:
		0: 1.80492
		1: 1.74860
0	expected: 1	found: 0
Initial Loss: 0.00011
---------- Running Epoch 875 ----------
Layer 0:
	Neuron 0:
		0: 1.46641
		1: 1.85178
	Neuron 1:
		0: 1.73374
		1: 1.33034
Layer 1:
	Neuron 0:
		0: 1.80592
		1: 1.74960
0	expected: 1	found: 0
Initial Loss: 0.00011
---------- Running Epoch 876 ----------
Layer 0:
	Neuron 0:
		0: 1.46741
		1: 1.85278
	Neuron 1:
		0: 1.73474
		1: 1.33134
Layer 1:
	Neuron 0:
		0: 1.80692
		1: 1.75060
0	expected: 1	found: 0
Initial Loss: 0.00011
---------- Running Epoch 877 ----------
Layer 0:
	Neuron 0:
		0: 1.46841
		1: 1.85378
	Neuron 1:
		0: 1.73574
		1: 1.33234
Layer 1:
	Neuron 0:
		0: 1.80792
		1: 1.75160
0	expected: 1	found: 0
Initial Loss: 0.00011
---------- Running Epoch 878 ----------
Layer 0:
	Neuron 0:
		0: 1.46941
		1: 1.85478
	Neuron 1:
		0: 1.73674
		1: 1.33334
Layer 1:
	Neuron 0:
		0: 1.80892
		1: 1.75260
0	expected: 1	found: 0
Initial Loss: 0.00011
---------- Running Epoch 879 ----------
Layer 0:
	Neuron 0:
		0: 1.47041
		1: 1.85578
	Neuron 1:
		0: 1.73774
		1: 1.33434
Layer 1:
	Neuron 0:
		0: 1.80992
		1: 1.75360
0	expected: 1	found: 0
Initial Loss: 0.00011
---------- Running Epoch 880 ----------
Layer 0:
	Neuron 0:
		0: 1.47141
		1: 1.85678
	Neuron 1:
		0: 1.73874
		1: 1.33534
Layer 1:
	Neuron 0:
		0: 1.81092
		1: 1.75460
0	expected: 1	found: 0
Initial Loss: 0.00011
---------- Running Epoch 881 ----------
Layer 0:
	Neuron 0:
		0: 1.47241
		1: 1.85778
	Neuron 1:
		0: 1.73974
		1: 1.33634
Layer 1:
	Neuron 0:
		0: 1.81192
		1: 1.75560
0	expected: 1	found: 0
Initial Loss: 0.00011
---------- Running Epoch 882 ----------
Layer 0:
	Neuron 0:
		0: 1.47341
		1: 1.85878
	Neuron 1:
		0: 1.74074
		1: 1.33734
Layer 1:
	Neuron 0:
		0: 1.81292
		1: 1.75660
0	expected: 1	found: 0
Initial Loss: 0.00011
---------- Running Epoch 883 ----------
Layer 0:
	Neuron 0:
		0: 1.47441
		1: 1.85978
	Neuron 1:
		0: 1.74174
		1: 1.33834
Layer 1:
	Neuron 0:
		0: 1.81392
		1: 1.75760
0	expected: 1	found: 0
Initial Loss: 0.00011
---------- Running Epoch 884 ----------
Layer 0:
	Neuron 0:
		0: 1.47541
		1: 1.86078
	Neuron 1:
		0: 1.74274
		1: 1.33934
Layer 1:
	Neuron 0:
		0: 1.81492
		1: 1.75860
0	expected: 1	found: 0
Initial Loss: 0.00011
---------- Running Epoch 885 ----------
Layer 0:
	Neuron 0:
		0: 1.47641
		1: 1.86178
	Neuron 1:
		0: 1.74374
		1: 1.34034
Layer 1:
	Neuron 0:
		0: 1.81592
		1: 1.75960
0	expected: 1	found: 0
Initial Loss: 0.00011
---------- Running Epoch 886 ----------
Layer 0:
	Neuron 0:
		0: 1.47741
		1: 1.86278
	Neuron 1:
		0: 1.74474
		1: 1.34134
Layer 1:
	Neuron 0:
		0: 1.81692
		1: 1.76060
0	expected: 1	found: 0
Initial Loss: 0.00011
---------- Running Epoch 887 ----------
Layer 0:
	Neuron 0:
		0: 1.47841
		1: 1.86378
	Neuron 1:
		0: 1.74574
		1: 1.34234
Layer 1:
	Neuron 0:
		0: 1.81792
		1: 1.76160
0	expected: 1	found: 0
Initial Loss: 0.00011
---------- Running Epoch 888 ----------
Layer 0:
	Neuron 0:
		0: 1.47941
		1: 1.86478
	Neuron 1:
		0: 1.74674
		1: 1.34334
Layer 1:
	Neuron 0:
		0: 1.81892
		1: 1.76260
0	expected: 1	found: 0
Initial Loss: 0.00010
---------- Running Epoch 889 ----------
Layer 0:
	Neuron 0:
		0: 1.48041
		1: 1.86578
	Neuron 1:
		0: 1.74774
		1: 1.34434
Layer 1:
	Neuron 0:
		0: 1.81992
		1: 1.76360
0	expected: 1	found: 0
Initial Loss: 0.00010
---------- Running Epoch 890 ----------
Layer 0:
	Neuron 0:
		0: 1.48141
		1: 1.86678
	Neuron 1:
		0: 1.74874
		1: 1.34534
Layer 1:
	Neuron 0:
		0: 1.82092
		1: 1.76460
0	expected: 1	found: 0
Initial Loss: 0.00010
---------- Running Epoch 891 ----------
Layer 0:
	Neuron 0:
		0: 1.48241
		1: 1.86778
	Neuron 1:
		0: 1.74974
		1: 1.34634
Layer 1:
	Neuron 0:
		0: 1.82192
		1: 1.76560
0	expected: 1	found: 0
Initial Loss: 0.00010
---------- Running Epoch 892 ----------
Layer 0:
	Neuron 0:
		0: 1.48341
		1: 1.86878
	Neuron 1:
		0: 1.75074
		1: 1.34734
Layer 1:
	Neuron 0:
		0: 1.82292
		1: 1.76660
0	expected: 1	found: 0
Initial Loss: 0.00010
---------- Running Epoch 893 ----------
Layer 0:
	Neuron 0:
		0: 1.48441
		1: 1.86978
	Neuron 1:
		0: 1.75174
		1: 1.34834
Layer 1:
	Neuron 0:
		0: 1.82392
		1: 1.76760
0	expected: 1	found: 0
Initial Loss: 0.00010
---------- Running Epoch 894 ----------
Layer 0:
	Neuron 0:
		0: 1.48541
		1: 1.87078
	Neuron 1:
		0: 1.75274
		1: 1.34934
Layer 1:
	Neuron 0:
		0: 1.82492
		1: 1.76860
0	expected: 1	found: 0
Initial Loss: 0.00010
---------- Running Epoch 895 ----------
Layer 0:
	Neuron 0:
		0: 1.48641
		1: 1.87178
	Neuron 1:
		0: 1.75374
		1: 1.35034
Layer 1:
	Neuron 0:
		0: 1.82592
		1: 1.76960
0	expected: 1	found: 0
Initial Loss: 0.00010
---------- Running Epoch 896 ----------
Layer 0:
	Neuron 0:
		0: 1.48741
		1: 1.87278
	Neuron 1:
		0: 1.75474
		1: 1.35134
Layer 1:
	Neuron 0:
		0: 1.82692
		1: 1.77060
0	expected: 1	found: 0
Initial Loss: 0.00010
---------- Running Epoch 897 ----------
Layer 0:
	Neuron 0:
		0: 1.48841
		1: 1.87378
	Neuron 1:
		0: 1.75574
		1: 1.35234
Layer 1:
	Neuron 0:
		0: 1.82792
		1: 1.77160
0	expected: 1	found: 0
Initial Loss: 0.00010
---------- Running Epoch 898 ----------
Layer 0:
	Neuron 0:
		0: 1.48941
		1: 1.87478
	Neuron 1:
		0: 1.75674
		1: 1.35334
Layer 1:
	Neuron 0:
		0: 1.82892
		1: 1.77260
0	expected: 1	found: 0
Initial Loss: 0.00010
---------- Running Epoch 899 ----------
Layer 0:
	Neuron 0:
		0: 1.49041
		1: 1.87578
	Neuron 1:
		0: 1.75774
		1: 1.35434
Layer 1:
	Neuron 0:
		0: 1.82992
		1: 1.77360
0	expected: 1	found: 0
Initial Loss: 0.00010
---------- Running Epoch 900 ----------
Layer 0:
	Neuron 0:
		0: 1.49141
		1: 1.87678
	Neuron 1:
		0: 1.75874
		1: 1.35534
Layer 1:
	Neuron 0:
		0: 1.83092
		1: 1.77460
0	expected: 1	found: 0
Initial Loss: 0.00010
---------- Running Epoch 901 ----------
Layer 0:
	Neuron 0:
		0: 1.49241
		1: 1.87778
	Neuron 1:
		0: 1.75974
		1: 1.35634
Layer 1:
	Neuron 0:
		0: 1.83192
		1: 1.77560
0	expected: 1	found: 0
Initial Loss: 0.00010
---------- Running Epoch 902 ----------
Layer 0:
	Neuron 0:
		0: 1.49341
		1: 1.87878
	Neuron 1:
		0: 1.76074
		1: 1.35734
Layer 1:
	Neuron 0:
		0: 1.83292
		1: 1.77660
0	expected: 1	found: 0
Initial Loss: 0.00010
---------- Running Epoch 903 ----------
Layer 0:
	Neuron 0:
		0: 1.49441
		1: 1.87978
	Neuron 1:
		0: 1.76174
		1: 1.35834
Layer 1:
	Neuron 0:
		0: 1.83392
		1: 1.77760
0	expected: 1	found: 0
Initial Loss: 0.00010
---------- Running Epoch 904 ----------
Layer 0:
	Neuron 0:
		0: 1.49541
		1: 1.88078
	Neuron 1:
		0: 1.76274
		1: 1.35934
Layer 1:
	Neuron 0:
		0: 1.83492
		1: 1.77860
0	expected: 1	found: 0
Initial Loss: 0.00010
---------- Running Epoch 905 ----------
Layer 0:
	Neuron 0:
		0: 1.49641
		1: 1.88178
	Neuron 1:
		0: 1.76374
		1: 1.36034
Layer 1:
	Neuron 0:
		0: 1.83592
		1: 1.77960
0	expected: 1	found: 0
Initial Loss: 0.00010
---------- Running Epoch 906 ----------
Layer 0:
	Neuron 0:
		0: 1.49741
		1: 1.88278
	Neuron 1:
		0: 1.76474
		1: 1.36134
Layer 1:
	Neuron 0:
		0: 1.83692
		1: 1.78060
0	expected: 1	found: 0
Initial Loss: 0.00010
---------- Running Epoch 907 ----------
Layer 0:
	Neuron 0:
		0: 1.49841
		1: 1.88378
	Neuron 1:
		0: 1.76574
		1: 1.36234
Layer 1:
	Neuron 0:
		0: 1.83792
		1: 1.78160
0	expected: 1	found: 0
Initial Loss: 0.00010
---------- Running Epoch 908 ----------
Layer 0:
	Neuron 0:
		0: 1.49941
		1: 1.88478
	Neuron 1:
		0: 1.76674
		1: 1.36334
Layer 1:
	Neuron 0:
		0: 1.83892
		1: 1.78260
0	expected: 1	found: 0
Initial Loss: 0.00010
---------- Running Epoch 909 ----------
Layer 0:
	Neuron 0:
		0: 1.50041
		1: 1.88578
	Neuron 1:
		0: 1.76774
		1: 1.36434
Layer 1:
	Neuron 0:
		0: 1.83992
		1: 1.78360
0	expected: 1	found: 0
Initial Loss: 0.00010
---------- Running Epoch 910 ----------
Layer 0:
	Neuron 0:
		0: 1.50141
		1: 1.88678
	Neuron 1:
		0: 1.76874
		1: 1.36534
Layer 1:
	Neuron 0:
		0: 1.84092
		1: 1.78460
0	expected: 1	found: 0
Initial Loss: 0.00010
---------- Running Epoch 911 ----------
Layer 0:
	Neuron 0:
		0: 1.50241
		1: 1.88778
	Neuron 1:
		0: 1.76974
		1: 1.36634
Layer 1:
	Neuron 0:
		0: 1.84192
		1: 1.78560
0	expected: 1	found: 0
Initial Loss: 0.00010
---------- Running Epoch 912 ----------
Layer 0:
	Neuron 0:
		0: 1.50341
		1: 1.88878
	Neuron 1:
		0: 1.77074
		1: 1.36734
Layer 1:
	Neuron 0:
		0: 1.84292
		1: 1.78660
0	expected: 1	found: 0
Initial Loss: 0.00010
---------- Running Epoch 913 ----------
Layer 0:
	Neuron 0:
		0: 1.50441
		1: 1.88978
	Neuron 1:
		0: 1.77174
		1: 1.36834
Layer 1:
	Neuron 0:
		0: 1.84392
		1: 1.78760
0	expected: 1	found: 0
Initial Loss: 0.00009
---------- Running Epoch 914 ----------
Layer 0:
	Neuron 0:
		0: 1.50541
		1: 1.89078
	Neuron 1:
		0: 1.77274
		1: 1.36934
Layer 1:
	Neuron 0:
		0: 1.84492
		1: 1.78860
0	expected: 1	found: 0
Initial Loss: 0.00009
---------- Running Epoch 915 ----------
Layer 0:
	Neuron 0:
		0: 1.50641
		1: 1.89178
	Neuron 1:
		0: 1.77374
		1: 1.37034
Layer 1:
	Neuron 0:
		0: 1.84592
		1: 1.78960
0	expected: 1	found: 0
Initial Loss: 0.00009
---------- Running Epoch 916 ----------
Layer 0:
	Neuron 0:
		0: 1.50741
		1: 1.89278
	Neuron 1:
		0: 1.77474
		1: 1.37134
Layer 1:
	Neuron 0:
		0: 1.84692
		1: 1.79060
0	expected: 1	found: 0
Initial Loss: 0.00009
---------- Running Epoch 917 ----------
Layer 0:
	Neuron 0:
		0: 1.50841
		1: 1.89378
	Neuron 1:
		0: 1.77574
		1: 1.37234
Layer 1:
	Neuron 0:
		0: 1.84792
		1: 1.79160
0	expected: 1	found: 0
Initial Loss: 0.00009
---------- Running Epoch 918 ----------
Layer 0:
	Neuron 0:
		0: 1.50941
		1: 1.89478
	Neuron 1:
		0: 1.77674
		1: 1.37334
Layer 1:
	Neuron 0:
		0: 1.84892
		1: 1.79260
0	expected: 1	found: 0
Initial Loss: 0.00009
---------- Running Epoch 919 ----------
Layer 0:
	Neuron 0:
		0: 1.51041
		1: 1.89578
	Neuron 1:
		0: 1.77774
		1: 1.37434
Layer 1:
	Neuron 0:
		0: 1.84992
		1: 1.79360
0	expected: 1	found: 0
Initial Loss: 0.00009
---------- Running Epoch 920 ----------
Layer 0:
	Neuron 0:
		0: 1.51141
		1: 1.89678
	Neuron 1:
		0: 1.77874
		1: 1.37534
Layer 1:
	Neuron 0:
		0: 1.85092
		1: 1.79460
0	expected: 1	found: 0
Initial Loss: 0.00009
---------- Running Epoch 921 ----------
Layer 0:
	Neuron 0:
		0: 1.51241
		1: 1.89778
	Neuron 1:
		0: 1.77974
		1: 1.37634
Layer 1:
	Neuron 0:
		0: 1.85192
		1: 1.79560
0	expected: 1	found: 0
Initial Loss: 0.00009
---------- Running Epoch 922 ----------
Layer 0:
	Neuron 0:
		0: 1.51341
		1: 1.89878
	Neuron 1:
		0: 1.78074
		1: 1.37734
Layer 1:
	Neuron 0:
		0: 1.85292
		1: 1.79660
0	expected: 1	found: 0
Initial Loss: 0.00009
---------- Running Epoch 923 ----------
Layer 0:
	Neuron 0:
		0: 1.51441
		1: 1.89978
	Neuron 1:
		0: 1.78174
		1: 1.37834
Layer 1:
	Neuron 0:
		0: 1.85392
		1: 1.79760
0	expected: 1	found: 0
Initial Loss: 0.00009
---------- Running Epoch 924 ----------
Layer 0:
	Neuron 0:
		0: 1.51541
		1: 1.90078
	Neuron 1:
		0: 1.78274
		1: 1.37934
Layer 1:
	Neuron 0:
		0: 1.85492
		1: 1.79860
0	expected: 1	found: 0
Initial Loss: 0.00009
---------- Running Epoch 925 ----------
Layer 0:
	Neuron 0:
		0: 1.51641
		1: 1.90178
	Neuron 1:
		0: 1.78374
		1: 1.38034
Layer 1:
	Neuron 0:
		0: 1.85592
		1: 1.79960
0	expected: 1	found: 0
Initial Loss: 0.00009
---------- Running Epoch 926 ----------
Layer 0:
	Neuron 0:
		0: 1.51741
		1: 1.90278
	Neuron 1:
		0: 1.78474
		1: 1.38134
Layer 1:
	Neuron 0:
		0: 1.85692
		1: 1.80060
0	expected: 1	found: 0
Initial Loss: 0.00009
---------- Running Epoch 927 ----------
Layer 0:
	Neuron 0:
		0: 1.51841
		1: 1.90378
	Neuron 1:
		0: 1.78574
		1: 1.38234
Layer 1:
	Neuron 0:
		0: 1.85792
		1: 1.80160
0	expected: 1	found: 0
Initial Loss: 0.00009
---------- Running Epoch 928 ----------
Layer 0:
	Neuron 0:
		0: 1.51941
		1: 1.90478
	Neuron 1:
		0: 1.78674
		1: 1.38334
Layer 1:
	Neuron 0:
		0: 1.85892
		1: 1.80260
0	expected: 1	found: 0
Initial Loss: 0.00009
---------- Running Epoch 929 ----------
Layer 0:
	Neuron 0:
		0: 1.52041
		1: 1.90578
	Neuron 1:
		0: 1.78774
		1: 1.38434
Layer 1:
	Neuron 0:
		0: 1.85992
		1: 1.80360
0	expected: 1	found: 0
Initial Loss: 0.00009
---------- Running Epoch 930 ----------
Layer 0:
	Neuron 0:
		0: 1.52141
		1: 1.90678
	Neuron 1:
		0: 1.78874
		1: 1.38534
Layer 1:
	Neuron 0:
		0: 1.86092
		1: 1.80460
0	expected: 1	found: 0
Initial Loss: 0.00009
---------- Running Epoch 931 ----------
Layer 0:
	Neuron 0:
		0: 1.52241
		1: 1.90778
	Neuron 1:
		0: 1.78974
		1: 1.38634
Layer 1:
	Neuron 0:
		0: 1.86192
		1: 1.80560
0	expected: 1	found: 0
Initial Loss: 0.00009
---------- Running Epoch 932 ----------
Layer 0:
	Neuron 0:
		0: 1.52341
		1: 1.90878
	Neuron 1:
		0: 1.79074
		1: 1.38734
Layer 1:
	Neuron 0:
		0: 1.86292
		1: 1.80660
0	expected: 1	found: 0
Initial Loss: 0.00009
---------- Running Epoch 933 ----------
Layer 0:
	Neuron 0:
		0: 1.52441
		1: 1.90978
	Neuron 1:
		0: 1.79174
		1: 1.38834
Layer 1:
	Neuron 0:
		0: 1.86392
		1: 1.80760
0	expected: 1	found: 0
Initial Loss: 0.00009
---------- Running Epoch 934 ----------
Layer 0:
	Neuron 0:
		0: 1.52541
		1: 1.91078
	Neuron 1:
		0: 1.79274
		1: 1.38934
Layer 1:
	Neuron 0:
		0: 1.86492
		1: 1.80860
0	expected: 1	found: 0
Initial Loss: 0.00009
---------- Running Epoch 935 ----------
Layer 0:
	Neuron 0:
		0: 1.52641
		1: 1.91178
	Neuron 1:
		0: 1.79374
		1: 1.39034
Layer 1:
	Neuron 0:
		0: 1.86592
		1: 1.80960
0	expected: 1	found: 0
Initial Loss: 0.00009
---------- Running Epoch 936 ----------
Layer 0:
	Neuron 0:
		0: 1.52741
		1: 1.91278
	Neuron 1:
		0: 1.79474
		1: 1.39134
Layer 1:
	Neuron 0:
		0: 1.86692
		1: 1.81060
0	expected: 1	found: 0
Initial Loss: 0.00009
---------- Running Epoch 937 ----------
Layer 0:
	Neuron 0:
		0: 1.52841
		1: 1.91378
	Neuron 1:
		0: 1.79574
		1: 1.39234
Layer 1:
	Neuron 0:
		0: 1.86792
		1: 1.81160
0	expected: 1	found: 0
Initial Loss: 0.00009
---------- Running Epoch 938 ----------
Layer 0:
	Neuron 0:
		0: 1.52941
		1: 1.91478
	Neuron 1:
		0: 1.79674
		1: 1.39334
Layer 1:
	Neuron 0:
		0: 1.86892
		1: 1.81260
0	expected: 1	found: 0
Initial Loss: 0.00009
---------- Running Epoch 939 ----------
Layer 0:
	Neuron 0:
		0: 1.53041
		1: 1.91578
	Neuron 1:
		0: 1.79774
		1: 1.39434
Layer 1:
	Neuron 0:
		0: 1.86992
		1: 1.81360
0	expected: 1	found: 0
Initial Loss: 0.00009
---------- Running Epoch 940 ----------
Layer 0:
	Neuron 0:
		0: 1.53141
		1: 1.91678
	Neuron 1:
		0: 1.79874
		1: 1.39534
Layer 1:
	Neuron 0:
		0: 1.87092
		1: 1.81460
0	expected: 1	found: 0
Initial Loss: 0.00009
---------- Running Epoch 941 ----------
Layer 0:
	Neuron 0:
		0: 1.53241
		1: 1.91778
	Neuron 1:
		0: 1.79974
		1: 1.39634
Layer 1:
	Neuron 0:
		0: 1.87192
		1: 1.81560
0	expected: 1	found: 0
Initial Loss: 0.00008
---------- Running Epoch 942 ----------
Layer 0:
	Neuron 0:
		0: 1.53341
		1: 1.91878
	Neuron 1:
		0: 1.80074
		1: 1.39734
Layer 1:
	Neuron 0:
		0: 1.87292
		1: 1.81660
0	expected: 1	found: 0
Initial Loss: 0.00008
---------- Running Epoch 943 ----------
Layer 0:
	Neuron 0:
		0: 1.53441
		1: 1.91978
	Neuron 1:
		0: 1.80174
		1: 1.39834
Layer 1:
	Neuron 0:
		0: 1.87392
		1: 1.81760
0	expected: 1	found: 0
Initial Loss: 0.00008
---------- Running Epoch 944 ----------
Layer 0:
	Neuron 0:
		0: 1.53541
		1: 1.92078
	Neuron 1:
		0: 1.80274
		1: 1.39934
Layer 1:
	Neuron 0:
		0: 1.87492
		1: 1.81860
0	expected: 1	found: 0
Initial Loss: 0.00008
---------- Running Epoch 945 ----------
Layer 0:
	Neuron 0:
		0: 1.53641
		1: 1.92178
	Neuron 1:
		0: 1.80374
		1: 1.40034
Layer 1:
	Neuron 0:
		0: 1.87592
		1: 1.81960
0	expected: 1	found: 0
Initial Loss: 0.00008
---------- Running Epoch 946 ----------
Layer 0:
	Neuron 0:
		0: 1.53741
		1: 1.92278
	Neuron 1:
		0: 1.80474
		1: 1.40134
Layer 1:
	Neuron 0:
		0: 1.87692
		1: 1.82060
0	expected: 1	found: 0
Initial Loss: 0.00008
---------- Running Epoch 947 ----------
Layer 0:
	Neuron 0:
		0: 1.53841
		1: 1.92378
	Neuron 1:
		0: 1.80574
		1: 1.40234
Layer 1:
	Neuron 0:
		0: 1.87792
		1: 1.82160
0	expected: 1	found: 0
Initial Loss: 0.00008
---------- Running Epoch 948 ----------
Layer 0:
	Neuron 0:
		0: 1.53941
		1: 1.92478
	Neuron 1:
		0: 1.80674
		1: 1.40334
Layer 1:
	Neuron 0:
		0: 1.87892
		1: 1.82260
0	expected: 1	found: 0
Initial Loss: 0.00008
---------- Running Epoch 949 ----------
Layer 0:
	Neuron 0:
		0: 1.54041
		1: 1.92578
	Neuron 1:
		0: 1.80774
		1: 1.40434
Layer 1:
	Neuron 0:
		0: 1.87992
		1: 1.82360
0	expected: 1	found: 0
Initial Loss: 0.00008
---------- Running Epoch 950 ----------
Layer 0:
	Neuron 0:
		0: 1.54141
		1: 1.92678
	Neuron 1:
		0: 1.80874
		1: 1.40534
Layer 1:
	Neuron 0:
		0: 1.88092
		1: 1.82460
0	expected: 1	found: 0
Initial Loss: 0.00008
---------- Running Epoch 951 ----------
Layer 0:
	Neuron 0:
		0: 1.54241
		1: 1.92778
	Neuron 1:
		0: 1.80974
		1: 1.40634
Layer 1:
	Neuron 0:
		0: 1.88192
		1: 1.82560
0	expected: 1	found: 0
Initial Loss: 0.00008
---------- Running Epoch 952 ----------
Layer 0:
	Neuron 0:
		0: 1.54341
		1: 1.92878
	Neuron 1:
		0: 1.81074
		1: 1.40734
Layer 1:
	Neuron 0:
		0: 1.88292
		1: 1.82660
0	expected: 1	found: 0
Initial Loss: 0.00008
---------- Running Epoch 953 ----------
Layer 0:
	Neuron 0:
		0: 1.54441
		1: 1.92978
	Neuron 1:
		0: 1.81174
		1: 1.40834
Layer 1:
	Neuron 0:
		0: 1.88392
		1: 1.82760
0	expected: 1	found: 0
Initial Loss: 0.00008
---------- Running Epoch 954 ----------
Layer 0:
	Neuron 0:
		0: 1.54541
		1: 1.93078
	Neuron 1:
		0: 1.81274
		1: 1.40934
Layer 1:
	Neuron 0:
		0: 1.88492
		1: 1.82860
0	expected: 1	found: 0
Initial Loss: 0.00008
---------- Running Epoch 955 ----------
Layer 0:
	Neuron 0:
		0: 1.54641
		1: 1.93178
	Neuron 1:
		0: 1.81374
		1: 1.41034
Layer 1:
	Neuron 0:
		0: 1.88592
		1: 1.82960
0	expected: 1	found: 0
Initial Loss: 0.00008
---------- Running Epoch 956 ----------
Layer 0:
	Neuron 0:
		0: 1.54741
		1: 1.93278
	Neuron 1:
		0: 1.81474
		1: 1.41134
Layer 1:
	Neuron 0:
		0: 1.88692
		1: 1.83060
0	expected: 1	found: 0
Initial Loss: 0.00008
---------- Running Epoch 957 ----------
Layer 0:
	Neuron 0:
		0: 1.54841
		1: 1.93378
	Neuron 1:
		0: 1.81574
		1: 1.41234
Layer 1:
	Neuron 0:
		0: 1.88792
		1: 1.83160
0	expected: 1	found: 0
Initial Loss: 0.00008
---------- Running Epoch 958 ----------
Layer 0:
	Neuron 0:
		0: 1.54941
		1: 1.93478
	Neuron 1:
		0: 1.81674
		1: 1.41334
Layer 1:
	Neuron 0:
		0: 1.88892
		1: 1.83260
0	expected: 1	found: 0
Initial Loss: 0.00008
---------- Running Epoch 959 ----------
Layer 0:
	Neuron 0:
		0: 1.55041
		1: 1.93578
	Neuron 1:
		0: 1.81774
		1: 1.41434
Layer 1:
	Neuron 0:
		0: 1.88992
		1: 1.83360
0	expected: 1	found: 0
Initial Loss: 0.00008
---------- Running Epoch 960 ----------
Layer 0:
	Neuron 0:
		0: 1.55141
		1: 1.93678
	Neuron 1:
		0: 1.81874
		1: 1.41534
Layer 1:
	Neuron 0:
		0: 1.89092
		1: 1.83460
0	expected: 1	found: 0
Initial Loss: 0.00008
---------- Running Epoch 961 ----------
Layer 0:
	Neuron 0:
		0: 1.55241
		1: 1.93778
	Neuron 1:
		0: 1.81974
		1: 1.41634
Layer 1:
	Neuron 0:
		0: 1.89192
		1: 1.83560
0	expected: 1	found: 0
Initial Loss: 0.00008
---------- Running Epoch 962 ----------
Layer 0:
	Neuron 0:
		0: 1.55341
		1: 1.93878
	Neuron 1:
		0: 1.82074
		1: 1.41734
Layer 1:
	Neuron 0:
		0: 1.89292
		1: 1.83660
0	expected: 1	found: 0
Initial Loss: 0.00008
---------- Running Epoch 963 ----------
Layer 0:
	Neuron 0:
		0: 1.55441
		1: 1.93978
	Neuron 1:
		0: 1.82174
		1: 1.41834
Layer 1:
	Neuron 0:
		0: 1.89392
		1: 1.83760
0	expected: 1	found: 0
Initial Loss: 0.00008
---------- Running Epoch 964 ----------
Layer 0:
	Neuron 0:
		0: 1.55541
		1: 1.94078
	Neuron 1:
		0: 1.82274
		1: 1.41934
Layer 1:
	Neuron 0:
		0: 1.89492
		1: 1.83860
0	expected: 1	found: 0
Initial Loss: 0.00008
---------- Running Epoch 965 ----------
Layer 0:
	Neuron 0:
		0: 1.55641
		1: 1.94178
	Neuron 1:
		0: 1.82374
		1: 1.42034
Layer 1:
	Neuron 0:
		0: 1.89592
		1: 1.83960
0	expected: 1	found: 0
Initial Loss: 0.00008
---------- Running Epoch 966 ----------
Layer 0:
	Neuron 0:
		0: 1.55741
		1: 1.94278
	Neuron 1:
		0: 1.82474
		1: 1.42134
Layer 1:
	Neuron 0:
		0: 1.89692
		1: 1.84060
0	expected: 1	found: 0
Initial Loss: 0.00008
---------- Running Epoch 967 ----------
Layer 0:
	Neuron 0:
		0: 1.55841
		1: 1.94378
	Neuron 1:
		0: 1.82574
		1: 1.42234
Layer 1:
	Neuron 0:
		0: 1.89792
		1: 1.84160
0	expected: 1	found: 0
Initial Loss: 0.00008
---------- Running Epoch 968 ----------
Layer 0:
	Neuron 0:
		0: 1.55941
		1: 1.94478
	Neuron 1:
		0: 1.82674
		1: 1.42334
Layer 1:
	Neuron 0:
		0: 1.89892
		1: 1.84260
0	expected: 1	found: 0
Initial Loss: 0.00008
---------- Running Epoch 969 ----------
Layer 0:
	Neuron 0:
		0: 1.56041
		1: 1.94578
	Neuron 1:
		0: 1.82774
		1: 1.42434
Layer 1:
	Neuron 0:
		0: 1.89992
		1: 1.84360
0	expected: 1	found: 0
Initial Loss: 0.00008
---------- Running Epoch 970 ----------
Layer 0:
	Neuron 0:
		0: 1.56141
		1: 1.94678
	Neuron 1:
		0: 1.82874
		1: 1.42534
Layer 1:
	Neuron 0:
		0: 1.90092
		1: 1.84460
0	expected: 1	found: 0
Initial Loss: 0.00008
---------- Running Epoch 971 ----------
Layer 0:
	Neuron 0:
		0: 1.56241
		1: 1.94778
	Neuron 1:
		0: 1.82974
		1: 1.42634
Layer 1:
	Neuron 0:
		0: 1.90192
		1: 1.84560
0	expected: 1	found: 0
Initial Loss: 0.00008
---------- Running Epoch 972 ----------
Layer 0:
	Neuron 0:
		0: 1.56341
		1: 1.94878
	Neuron 1:
		0: 1.83074
		1: 1.42734
Layer 1:
	Neuron 0:
		0: 1.90292
		1: 1.84660
0	expected: 1	found: 0
Initial Loss: 0.00007
---------- Running Epoch 973 ----------
Layer 0:
	Neuron 0:
		0: 1.56441
		1: 1.94978
	Neuron 1:
		0: 1.83174
		1: 1.42834
Layer 1:
	Neuron 0:
		0: 1.90392
		1: 1.84760
0	expected: 1	found: 0
Initial Loss: 0.00007
---------- Running Epoch 974 ----------
Layer 0:
	Neuron 0:
		0: 1.56541
		1: 1.95078
	Neuron 1:
		0: 1.83274
		1: 1.42934
Layer 1:
	Neuron 0:
		0: 1.90492
		1: 1.84860
0	expected: 1	found: 0
Initial Loss: 0.00007
---------- Running Epoch 975 ----------
Layer 0:
	Neuron 0:
		0: 1.56641
		1: 1.95178
	Neuron 1:
		0: 1.83374
		1: 1.43034
Layer 1:
	Neuron 0:
		0: 1.90592
		1: 1.84960
0	expected: 1	found: 0
Initial Loss: 0.00007
---------- Running Epoch 976 ----------
Layer 0:
	Neuron 0:
		0: 1.56741
		1: 1.95278
	Neuron 1:
		0: 1.83474
		1: 1.43134
Layer 1:
	Neuron 0:
		0: 1.90692
		1: 1.85060
0	expected: 1	found: 0
Initial Loss: 0.00007
---------- Running Epoch 977 ----------
Layer 0:
	Neuron 0:
		0: 1.56841
		1: 1.95378
	Neuron 1:
		0: 1.83574
		1: 1.43234
Layer 1:
	Neuron 0:
		0: 1.90792
		1: 1.85160
0	expected: 1	found: 0
Initial Loss: 0.00007
---------- Running Epoch 978 ----------
Layer 0:
	Neuron 0:
		0: 1.56941
		1: 1.95478
	Neuron 1:
		0: 1.83674
		1: 1.43334
Layer 1:
	Neuron 0:
		0: 1.90892
		1: 1.85260
0	expected: 1	found: 0
Initial Loss: 0.00007
---------- Running Epoch 979 ----------
Layer 0:
	Neuron 0:
		0: 1.57041
		1: 1.95578
	Neuron 1:
		0: 1.83774
		1: 1.43434
Layer 1:
	Neuron 0:
		0: 1.90992
		1: 1.85360
0	expected: 1	found: 0
Initial Loss: 0.00007
---------- Running Epoch 980 ----------
Layer 0:
	Neuron 0:
		0: 1.57141
		1: 1.95678
	Neuron 1:
		0: 1.83874
		1: 1.43534
Layer 1:
	Neuron 0:
		0: 1.91092
		1: 1.85460
0	expected: 1	found: 0
Initial Loss: 0.00007
---------- Running Epoch 981 ----------
Layer 0:
	Neuron 0:
		0: 1.57241
		1: 1.95778
	Neuron 1:
		0: 1.83974
		1: 1.43634
Layer 1:
	Neuron 0:
		0: 1.91192
		1: 1.85560
0	expected: 1	found: 0
Initial Loss: 0.00007
---------- Running Epoch 982 ----------
Layer 0:
	Neuron 0:
		0: 1.57341
		1: 1.95878
	Neuron 1:
		0: 1.84074
		1: 1.43734
Layer 1:
	Neuron 0:
		0: 1.91292
		1: 1.85660
0	expected: 1	found: 0
Initial Loss: 0.00007
---------- Running Epoch 983 ----------
Layer 0:
	Neuron 0:
		0: 1.57441
		1: 1.95978
	Neuron 1:
		0: 1.84174
		1: 1.43834
Layer 1:
	Neuron 0:
		0: 1.91392
		1: 1.85760
0	expected: 1	found: 0
Initial Loss: 0.00007
---------- Running Epoch 984 ----------
Layer 0:
	Neuron 0:
		0: 1.57541
		1: 1.96078
	Neuron 1:
		0: 1.84274
		1: 1.43934
Layer 1:
	Neuron 0:
		0: 1.91492
		1: 1.85860
0	expected: 1	found: 0
Initial Loss: 0.00007
---------- Running Epoch 985 ----------
Layer 0:
	Neuron 0:
		0: 1.57641
		1: 1.96178
	Neuron 1:
		0: 1.84374
		1: 1.44034
Layer 1:
	Neuron 0:
		0: 1.91592
		1: 1.85960
0	expected: 1	found: 0
Initial Loss: 0.00007
---------- Running Epoch 986 ----------
Layer 0:
	Neuron 0:
		0: 1.57741
		1: 1.96278
	Neuron 1:
		0: 1.84474
		1: 1.44134
Layer 1:
	Neuron 0:
		0: 1.91692
		1: 1.86060
0	expected: 1	found: 0
Initial Loss: 0.00007
---------- Running Epoch 987 ----------
Layer 0:
	Neuron 0:
		0: 1.57841
		1: 1.96378
	Neuron 1:
		0: 1.84574
		1: 1.44234
Layer 1:
	Neuron 0:
		0: 1.91792
		1: 1.86160
0	expected: 1	found: 0
Initial Loss: 0.00007
---------- Running Epoch 988 ----------
Layer 0:
	Neuron 0:
		0: 1.57941
		1: 1.96478
	Neuron 1:
		0: 1.84674
		1: 1.44334
Layer 1:
	Neuron 0:
		0: 1.91892
		1: 1.86260
0	expected: 1	found: 0
Initial Loss: 0.00007
---------- Running Epoch 989 ----------
Layer 0:
	Neuron 0:
		0: 1.58041
		1: 1.96578
	Neuron 1:
		0: 1.84774
		1: 1.44434
Layer 1:
	Neuron 0:
		0: 1.91992
		1: 1.86360
0	expected: 1	found: 0
Initial Loss: 0.00007
---------- Running Epoch 990 ----------
Layer 0:
	Neuron 0:
		0: 1.58141
		1: 1.96678
	Neuron 1:
		0: 1.84874
		1: 1.44534
Layer 1:
	Neuron 0:
		0: 1.92092
		1: 1.86460
0	expected: 1	found: 0
Initial Loss: 0.00007
---------- Running Epoch 991 ----------
Layer 0:
	Neuron 0:
		0: 1.58241
		1: 1.96778
	Neuron 1:
		0: 1.84974
		1: 1.44634
Layer 1:
	Neuron 0:
		0: 1.92192
		1: 1.86560
0	expected: 1	found: 0
Initial Loss: 0.00007
---------- Running Epoch 992 ----------
Layer 0:
	Neuron 0:
		0: 1.58341
		1: 1.96878
	Neuron 1:
		0: 1.85074
		1: 1.44734
Layer 1:
	Neuron 0:
		0: 1.92292
		1: 1.86660
0	expected: 1	found: 0
Initial Loss: 0.00007
---------- Running Epoch 993 ----------
Layer 0:
	Neuron 0:
		0: 1.58441
		1: 1.96978
	Neuron 1:
		0: 1.85174
		1: 1.44834
Layer 1:
	Neuron 0:
		0: 1.92392
		1: 1.86760
0	expected: 1	found: 0
Initial Loss: 0.00007
---------- Running Epoch 994 ----------
Layer 0:
	Neuron 0:
		0: 1.58541
		1: 1.97078
	Neuron 1:
		0: 1.85274
		1: 1.44934
Layer 1:
	Neuron 0:
		0: 1.92492
		1: 1.86860
0	expected: 1	found: 0
Initial Loss: 0.00007
---------- Running Epoch 995 ----------
Layer 0:
	Neuron 0:
		0: 1.58641
		1: 1.97178
	Neuron 1:
		0: 1.85374
		1: 1.45034
Layer 1:
	Neuron 0:
		0: 1.92592
		1: 1.86960
0	expected: 1	found: 0
Initial Loss: 0.00007
---------- Running Epoch 996 ----------
Layer 0:
	Neuron 0:
		0: 1.58741
		1: 1.97278
	Neuron 1:
		0: 1.85474
		1: 1.45134
Layer 1:
	Neuron 0:
		0: 1.92692
		1: 1.87060
0	expected: 1	found: 0
Initial Loss: 0.00007
---------- Running Epoch 997 ----------
Layer 0:
	Neuron 0:
		0: 1.58841
		1: 1.97378
	Neuron 1:
		0: 1.85574
		1: 1.45234
Layer 1:
	Neuron 0:
		0: 1.92792
		1: 1.87160
0	expected: 1	found: 0
Initial Loss: 0.00007
---------- Running Epoch 998 ----------
Layer 0:
	Neuron 0:
		0: 1.58941
		1: 1.97478
	Neuron 1:
		0: 1.85674
		1: 1.45334
Layer 1:
	Neuron 0:
		0: 1.92892
		1: 1.87260
0	expected: 1	found: 0
Initial Loss: 0.00007
---------- Running Epoch 999 ----------
Layer 0:
	Neuron 0:
		0: 1.59041
		1: 1.97578
	Neuron 1:
		0: 1.85774
		1: 1.45434
Layer 1:
	Neuron 0:
		0: 1.92992
		1: 1.87360
0	expected: 1	found: 0
Initial Loss: 0.00007
